Initialized native services in: /home/runner/.gradle/native
Initialized jansi services in: /home/runner/.gradle/native

Welcome to Gradle 8.2.1!

Here are the highlights of this release:
 - Kotlin DSL: new reference documentation, assignment syntax by default
 - Kotlin DSL is now the default with Gradle init
 - Improved suggestions to resolve errors in console output
 - Reduced sync memory consumption

For more details see https://docs.gradle.org/8.2.1/release-notes.html

Received JVM installation metadata from '/usr/lib/jvm/temurin-17-jdk-amd64': {JAVA_HOME=/usr/lib/jvm/temurin-17-jdk-amd64, JAVA_VERSION=17.0.19, JAVA_VENDOR=Eclipse Adoptium, RUNTIME_NAME=OpenJDK Runtime Environment, RUNTIME_VERSION=17.0.19+10, VM_NAME=OpenJDK 64-Bit Server VM, VM_VERSION=17.0.19+10, VM_VENDOR=Eclipse Adoptium, OS_ARCH=amd64}
Removing 0 daemon stop events from registry
Starting a Gradle Daemon (subsequent builds will be faster)
Starting process 'Gradle build daemon'. Working directory: /home/runner/.gradle/daemon/8.2.1 Command: /usr/lib/jvm/temurin-17-jdk-amd64/bin/java --add-opens=java.base/java.util=ALL-UNNAMED --add-opens=java.base/java.lang=ALL-UNNAMED --add-opens=java.base/java.lang.invoke=ALL-UNNAMED --add-opens=java.prefs/java.util.prefs=ALL-UNNAMED --add-opens=java.base/java.nio.charset=ALL-UNNAMED --add-opens=java.base/java.net=ALL-UNNAMED --add-opens=java.base/java.util.concurrent.atomic=ALL-UNNAMED -XX:MaxMetaspaceSize=384m -XX:+HeapDumpOnOutOfMemoryError -Xms256m -Xmx512m -Dfile.encoding=UTF-8 -Duser.country -Duser.language=en -Duser.variant -cp /home/runner/work/_temp/.gradle-actions/gradle-installations/installs/gradle-8.2.1/lib/gradle-launcher-8.2.1.jar -javaagent:/home/runner/work/_temp/.gradle-actions/gradle-installations/installs/gradle-8.2.1/lib/agents/gradle-instrumentation-agent-8.2.1.jar org.gradle.launcher.daemon.bootstrap.GradleDaemon 8.2.1
Successfully started process 'Gradle build daemon'
An attempt to start the daemon took 1.166 secs.
The client will now receive all logging from the daemon (pid: 2832). The daemon log file: /home/runner/.gradle/daemon/8.2.1/daemon-2832.out.log
Starting build in new daemon [memory: 512 MiB]
Closing daemon's stdin at end of input.
The daemon will no longer process any standard input.
Using 4 worker leases.
Received JVM installation metadata from '/usr/lib/jvm/temurin-17-jdk-amd64': {JAVA_HOME=/usr/lib/jvm/temurin-17-jdk-amd64, JAVA_VERSION=17.0.19, JAVA_VENDOR=Eclipse Adoptium, RUNTIME_NAME=OpenJDK Runtime Environment, RUNTIME_VERSION=17.0.19+10, VM_NAME=OpenJDK 64-Bit Server VM, VM_VERSION=17.0.19+10, VM_VENDOR=Eclipse Adoptium, OS_ARCH=amd64}
Watching the file system is configured to be enabled if available
Now considering [/home/runner/work/echoSystem-native2/echoSystem-native2] as hierarchies to watch
File system watching is active
Compiling initialization script '/home/runner/.gradle/init.d/gradle-actions.build-result-capture.init.gradle' using SubsetScriptTransformer.
Compiling initialization script '/home/runner/.gradle/init.d/gradle-actions.build-result-capture.init.gradle' using BuildScriptTransformer.
Compiling script '/home/runner/.gradle/init.d/gradle-actions.build-result-capture-service.plugin.groovy' using SubsetScriptTransformer.
Compiling script '/home/runner/.gradle/init.d/gradle-actions.build-result-capture-service.plugin.groovy' using BuildScriptTransformer.
Compiling initialization script '/home/runner/.gradle/init.d/gradle-actions.github-dependency-graph.init.gradle' using SubsetScriptTransformer.
Compiling initialization script '/home/runner/.gradle/init.d/gradle-actions.github-dependency-graph.init.gradle' using BuildScriptTransformer.
Compiling initialization script '/home/runner/.gradle/init.d/gradle-actions.inject-develocity.init.gradle' using SubsetScriptTransformer.
Compiling initialization script '/home/runner/.gradle/init.d/gradle-actions.inject-develocity.init.gradle' using BuildScriptTransformer.
Starting Build
Compiling settings file '/home/runner/work/echoSystem-native2/echoSystem-native2/settings.gradle' using SubsetScriptTransformer.
Compiling settings file '/home/runner/work/echoSystem-native2/echoSystem-native2/settings.gradle' using BuildScriptTransformer.
Settings evaluated using settings file '/home/runner/work/echoSystem-native2/echoSystem-native2/settings.gradle'.
Projects loaded. Root project using build file '/home/runner/work/echoSystem-native2/echoSystem-native2/build.gradle'.
Included projects: [root project 'LocalShare', project ':app']

> Configure project :
Evaluating root project 'LocalShare' using build file '/home/runner/work/echoSystem-native2/echoSystem-native2/build.gradle'.
Compiling build file '/home/runner/work/echoSystem-native2/echoSystem-native2/build.gradle' using SubsetScriptTransformer.
The configuration detachedConfiguration1 is both resolvable and consumable. This is considered a legacy configuration and it will eventually only be possible to be one of these.
The configuration detachedConfiguration1 is both consumable and declarable. This combination is incorrect, only one of these flags should be set.
The configuration detachedConfiguration1 is both resolvable and consumable. This is considered a legacy configuration and it will eventually only be possible to be one of these.
The configuration detachedConfiguration1 is both consumable and declarable. This combination is incorrect, only one of these flags should be set.
Downloading https://dl.google.com/dl/android/maven2/com/android/application/com.android.application.gradle.plugin/8.1.2/com.android.application.gradle.plugin-8.1.2.pom to /home/runner/.gradle/.tmp/gradle_download6408497432066868147bin
The configuration detachedConfiguration2 is both resolvable and consumable. This is considered a legacy configuration and it will eventually only be possible to be one of these.
The configuration detachedConfiguration2 is both consumable and declarable. This combination is incorrect, only one of these flags should be set.
The configuration detachedConfiguration2 is both resolvable and consumable. This is considered a legacy configuration and it will eventually only be possible to be one of these.
The configuration detachedConfiguration2 is both consumable and declarable. This combination is incorrect, only one of these flags should be set.
Downloading https://dl.google.com/dl/android/maven2/com/android/library/com.android.library.gradle.plugin/8.1.2/com.android.library.gradle.plugin-8.1.2.pom to /home/runner/.gradle/.tmp/gradle_download10779786190855002118bin
The configuration detachedConfiguration3 is both resolvable and consumable. This is considered a legacy configuration and it will eventually only be possible to be one of these.
The configuration detachedConfiguration3 is both consumable and declarable. This combination is incorrect, only one of these flags should be set.
The configuration detachedConfiguration3 is both resolvable and consumable. This is considered a legacy configuration and it will eventually only be possible to be one of these.
The configuration detachedConfiguration3 is both consumable and declarable. This combination is incorrect, only one of these flags should be set.
Resource missing. [HTTP GET: https://dl.google.com/dl/android/maven2/org/jetbrains/kotlin/android/org.jetbrains.kotlin.android.gradle.plugin/1.9.22/org.jetbrains.kotlin.android.gradle.plugin-1.9.22.pom]
Downloading https://repo.maven.apache.org/maven2/org/jetbrains/kotlin/android/org.jetbrains.kotlin.android.gradle.plugin/1.9.22/org.jetbrains.kotlin.android.gradle.plugin-1.9.22.pom to /home/runner/.gradle/.tmp/gradle_download1299644758624554799bin
The configuration detachedConfiguration4 is both resolvable and consumable. This is considered a legacy configuration and it will eventually only be possible to be one of these.
The configuration detachedConfiguration4 is both consumable and declarable. This combination is incorrect, only one of these flags should be set.
The configuration detachedConfiguration4 is both resolvable and consumable. This is considered a legacy configuration and it will eventually only be possible to be one of these.
The configuration detachedConfiguration4 is both consumable and declarable. This combination is incorrect, only one of these flags should be set.
Resource missing. [HTTP GET: https://dl.google.com/dl/android/maven2/org/jetbrains/kotlin/plugin/serialization/org.jetbrains.kotlin.plugin.serialization.gradle.plugin/1.9.22/org.jetbrains.kotlin.plugin.serialization.gradle.plugin-1.9.22.pom]
Downloading https://repo.maven.apache.org/maven2/org/jetbrains/kotlin/plugin/serialization/org.jetbrains.kotlin.plugin.serialization.gradle.plugin/1.9.22/org.jetbrains.kotlin.plugin.serialization.gradle.plugin-1.9.22.pom to /home/runner/.gradle/.tmp/gradle_download10513177832382298929bin
The configuration detachedConfiguration5 is both resolvable and consumable. This is considered a legacy configuration and it will eventually only be possible to be one of these.
The configuration detachedConfiguration5 is both consumable and declarable. This combination is incorrect, only one of these flags should be set.
The configuration detachedConfiguration5 is both resolvable and consumable. This is considered a legacy configuration and it will eventually only be possible to be one of these.
The configuration detachedConfiguration5 is both consumable and declarable. This combination is incorrect, only one of these flags should be set.
Resource missing. [HTTP GET: https://dl.google.com/dl/android/maven2/com/google/dagger/hilt/android/com.google.dagger.hilt.android.gradle.plugin/2.50/com.google.dagger.hilt.android.gradle.plugin-2.50.pom]
Downloading https://repo.maven.apache.org/maven2/com/google/dagger/hilt/android/com.google.dagger.hilt.android.gradle.plugin/2.50/com.google.dagger.hilt.android.gradle.plugin-2.50.pom to /home/runner/.gradle/.tmp/gradle_download3803438934143546302bin
Resource missing. [HTTP GET: https://dl.google.com/dl/android/maven2/org/sonatype/oss/oss-parent/7/oss-parent-7.pom]
Downloading https://repo.maven.apache.org/maven2/org/sonatype/oss/oss-parent/7/oss-parent-7.pom to /home/runner/.gradle/.tmp/gradle_download12060817234321045611bin
The configuration :classpath is both resolvable and consumable. This is considered a legacy configuration and it will eventually only be possible to be one of these.
The configuration :classpath is both consumable and declarable. This combination is incorrect, only one of these flags should be set.
The configuration :classpath is both resolvable and consumable. This is considered a legacy configuration and it will eventually only be possible to be one of these.
The configuration :classpath is both consumable and declarable. This combination is incorrect, only one of these flags should be set.
Downloading https://dl.google.com/dl/android/maven2/com/android/tools/build/gradle/8.1.2/gradle-8.1.2.pom to /home/runner/.gradle/.tmp/gradle_download12537686030785748260bin
Downloading https://dl.google.com/dl/android/maven2/com/android/tools/build/gradle/8.1.2/gradle-8.1.2.module to /home/runner/.gradle/.tmp/gradle_download15802489811583141140bin
Resource missing. [HTTP GET: https://dl.google.com/dl/android/maven2/org/jetbrains/kotlin/kotlin-gradle-plugin/1.9.22/kotlin-gradle-plugin-1.9.22.pom]
Downloading https://repo.maven.apache.org/maven2/org/jetbrains/kotlin/kotlin-gradle-plugin/1.9.22/kotlin-gradle-plugin-1.9.22.pom to /home/runner/.gradle/.tmp/gradle_download9619606912079151939bin
Resource missing. [HTTP GET: https://dl.google.com/dl/android/maven2/org/jetbrains/kotlin/kotlin-gradle-plugins-bom/1.9.22/kotlin-gradle-plugins-bom-1.9.22.pom]
Downloading https://repo.maven.apache.org/maven2/org/jetbrains/kotlin/kotlin-gradle-plugins-bom/1.9.22/kotlin-gradle-plugins-bom-1.9.22.pom to /home/runner/.gradle/.tmp/gradle_download18358693526702487324bin
Downloading https://repo.maven.apache.org/maven2/org/jetbrains/kotlin/kotlin-gradle-plugins-bom/1.9.22/kotlin-gradle-plugins-bom-1.9.22.module to /home/runner/.gradle/.tmp/gradle_download14296452794065162550bin
Downloading https://repo.maven.apache.org/maven2/org/jetbrains/kotlin/kotlin-gradle-plugin/1.9.22/kotlin-gradle-plugin-1.9.22.module to /home/runner/.gradle/.tmp/gradle_download4167209268227497447bin
Resource missing. [HTTP GET: https://dl.google.com/dl/android/maven2/org/jetbrains/kotlin/kotlin-serialization/1.9.22/kotlin-serialization-1.9.22.pom]
Downloading https://repo.maven.apache.org/maven2/org/jetbrains/kotlin/kotlin-serialization/1.9.22/kotlin-serialization-1.9.22.pom to /home/runner/.gradle/.tmp/gradle_download9750651657527109276bin
Downloading https://repo.maven.apache.org/maven2/org/jetbrains/kotlin/kotlin-serialization/1.9.22/kotlin-serialization-1.9.22.module to /home/runner/.gradle/.tmp/gradle_download15213087215125763253bin
Resource missing. [HTTP GET: https://dl.google.com/dl/android/maven2/com/google/dagger/hilt-android-gradle-plugin/2.50/hilt-android-gradle-plugin-2.50.pom]
Downloading https://repo.maven.apache.org/maven2/com/google/dagger/hilt-android-gradle-plugin/2.50/hilt-android-gradle-plugin-2.50.pom to /home/runner/.gradle/.tmp/gradle_download6002039516518346744bin
Resource missing. [HTTP GET: https://dl.google.com/dl/android/maven2/org/jetbrains/kotlin/kotlin-bom/1.9.20/kotlin-bom-1.9.20.pom]
Downloading https://repo.maven.apache.org/maven2/org/jetbrains/kotlin/kotlin-bom/1.9.20/kotlin-bom-1.9.20.pom to /home/runner/.gradle/.tmp/gradle_download4127033811313032391bin
Downloading https://dl.google.com/dl/android/maven2/com/android/tools/repository/31.1.2/repository-31.1.2.pom to /home/runner/.gradle/.tmp/gradle_download15331619303764174060bin
Downloading https://dl.google.com/dl/android/maven2/com/android/tools/build/gradle-settings-api/8.1.2/gradle-settings-api-8.1.2.pom to /home/runner/.gradle/.tmp/gradle_download17912046920021070991bin
Downloading https://dl.google.com/dl/android/maven2/com/android/tools/build/gradle-settings-api/8.1.2/gradle-settings-api-8.1.2.module to /home/runner/.gradle/.tmp/gradle_download5073279664165199908bin
Downloading https://dl.google.com/dl/android/maven2/com/android/tools/sdk-common/31.1.2/sdk-common-31.1.2.pom to /home/runner/.gradle/.tmp/gradle_download17159158533775598031bin
Downloading https://dl.google.com/dl/android/maven2/com/android/tools/sdklib/31.1.2/sdklib-31.1.2.pom to /home/runner/.gradle/.tmp/gradle_download9968092379044387197bin
Downloading https://dl.google.com/dl/android/maven2/com/android/tools/ddms/ddmlib/31.1.2/ddmlib-31.1.2.pom to /home/runner/.gradle/.tmp/gradle_download14585567330487252554bin
Downloading https://dl.google.com/dl/android/maven2/com/android/tools/analytics-library/crash/31.1.2/crash-31.1.2.pom to /home/runner/.gradle/.tmp/gradle_download7078912389345488520bin
Downloading https://dl.google.com/dl/android/maven2/com/android/tools/analytics-library/shared/31.1.2/shared-31.1.2.pom to /home/runner/.gradle/.tmp/gradle_download4357415740789695911bin
Downloading https://dl.google.com/dl/android/maven2/com/android/tools/build/aaptcompiler/8.1.2/aaptcompiler-8.1.2.pom to /home/runner/.gradle/.tmp/gradle_download14430319491902211098bin
Downloading https://dl.google.com/dl/android/maven2/com/android/tools/lint/lint-model/31.1.2/lint-model-31.1.2.pom to /home/runner/.gradle/.tmp/gradle_download12382158008846258296bin
Downloading https://dl.google.com/dl/android/maven2/com/android/tools/build/aapt2-proto/8.1.2-10154469/aapt2-proto-8.1.2-10154469.pom to /home/runner/.gradle/.tmp/gradle_download7681116997421051001bin
Downloading https://dl.google.com/dl/android/maven2/androidx/databinding/databinding-compiler-common/8.1.2/databinding-compiler-common-8.1.2.pom to /home/runner/.gradle/.tmp/gradle_download14060337182227043577bin
Downloading https://dl.google.com/dl/android/maven2/androidx/databinding/databinding-common/8.1.2/databinding-common-8.1.2.pom to /home/runner/.gradle/.tmp/gradle_download11178444000679544988bin
Downloading https://dl.google.com/dl/android/maven2/com/android/tools/build/aaptcompiler/8.1.2/aaptcompiler-8.1.2.module to /home/runner/.gradle/.tmp/gradle_download16683980982181511264bin
Downloading https://dl.google.com/dl/android/maven2/com/android/tools/lint/lint-typedef-remover/31.1.2/lint-typedef-remover-31.1.2.pom to /home/runner/.gradle/.tmp/gradle_download2409561427569881562bin
Downloading https://dl.google.com/dl/android/maven2/com/android/databinding/baseLibrary/8.1.2/baseLibrary-8.1.2.pom to /home/runner/.gradle/.tmp/gradle_download10188857039981040740bin
Downloading https://dl.google.com/dl/android/maven2/com/android/tools/build/builder-test-api/8.1.2/builder-test-api-8.1.2.pom to /home/runner/.gradle/.tmp/gradle_download11684280289459669021bin
Downloading https://dl.google.com/dl/android/maven2/com/android/tools/build/aapt2-proto/8.1.2-10154469/aapt2-proto-8.1.2-10154469.module to /home/runner/.gradle/.tmp/gradle_download11265856501721540135bin
Downloading https://dl.google.com/dl/android/maven2/com/android/tools/build/builder-test-api/8.1.2/builder-test-api-8.1.2.module to /home/runner/.gradle/.tmp/gradle_download13546498519000724446bin
Downloading https://dl.google.com/dl/android/maven2/com/android/tools/layoutlib/layoutlib-api/31.1.2/layoutlib-api-31.1.2.pom to /home/runner/.gradle/.tmp/gradle_download1482387803165908643bin
Downloading https://dl.google.com/dl/android/maven2/com/android/tools/utp/android-device-provider-ddmlib-proto/31.1.2/android-device-provider-ddmlib-proto-31.1.2.pom to /home/runner/.gradle/.tmp/gradle_download417700990167941246bin
Downloading https://dl.google.com/dl/android/maven2/com/android/tools/utp/android-test-plugin-host-emulator-control-proto/31.1.2/android-test-plugin-host-emulator-control-proto-31.1.2.pom to /home/runner/.gradle/.tmp/gradle_download16768320545020078525bin
Downloading https://dl.google.com/dl/android/maven2/com/android/tools/utp/android-test-plugin-host-additional-test-output-proto/31.1.2/android-test-plugin-host-additional-test-output-proto-31.1.2.pom to /home/runner/.gradle/.tmp/gradle_download17209058781502671703bin
Downloading https://dl.google.com/dl/android/maven2/com/android/tools/utp/android-device-provider-gradle-proto/31.1.2/android-device-provider-gradle-proto-31.1.2.pom to /home/runner/.gradle/.tmp/gradle_download11786786159689189669bin
Downloading https://dl.google.com/dl/android/maven2/com/android/tools/utp/android-test-plugin-host-apk-installer-proto/31.1.2/android-test-plugin-host-apk-installer-proto-31.1.2.pom to /home/runner/.gradle/.tmp/gradle_download18071245362445557845bin
Downloading https://dl.google.com/dl/android/maven2/com/android/tools/utp/android-test-plugin-host-coverage-proto/31.1.2/android-test-plugin-host-coverage-proto-31.1.2.pom to /home/runner/.gradle/.tmp/gradle_download15391749377032882422bin
Resource missing. [HTTP GET: https://dl.google.com/dl/android/maven2/org/jetbrains/kotlin/kotlin-stdlib-jdk8/1.8.20-RC2/kotlin-stdlib-jdk8-1.8.20-RC2.pom]
Downloading https://dl.google.com/dl/android/maven2/com/android/tools/utp/android-test-plugin-host-logcat-proto/31.1.2/android-test-plugin-host-logcat-proto-31.1.2.pom to /home/runner/.gradle/.tmp/gradle_download2273394412796929605bin
Downloading https://dl.google.com/dl/android/maven2/com/android/tools/utp/android-test-plugin-host-retention-proto/31.1.2/android-test-plugin-host-retention-proto-31.1.2.pom to /home/runner/.gradle/.tmp/gradle_download2965549596631385779bin
Downloading https://repo.maven.apache.org/maven2/org/jetbrains/kotlin/kotlin-stdlib-jdk8/1.8.20-RC2/kotlin-stdlib-jdk8-1.8.20-RC2.pom to /home/runner/.gradle/.tmp/gradle_download16844124723558199664bin
Downloading https://dl.google.com/dl/android/maven2/com/android/tools/build/transform-api/2.0.0-deprecated-use-gradle-api/transform-api-2.0.0-deprecated-use-gradle-api.pom to /home/runner/.gradle/.tmp/gradle_download8812487530918727694bin
Resource missing. [HTTP GET: https://dl.google.com/dl/android/maven2/org/apache/httpcomponents/httpmime/4.5.6/httpmime-4.5.6.pom]
Resource missing. [HTTP GET: https://dl.google.com/dl/android/maven2/commons-io/commons-io/2.4/commons-io-2.4.pom]
Downloading https://repo.maven.apache.org/maven2/org/apache/httpcomponents/httpmime/4.5.6/httpmime-4.5.6.pom to /home/runner/.gradle/.tmp/gradle_download10478512731805283bin
Resource missing. [HTTP GET: https://dl.google.com/dl/android/maven2/org/ow2/asm/asm/9.2/asm-9.2.pom]
Downloading https://repo.maven.apache.org/maven2/org/ow2/asm/asm/9.2/asm-9.2.pom to /home/runner/.gradle/.tmp/gradle_download12524998047703954862bin
Downloading https://repo.maven.apache.org/maven2/commons-io/commons-io/2.4/commons-io-2.4.pom to /home/runner/.gradle/.tmp/gradle_download7044717327322957296bin
Resource missing. [HTTP GET: https://dl.google.com/dl/android/maven2/org/apache/httpcomponents/httpcomponents-client/4.5.6/httpcomponents-client-4.5.6.pom]
Downloading https://dl.google.com/dl/android/maven2/com/android/tools/utp/android-test-plugin-result-listener-gradle-proto/31.1.2/android-test-plugin-result-listener-gradle-proto-31.1.2.pom to /home/runner/.gradle/.tmp/gradle_download17599217583846935031bin
Resource missing. [HTTP GET: https://dl.google.com/dl/android/maven2/org/ow2/ow2/1.5/ow2-1.5.pom]
Resource missing. [HTTP GET: https://dl.google.com/dl/android/maven2/org/apache/commons/commons-parent/25/commons-parent-25.pom]
Downloading https://repo.maven.apache.org/maven2/org/apache/httpcomponents/httpcomponents-client/4.5.6/httpcomponents-client-4.5.6.pom to /home/runner/.gradle/.tmp/gradle_download6088130033501153411bin
Resource missing. [HTTP GET: https://dl.google.com/dl/android/maven2/org/ow2/asm/asm-analysis/9.2/asm-analysis-9.2.pom]
Downloading https://repo.maven.apache.org/maven2/org/ow2/asm/asm-analysis/9.2/asm-analysis-9.2.pom to /home/runner/.gradle/.tmp/gradle_download5881323382888161154bin
Resource missing. [HTTP GET: https://dl.google.com/dl/android/maven2/org/apache/httpcomponents/httpcomponents-parent/10/httpcomponents-parent-10.pom]
Downloading https://repo.maven.apache.org/maven2/org/ow2/ow2/1.5/ow2-1.5.pom to /home/runner/.gradle/.tmp/gradle_download1931811780815805097bin
Downloading https://repo.maven.apache.org/maven2/org/apache/commons/commons-parent/25/commons-parent-25.pom to /home/runner/.gradle/.tmp/gradle_download2644166508380184406bin
Downloading https://repo.maven.apache.org/maven2/org/apache/httpcomponents/httpcomponents-parent/10/httpcomponents-parent-10.pom to /home/runner/.gradle/.tmp/gradle_download10994221456437650661bin
Resource missing. [HTTP GET: https://dl.google.com/dl/android/maven2/org/ow2/asm/asm-commons/9.2/asm-commons-9.2.pom]
Resource missing. [HTTP GET: https://dl.google.com/dl/android/maven2/org/ow2/asm/asm-util/9.2/asm-util-9.2.pom]
Downloading https://repo.maven.apache.org/maven2/org/ow2/asm/asm-commons/9.2/asm-commons-9.2.pom to /home/runner/.gradle/.tmp/gradle_download629687500792131418bin
Resource missing. [HTTP GET: https://dl.google.com/dl/android/maven2/org/apache/apache/18/apache-18.pom]
Resource missing. [HTTP GET: https://dl.google.com/dl/android/maven2/org/apache/apache/9/apache-9.pom]
Downloading https://repo.maven.apache.org/maven2/org/ow2/asm/asm-util/9.2/asm-util-9.2.pom to /home/runner/.gradle/.tmp/gradle_download12720682200068958143bin
Downloading https://repo.maven.apache.org/maven2/org/apache/apache/18/apache-18.pom to /home/runner/.gradle/.tmp/gradle_download14824978411362575047bin
Downloading https://repo.maven.apache.org/maven2/org/apache/apache/9/apache-9.pom to /home/runner/.gradle/.tmp/gradle_download6671252210523710062bin
Resource missing. [HTTP GET: https://dl.google.com/dl/android/maven2/org/bouncycastle/bcpkix-jdk15on/1.67/bcpkix-jdk15on-1.67.pom]
Resource missing. [HTTP GET: https://dl.google.com/dl/android/maven2/org/glassfish/jaxb/jaxb-runtime/2.3.2/jaxb-runtime-2.3.2.pom]
Downloading https://repo.maven.apache.org/maven2/org/glassfish/jaxb/jaxb-runtime/2.3.2/jaxb-runtime-2.3.2.pom to /home/runner/.gradle/.tmp/gradle_download2558341367618077396bin
Downloading https://repo.maven.apache.org/maven2/org/bouncycastle/bcpkix-jdk15on/1.67/bcpkix-jdk15on-1.67.pom to /home/runner/.gradle/.tmp/gradle_download10672110246092217491bin
Resource missing. [HTTP GET: https://dl.google.com/dl/android/maven2/net/sf/jopt-simple/jopt-simple/4.9/jopt-simple-4.9.pom]
Resource missing. [HTTP GET: https://dl.google.com/dl/android/maven2/com/sun/xml/bind/mvn/jaxb-runtime-parent/2.3.2/jaxb-runtime-parent-2.3.2.pom]
Downloading https://dl.google.com/dl/android/maven2/com/android/tools/build/bundletool/1.14.0/bundletool-1.14.0.pom to /home/runner/.gradle/.tmp/gradle_download4479098651349006190bin
Downloading https://dl.google.com/dl/android/maven2/com/android/tools/build/jetifier/jetifier-core/1.0.0-beta10/jetifier-core-1.0.0-beta10.pom to /home/runner/.gradle/.tmp/gradle_download13327885749354878267bin
Downloading https://repo.maven.apache.org/maven2/com/sun/xml/bind/mvn/jaxb-runtime-parent/2.3.2/jaxb-runtime-parent-2.3.2.pom to /home/runner/.gradle/.tmp/gradle_download11027897467130419208bin
Downloading https://repo.maven.apache.org/maven2/net/sf/jopt-simple/jopt-simple/4.9/jopt-simple-4.9.pom to /home/runner/.gradle/.tmp/gradle_download1778382748755825913bin
Downloading https://dl.google.com/dl/android/maven2/com/android/tools/build/jetifier/jetifier-processor/1.0.0-beta10/jetifier-processor-1.0.0-beta10.pom to /home/runner/.gradle/.tmp/gradle_download2595093129550640763bin
Downloading https://dl.google.com/dl/android/maven2/com/android/tools/build/jetifier/jetifier-core/1.0.0-beta10/jetifier-core-1.0.0-beta10.module to /home/runner/.gradle/.tmp/gradle_download7374204577148287235bin
Resource missing. [HTTP GET: https://dl.google.com/dl/android/maven2/com/sun/xml/bind/mvn/jaxb-parent/2.3.2/jaxb-parent-2.3.2.pom]
Downloading https://dl.google.com/dl/android/maven2/com/android/tools/build/jetifier/jetifier-processor/1.0.0-beta10/jetifier-processor-1.0.0-beta10.module to /home/runner/.gradle/.tmp/gradle_download1745730309362909485bin
Resource missing. [HTTP GET: https://dl.google.com/dl/android/maven2/com/google/protobuf/protobuf-java/3.19.3/protobuf-java-3.19.3.pom]
Resource missing. [HTTP GET: https://dl.google.com/dl/android/maven2/com/squareup/javapoet/1.10.0/javapoet-1.10.0.pom]
Resource missing. [HTTP GET: https://dl.google.com/dl/android/maven2/com/google/protobuf/protobuf-java-util/3.19.3/protobuf-java-util-3.19.3.pom]
Downloading https://repo.maven.apache.org/maven2/com/google/protobuf/protobuf-java/3.19.3/protobuf-java-3.19.3.pom to /home/runner/.gradle/.tmp/gradle_download8853016869257198358bin
Downloading https://repo.maven.apache.org/maven2/com/sun/xml/bind/mvn/jaxb-parent/2.3.2/jaxb-parent-2.3.2.pom to /home/runner/.gradle/.tmp/gradle_download7319397530675093520bin
Downloading https://repo.maven.apache.org/maven2/com/squareup/javapoet/1.10.0/javapoet-1.10.0.pom to /home/runner/.gradle/.tmp/gradle_download13886604840686348287bin
Resource missing. [HTTP GET: https://dl.google.com/dl/android/maven2/com/google/protobuf/protobuf-parent/3.19.3/protobuf-parent-3.19.3.pom]
Downloading https://repo.maven.apache.org/maven2/com/google/protobuf/protobuf-java-util/3.19.3/protobuf-java-util-3.19.3.pom to /home/runner/.gradle/.tmp/gradle_download8727922163278644147bin
Resource missing. [HTTP GET: https://dl.google.com/dl/android/maven2/com/sun/xml/bind/jaxb-bom-ext/2.3.2/jaxb-bom-ext-2.3.2.pom]
Resource missing. [HTTP GET: https://dl.google.com/dl/android/maven2/com/google/code/gson/gson/2.8.6/gson-2.8.6.pom]
Downloading https://repo.maven.apache.org/maven2/com/google/protobuf/protobuf-parent/3.19.3/protobuf-parent-3.19.3.pom to /home/runner/.gradle/.tmp/gradle_download125756664406468900bin
Downloading https://repo.maven.apache.org/maven2/com/sun/xml/bind/jaxb-bom-ext/2.3.2/jaxb-bom-ext-2.3.2.pom to /home/runner/.gradle/.tmp/gradle_download17368421072286303729bin
Downloading https://repo.maven.apache.org/maven2/com/google/code/gson/gson/2.8.6/gson-2.8.6.pom to /home/runner/.gradle/.tmp/gradle_download1890486077832824503bin
Resource missing. [HTTP GET: https://dl.google.com/dl/android/maven2/org/glassfish/jaxb/jaxb-bom/2.3.2/jaxb-bom-2.3.2.pom]
Resource missing. [HTTP GET: https://dl.google.com/dl/android/maven2/com/google/protobuf/protobuf-bom/3.19.3/protobuf-bom-3.19.3.pom]
Resource missing. [HTTP GET: https://dl.google.com/dl/android/maven2/com/google/code/gson/gson-parent/2.8.6/gson-parent-2.8.6.pom]
Resource missing. [HTTP GET: https://dl.google.com/dl/android/maven2/com/google/protobuf/protobuf-bom/3.19.3/protobuf-bom-3.19.3.pom]
Downloading https://repo.maven.apache.org/maven2/com/google/protobuf/protobuf-bom/3.19.3/protobuf-bom-3.19.3.pom to /home/runner/.gradle/.tmp/gradle_download8625684491471134063bin
Downloading https://repo.maven.apache.org/maven2/org/glassfish/jaxb/jaxb-bom/2.3.2/jaxb-bom-2.3.2.pom to /home/runner/.gradle/.tmp/gradle_download9913118696699163197bin
Downloading https://repo.maven.apache.org/maven2/com/google/code/gson/gson-parent/2.8.6/gson-parent-2.8.6.pom to /home/runner/.gradle/.tmp/gradle_download3947720890786154470bin
Resource missing. [HTTP GET: https://dl.google.com/dl/android/maven2/org/eclipse/ee4j/project/1.0.5/project-1.0.5.pom]
Resource missing. [HTTP GET: https://dl.google.com/dl/android/maven2/io/grpc/grpc-core/1.45.1/grpc-core-1.45.1.pom]
Resource missing. [HTTP GET: https://dl.google.com/dl/android/maven2/io/grpc/grpc-netty/1.45.1/grpc-netty-1.45.1.pom]
Resource missing. [HTTP GET: https://dl.google.com/dl/android/maven2/io/grpc/grpc-protobuf/1.45.1/grpc-protobuf-1.45.1.pom]
Downloading https://repo.maven.apache.org/maven2/org/eclipse/ee4j/project/1.0.5/project-1.0.5.pom to /home/runner/.gradle/.tmp/gradle_download17854306352030471937bin
Downloading https://repo.maven.apache.org/maven2/io/grpc/grpc-core/1.45.1/grpc-core-1.45.1.pom to /home/runner/.gradle/.tmp/gradle_download12387378876408428459bin
Downloading https://repo.maven.apache.org/maven2/io/grpc/grpc-protobuf/1.45.1/grpc-protobuf-1.45.1.pom to /home/runner/.gradle/.tmp/gradle_download13308251664692371015bin
Downloading https://repo.maven.apache.org/maven2/io/grpc/grpc-netty/1.45.1/grpc-netty-1.45.1.pom to /home/runner/.gradle/.tmp/gradle_download17754804264113365106bin
Resource missing. [HTTP GET: https://dl.google.com/dl/android/maven2/io/grpc/grpc-stub/1.45.1/grpc-stub-1.45.1.pom]
Resource missing. [HTTP GET: https://dl.google.com/dl/android/maven2/com/google/crypto/tink/tink/1.7.0/tink-1.7.0.pom]
Downloading https://dl.google.com/dl/android/maven2/com/google/testing/platform/core-proto/0.0.8-alpha08/core-proto-0.0.8-alpha08.pom to /home/runner/.gradle/.tmp/gradle_download2156364952549550826bin
Downloading https://repo.maven.apache.org/maven2/io/grpc/grpc-stub/1.45.1/grpc-stub-1.45.1.pom to /home/runner/.gradle/.tmp/gradle_download14974347176620026608bin
Downloading https://repo.maven.apache.org/maven2/com/google/crypto/tink/tink/1.7.0/tink-1.7.0.pom to /home/runner/.gradle/.tmp/gradle_download8536852198568943984bin
Resource missing. [HTTP GET: https://dl.google.com/dl/android/maven2/com/google/flatbuffers/flatbuffers-java/1.12.0/flatbuffers-java-1.12.0.pom]
Resource missing. [HTTP GET: https://dl.google.com/dl/android/maven2/org/tensorflow/tensorflow-lite-metadata/0.1.0-rc2/tensorflow-lite-metadata-0.1.0-rc2.pom]
Downloading https://repo.maven.apache.org/maven2/com/google/flatbuffers/flatbuffers-java/1.12.0/flatbuffers-java-1.12.0.pom to /home/runner/.gradle/.tmp/gradle_download9825299992707587015bin
Downloading https://dl.google.com/dl/android/maven2/com/android/tools/build/builder-model/8.1.2/builder-model-8.1.2.pom to /home/runner/.gradle/.tmp/gradle_download2865185650907065920bin
Downloading https://dl.google.com/dl/android/maven2/com/android/tools/build/builder/8.1.2/builder-8.1.2.pom to /home/runner/.gradle/.tmp/gradle_download3185544734204179507bin
Downloading https://repo.maven.apache.org/maven2/org/tensorflow/tensorflow-lite-metadata/0.1.0-rc2/tensorflow-lite-metadata-0.1.0-rc2.pom to /home/runner/.gradle/.tmp/gradle_download6426358828509287297bin
Downloading https://dl.google.com/dl/android/maven2/com/android/tools/build/builder/8.1.2/builder-8.1.2.module to /home/runner/.gradle/.tmp/gradle_download9211333399249912790bin
Downloading https://dl.google.com/dl/android/maven2/com/android/tools/build/builder-model/8.1.2/builder-model-8.1.2.module to /home/runner/.gradle/.tmp/gradle_download15898444487335565060bin
Downloading https://dl.google.com/dl/android/maven2/com/android/tools/build/gradle-api/8.1.2/gradle-api-8.1.2.pom to /home/runner/.gradle/.tmp/gradle_download13472201861456937371bin
Downloading https://dl.google.com/dl/android/maven2/com/android/tools/build/gradle-api/8.1.2/gradle-api-8.1.2.module to /home/runner/.gradle/.tmp/gradle_download3713196950889590037bin
Resource missing. [HTTP GET: https://dl.google.com/dl/android/maven2/org/jetbrains/kotlin/kotlin-gradle-plugin-idea/1.9.22/kotlin-gradle-plugin-idea-1.9.22.pom]
Resource missing. [HTTP GET: https://dl.google.com/dl/android/maven2/org/jetbrains/kotlin/kotlin-gradle-plugin-model/1.9.22/kotlin-gradle-plugin-model-1.9.22.pom]
Resource missing. [HTTP GET: https://dl.google.com/dl/android/maven2/org/jetbrains/kotlin/kotlin-gradle-plugin-api/1.9.22/kotlin-gradle-plugin-api-1.9.22.pom]
Resource missing. [HTTP GET: https://dl.google.com/dl/android/maven2/org/jetbrains/kotlin/kotlin-gradle-plugin-idea-proto/1.9.22/kotlin-gradle-plugin-idea-proto-1.9.22.pom]
Downloading https://repo.maven.apache.org/maven2/org/jetbrains/kotlin/kotlin-gradle-plugin-model/1.9.22/kotlin-gradle-plugin-model-1.9.22.pom to /home/runner/.gradle/.tmp/gradle_download7677700159963632883bin
Downloading https://repo.maven.apache.org/maven2/org/jetbrains/kotlin/kotlin-gradle-plugin-idea/1.9.22/kotlin-gradle-plugin-idea-1.9.22.pom to /home/runner/.gradle/.tmp/gradle_download14023845478166458026bin
Downloading https://repo.maven.apache.org/maven2/org/jetbrains/kotlin/kotlin-gradle-plugin-idea-proto/1.9.22/kotlin-gradle-plugin-idea-proto-1.9.22.pom to /home/runner/.gradle/.tmp/gradle_download3870659573453391782bin
Downloading https://repo.maven.apache.org/maven2/org/jetbrains/kotlin/kotlin-gradle-plugin-api/1.9.22/kotlin-gradle-plugin-api-1.9.22.pom to /home/runner/.gradle/.tmp/gradle_download5070951423335109992bin
Downloading https://repo.maven.apache.org/maven2/org/jetbrains/kotlin/kotlin-gradle-plugin-idea/1.9.22/kotlin-gradle-plugin-idea-1.9.22.module to /home/runner/.gradle/.tmp/gradle_download18354773327603082299bin
Downloading https://repo.maven.apache.org/maven2/org/jetbrains/kotlin/kotlin-gradle-plugin-model/1.9.22/kotlin-gradle-plugin-model-1.9.22.module to /home/runner/.gradle/.tmp/gradle_download2916576841411254454bin
Resource missing. [HTTP GET: https://dl.google.com/dl/android/maven2/org/jetbrains/kotlin/kotlin-util-klib/1.9.22/kotlin-util-klib-1.9.22.pom]
Downloading https://repo.maven.apache.org/maven2/org/jetbrains/kotlin/kotlin-gradle-plugin-api/1.9.22/kotlin-gradle-plugin-api-1.9.22.module to /home/runner/.gradle/.tmp/gradle_download9365932817145781476bin
Downloading https://repo.maven.apache.org/maven2/org/jetbrains/kotlin/kotlin-util-klib/1.9.22/kotlin-util-klib-1.9.22.pom to /home/runner/.gradle/.tmp/gradle_download9346240032668555337bin
Resource missing. [HTTP GET: https://dl.google.com/dl/android/maven2/org/jetbrains/kotlin/kotlin-build-tools-api/1.9.22/kotlin-build-tools-api-1.9.22.pom]
Downloading https://repo.maven.apache.org/maven2/org/jetbrains/kotlin/kotlin-build-tools-api/1.9.22/kotlin-build-tools-api-1.9.22.pom to /home/runner/.gradle/.tmp/gradle_download1279444416276059997bin
Resource missing. [HTTP GET: https://dl.google.com/dl/android/maven2/org/jetbrains/kotlin/kotlin-compiler-embeddable/1.9.22/kotlin-compiler-embeddable-1.9.22.pom]
Resource missing. [HTTP GET: https://dl.google.com/dl/android/maven2/org/jetbrains/kotlin/kotlin-android-extensions/1.9.22/kotlin-android-extensions-1.9.22.pom]
Resource missing. [HTTP GET: https://dl.google.com/dl/android/maven2/org/jetbrains/kotlin/kotlin-klib-commonizer-api/1.9.22/kotlin-klib-commonizer-api-1.9.22.pom]
Resource missing. [HTTP GET: https://dl.google.com/dl/android/maven2/org/jetbrains/kotlin/kotlin-compiler-runner/1.9.22/kotlin-compiler-runner-1.9.22.pom]
Downloading https://repo.maven.apache.org/maven2/org/jetbrains/kotlin/kotlin-compiler-embeddable/1.9.22/kotlin-compiler-embeddable-1.9.22.pom to /home/runner/.gradle/.tmp/gradle_download843447628810240828bin
Downloading https://repo.maven.apache.org/maven2/org/jetbrains/kotlin/kotlin-klib-commonizer-api/1.9.22/kotlin-klib-commonizer-api-1.9.22.pom to /home/runner/.gradle/.tmp/gradle_download2202998142982896241bin
Downloading https://repo.maven.apache.org/maven2/org/jetbrains/kotlin/kotlin-android-extensions/1.9.22/kotlin-android-extensions-1.9.22.pom to /home/runner/.gradle/.tmp/gradle_download11507054644196921896bin
Downloading https://repo.maven.apache.org/maven2/org/jetbrains/kotlin/kotlin-compiler-runner/1.9.22/kotlin-compiler-runner-1.9.22.pom to /home/runner/.gradle/.tmp/gradle_download4977201175663616834bin
Resource missing. [HTTP GET: https://dl.google.com/dl/android/maven2/org/jetbrains/kotlin/kotlin-scripting-compiler-embeddable/1.9.22/kotlin-scripting-compiler-embeddable-1.9.22.pom]
Resource missing. [HTTP GET: https://dl.google.com/dl/android/maven2/org/jetbrains/kotlin/kotlin-scripting-compiler-impl-embeddable/1.9.22/kotlin-scripting-compiler-impl-embeddable-1.9.22.pom]
Downloading https://repo.maven.apache.org/maven2/org/jetbrains/kotlin/kotlin-scripting-compiler-embeddable/1.9.22/kotlin-scripting-compiler-embeddable-1.9.22.pom to /home/runner/.gradle/.tmp/gradle_download8541067312353624392bin
Downloading https://repo.maven.apache.org/maven2/org/jetbrains/kotlin/kotlin-scripting-compiler-impl-embeddable/1.9.22/kotlin-scripting-compiler-impl-embeddable-1.9.22.pom to /home/runner/.gradle/.tmp/gradle_download5589064847120574088bin
Resource missing. [HTTP GET: https://dl.google.com/dl/android/maven2/org/ow2/asm/asm/9.6/asm-9.6.pom]
Downloading https://repo.maven.apache.org/maven2/org/ow2/asm/asm/9.6/asm-9.6.pom to /home/runner/.gradle/.tmp/gradle_download2435912781406004851bin
Resource missing. [HTTP GET: https://dl.google.com/dl/android/maven2/org/ow2/ow2/1.5.1/ow2-1.5.1.pom]
Downloading https://repo.maven.apache.org/maven2/org/ow2/ow2/1.5.1/ow2-1.5.1.pom to /home/runner/.gradle/.tmp/gradle_download17535816755556576405bin
Resource missing. [HTTP GET: https://dl.google.com/dl/android/maven2/com/squareup/javapoet/1.13.0/javapoet-1.13.0.pom]
Downloading https://repo.maven.apache.org/maven2/com/squareup/javapoet/1.13.0/javapoet-1.13.0.pom to /home/runner/.gradle/.tmp/gradle_download12710504475548695887bin
Resource missing. [HTTP GET: https://dl.google.com/dl/android/maven2/org/jetbrains/kotlin/kotlin-stdlib/1.9.20/kotlin-stdlib-1.9.20.pom]
Downloading https://repo.maven.apache.org/maven2/org/jetbrains/kotlin/kotlin-stdlib/1.9.20/kotlin-stdlib-1.9.20.pom to /home/runner/.gradle/.tmp/gradle_download4966972745016365550bin
Downloading https://repo.maven.apache.org/maven2/org/jetbrains/kotlin/kotlin-stdlib/1.9.20/kotlin-stdlib-1.9.20.module to /home/runner/.gradle/.tmp/gradle_download4631988273993235972bin
Resource missing. [HTTP GET: https://dl.google.com/dl/android/maven2/com/google/code/gson/gson/2.8.9/gson-2.8.9.pom]
Downloading https://repo.maven.apache.org/maven2/com/google/code/gson/gson/2.8.9/gson-2.8.9.pom to /home/runner/.gradle/.tmp/gradle_download5051458344542501964bin
Resource missing. [HTTP GET: https://dl.google.com/dl/android/maven2/com/google/code/gson/gson-parent/2.8.9/gson-parent-2.8.9.pom]
Downloading https://repo.maven.apache.org/maven2/com/google/code/gson/gson-parent/2.8.9/gson-parent-2.8.9.pom to /home/runner/.gradle/.tmp/gradle_download4796723825708900057bin
Resource missing. [HTTP GET: https://dl.google.com/dl/android/maven2/net/sf/kxml/kxml2/2.3.0/kxml2-2.3.0.pom]
Resource missing. [HTTP GET: https://dl.google.com/dl/android/maven2/javax/inject/javax.inject/1/javax.inject-1.pom]
Downloading https://dl.google.com/dl/android/maven2/com/android/tools/common/31.1.2/common-31.1.2.pom to /home/runner/.gradle/.tmp/gradle_download7444732205973733153bin
Resource missing. [HTTP GET: https://dl.google.com/dl/android/maven2/com/google/guava/guava/31.1-jre/guava-31.1-jre.pom]
Downloading https://repo.maven.apache.org/maven2/net/sf/kxml/kxml2/2.3.0/kxml2-2.3.0.pom to /home/runner/.gradle/.tmp/gradle_download4119942013888152895bin
Downloading https://repo.maven.apache.org/maven2/com/google/guava/guava/31.1-jre/guava-31.1-jre.pom to /home/runner/.gradle/.tmp/gradle_download16710113686396846275bin
Resource missing. [HTTP GET: https://dl.google.com/dl/android/maven2/org/bouncycastle/bcprov-jdk15on/1.67/bcprov-jdk15on-1.67.pom]
Downloading https://repo.maven.apache.org/maven2/javax/inject/javax.inject/1/javax.inject-1.pom to /home/runner/.gradle/.tmp/gradle_download5949357876656681761bin
Downloading https://repo.maven.apache.org/maven2/org/bouncycastle/bcprov-jdk15on/1.67/bcprov-jdk15on-1.67.pom to /home/runner/.gradle/.tmp/gradle_download372918833188323465bin
Resource missing. [HTTP GET: https://dl.google.com/dl/android/maven2/com/google/guava/guava-parent/31.1-jre/guava-parent-31.1-jre.pom]
Resource missing. [HTTP GET: https://dl.google.com/dl/android/maven2/org/jetbrains/intellij/deps/trove4j/1.0.20200330/trove4j-1.0.20200330.pom]
Resource missing. [HTTP GET: https://dl.google.com/dl/android/maven2/org/jetbrains/kotlin/kotlin-reflect/1.8.20-RC2/kotlin-reflect-1.8.20-RC2.pom]
Downloading https://repo.maven.apache.org/maven2/com/google/guava/guava-parent/31.1-jre/guava-parent-31.1-jre.pom to /home/runner/.gradle/.tmp/gradle_download6503853674084681929bin
Resource missing. [HTTP GET: https://dl.google.com/dl/android/maven2/xerces/xercesImpl/2.12.0/xercesImpl-2.12.0.pom]
Downloading https://repo.maven.apache.org/maven2/org/jetbrains/kotlin/kotlin-reflect/1.8.20-RC2/kotlin-reflect-1.8.20-RC2.pom to /home/runner/.gradle/.tmp/gradle_download5715948237259988219bin
Downloading https://repo.maven.apache.org/maven2/org/jetbrains/intellij/deps/trove4j/1.0.20200330/trove4j-1.0.20200330.pom to /home/runner/.gradle/.tmp/gradle_download5520177975782029497bin
Downloading https://repo.maven.apache.org/maven2/xerces/xercesImpl/2.12.0/xercesImpl-2.12.0.pom to /home/runner/.gradle/.tmp/gradle_download1835577165667063083bin
Resource missing. [HTTP GET: https://dl.google.com/dl/android/maven2/org/apache/httpcomponents/httpcore/4.4.15/httpcore-4.4.15.pom]
Resource missing. [HTTP GET: https://dl.google.com/dl/android/maven2/org/apache/commons/commons-compress/1.21/commons-compress-1.21.pom]
Downloading https://repo.maven.apache.org/maven2/org/apache/httpcomponents/httpcore/4.4.15/httpcore-4.4.15.pom to /home/runner/.gradle/.tmp/gradle_download12306595043349737478bin
Downloading https://repo.maven.apache.org/maven2/org/apache/commons/commons-compress/1.21/commons-compress-1.21.pom to /home/runner/.gradle/.tmp/gradle_download5776110704458501358bin
Resource missing. [HTTP GET: https://dl.google.com/dl/android/maven2/org/apache/httpcomponents/httpcomponents-core/4.4.15/httpcomponents-core-4.4.15.pom]
Resource missing. [HTTP GET: https://dl.google.com/dl/android/maven2/org/apache/commons/commons-parent/52/commons-parent-52.pom]
Downloading https://dl.google.com/dl/android/maven2/com/android/tools/dvlib/31.1.2/dvlib-31.1.2.pom to /home/runner/.gradle/.tmp/gradle_download6582086223031956113bin
Downloading https://repo.maven.apache.org/maven2/org/apache/httpcomponents/httpcomponents-core/4.4.15/httpcomponents-core-4.4.15.pom to /home/runner/.gradle/.tmp/gradle_download3990392644190217292bin
Downloading https://repo.maven.apache.org/maven2/org/apache/commons/commons-parent/52/commons-parent-52.pom to /home/runner/.gradle/.tmp/gradle_download1054731152371144861bin
Resource missing. [HTTP GET: https://dl.google.com/dl/android/maven2/org/apache/httpcomponents/httpcomponents-parent/11/httpcomponents-parent-11.pom]
Resource missing. [HTTP GET: https://dl.google.com/dl/android/maven2/org/apache/apache/23/apache-23.pom]
Downloading https://repo.maven.apache.org/maven2/org/apache/httpcomponents/httpcomponents-parent/11/httpcomponents-parent-11.pom to /home/runner/.gradle/.tmp/gradle_download8811864517365215657bin
Downloading https://repo.maven.apache.org/maven2/org/apache/apache/23/apache-23.pom to /home/runner/.gradle/.tmp/gradle_download15984703579310284021bin
Resource missing. [HTTP GET: https://dl.google.com/dl/android/maven2/org/apache/apache/21/apache-21.pom]
Downloading https://repo.maven.apache.org/maven2/org/apache/apache/21/apache-21.pom to /home/runner/.gradle/.tmp/gradle_download4197950792386114534bin
Resource missing. [HTTP GET: https://dl.google.com/dl/android/maven2/com/sun/activation/javax.activation/1.2.0/javax.activation-1.2.0.pom]
Resource missing. [HTTP GET: https://dl.google.com/dl/android/maven2/com/google/jimfs/jimfs/1.1/jimfs-1.1.pom]
Downloading https://repo.maven.apache.org/maven2/com/sun/activation/javax.activation/1.2.0/javax.activation-1.2.0.pom to /home/runner/.gradle/.tmp/gradle_download2191563143438329012bin
Downloading https://repo.maven.apache.org/maven2/com/google/jimfs/jimfs/1.1/jimfs-1.1.pom to /home/runner/.gradle/.tmp/gradle_download12524772889663979700bin
Resource missing. [HTTP GET: https://dl.google.com/dl/android/maven2/com/sun/activation/all/1.2.0/all-1.2.0.pom]
Resource missing. [HTTP GET: https://dl.google.com/dl/android/maven2/com/google/jimfs/jimfs-parent/1.1/jimfs-parent-1.1.pom]
Downloading https://repo.maven.apache.org/maven2/com/google/jimfs/jimfs-parent/1.1/jimfs-parent-1.1.pom to /home/runner/.gradle/.tmp/gradle_download13670924551948099047bin
Downloading https://repo.maven.apache.org/maven2/com/sun/activation/all/1.2.0/all-1.2.0.pom to /home/runner/.gradle/.tmp/gradle_download9300852665405356539bin
Resource missing. [HTTP GET: https://dl.google.com/dl/android/maven2/net/java/jvnet-parent/1/jvnet-parent-1.pom]
Downloading https://repo.maven.apache.org/maven2/net/java/jvnet-parent/1/jvnet-parent-1.pom to /home/runner/.gradle/.tmp/gradle_download9378388990695097480bin
Resource missing. [HTTP GET: https://dl.google.com/dl/android/maven2/org/jetbrains/annotations/13.0/annotations-13.0.pom]
Downloading https://repo.maven.apache.org/maven2/org/jetbrains/annotations/13.0/annotations-13.0.pom to /home/runner/.gradle/.tmp/gradle_download79217085403725163bin
Resource missing. [HTTP GET: https://dl.google.com/dl/android/maven2/org/apache/httpcomponents/httpclient/4.5.13/httpclient-4.5.13.pom]
Downloading https://repo.maven.apache.org/maven2/org/apache/httpcomponents/httpclient/4.5.13/httpclient-4.5.13.pom to /home/runner/.gradle/.tmp/gradle_download12680124911096680552bin
Downloading https://dl.google.com/dl/android/maven2/com/android/tools/annotations/31.1.2/annotations-31.1.2.pom to /home/runner/.gradle/.tmp/gradle_download12249133131599463325bin
Resource missing. [HTTP GET: https://dl.google.com/dl/android/maven2/org/apache/httpcomponents/httpcomponents-client/4.5.13/httpcomponents-client-4.5.13.pom]
Downloading https://repo.maven.apache.org/maven2/org/apache/httpcomponents/httpcomponents-client/4.5.13/httpcomponents-client-4.5.13.pom to /home/runner/.gradle/.tmp/gradle_download9384328108683452659bin
Resource missing. [HTTP GET: https://dl.google.com/dl/android/maven2/net/java/dev/jna/jna-platform/5.6.0/jna-platform-5.6.0.pom]
Downloading https://dl.google.com/dl/android/maven2/com/android/tools/analytics-library/protos/31.1.2/protos-31.1.2.pom to /home/runner/.gradle/.tmp/gradle_download6574966226317636183bin
Downloading https://repo.maven.apache.org/maven2/net/java/dev/jna/jna-platform/5.6.0/jna-platform-5.6.0.pom to /home/runner/.gradle/.tmp/gradle_download7550102733330782849bin
Resource missing. [HTTP GET: https://dl.google.com/dl/android/maven2/com/googlecode/juniversalchardet/juniversalchardet/1.0.3/juniversalchardet-1.0.3.pom]
Downloading https://repo.maven.apache.org/maven2/com/googlecode/juniversalchardet/juniversalchardet/1.0.3/juniversalchardet-1.0.3.pom to /home/runner/.gradle/.tmp/gradle_download9140493267150579823bin
Resource missing. [HTTP GET: https://dl.google.com/dl/android/maven2/javax/annotation/javax.annotation-api/1.3.2/javax.annotation-api-1.3.2.pom]
Downloading https://repo.maven.apache.org/maven2/javax/annotation/javax.annotation-api/1.3.2/javax.annotation-api-1.3.2.pom to /home/runner/.gradle/.tmp/gradle_download6813149765562021688bin
Resource missing. [HTTP GET: https://dl.google.com/dl/android/maven2/net/java/jvnet-parent/3/jvnet-parent-3.pom]
Downloading https://repo.maven.apache.org/maven2/net/java/jvnet-parent/3/jvnet-parent-3.pom to /home/runner/.gradle/.tmp/gradle_download10360952686450847907bin
Resource missing. [HTTP GET: https://dl.google.com/dl/android/maven2/org/jetbrains/kotlin/kotlin-stdlib-jdk7/1.8.20-RC2/kotlin-stdlib-jdk7-1.8.20-RC2.pom]
Downloading https://repo.maven.apache.org/maven2/org/jetbrains/kotlin/kotlin-stdlib-jdk7/1.8.20-RC2/kotlin-stdlib-jdk7-1.8.20-RC2.pom to /home/runner/.gradle/.tmp/gradle_download3343500722098547952bin
Resource missing. [HTTP GET: https://dl.google.com/dl/android/maven2/org/ow2/asm/asm-tree/9.2/asm-tree-9.2.pom]
Downloading https://repo.maven.apache.org/maven2/org/ow2/asm/asm-tree/9.2/asm-tree-9.2.pom to /home/runner/.gradle/.tmp/gradle_download14501460062890254670bin
Resource missing. [HTTP GET: https://dl.google.com/dl/android/maven2/org/jvnet/staxex/stax-ex/1.8.1/stax-ex-1.8.1.pom]
Resource missing. [HTTP GET: https://dl.google.com/dl/android/maven2/com/sun/istack/istack-commons-runtime/3.0.8/istack-commons-runtime-3.0.8.pom]
Resource missing. [HTTP GET: https://dl.google.com/dl/android/maven2/jakarta/xml/bind/jakarta.xml.bind-api/2.3.2/jakarta.xml.bind-api-2.3.2.pom]
Resource missing. [HTTP GET: https://dl.google.com/dl/android/maven2/org/glassfish/jaxb/txw2/2.3.2/txw2-2.3.2.pom]
Downloading https://repo.maven.apache.org/maven2/org/glassfish/jaxb/txw2/2.3.2/txw2-2.3.2.pom to /home/runner/.gradle/.tmp/gradle_download9196983520787197876bin
Downloading https://repo.maven.apache.org/maven2/com/sun/istack/istack-commons-runtime/3.0.8/istack-commons-runtime-3.0.8.pom to /home/runner/.gradle/.tmp/gradle_download8533178936123166226bin
Downloading https://repo.maven.apache.org/maven2/org/jvnet/staxex/stax-ex/1.8.1/stax-ex-1.8.1.pom to /home/runner/.gradle/.tmp/gradle_download7781811166220737882bin
Downloading https://repo.maven.apache.org/maven2/jakarta/xml/bind/jakarta.xml.bind-api/2.3.2/jakarta.xml.bind-api-2.3.2.pom to /home/runner/.gradle/.tmp/gradle_download1519478026822983945bin
Resource missing. [HTTP GET: https://dl.google.com/dl/android/maven2/com/sun/xml/bind/mvn/jaxb-txw-parent/2.3.2/jaxb-txw-parent-2.3.2.pom]
Resource missing. [HTTP GET: https://dl.google.com/dl/android/maven2/jakarta/xml/bind/jakarta.xml.bind-api-parent/2.3.2/jakarta.xml.bind-api-parent-2.3.2.pom]
Resource missing. [HTTP GET: https://dl.google.com/dl/android/maven2/com/sun/xml/fastinfoset/FastInfoset/1.2.16/FastInfoset-1.2.16.pom]
Downloading https://repo.maven.apache.org/maven2/com/sun/xml/bind/mvn/jaxb-txw-parent/2.3.2/jaxb-txw-parent-2.3.2.pom to /home/runner/.gradle/.tmp/gradle_download14418095076842347777bin
Resource missing. [HTTP GET: https://dl.google.com/dl/android/maven2/com/sun/istack/istack-commons/3.0.8/istack-commons-3.0.8.pom]
Downloading https://repo.maven.apache.org/maven2/jakarta/xml/bind/jakarta.xml.bind-api-parent/2.3.2/jakarta.xml.bind-api-parent-2.3.2.pom to /home/runner/.gradle/.tmp/gradle_download14748973465681371216bin
Downloading https://repo.maven.apache.org/maven2/com/sun/xml/fastinfoset/FastInfoset/1.2.16/FastInfoset-1.2.16.pom to /home/runner/.gradle/.tmp/gradle_download722857592534603315bin
Downloading https://repo.maven.apache.org/maven2/com/sun/istack/istack-commons/3.0.8/istack-commons-3.0.8.pom to /home/runner/.gradle/.tmp/gradle_download13971941873238341485bin
Resource missing. [HTTP GET: https://dl.google.com/dl/android/maven2/jakarta/activation/jakarta.activation-api/1.2.1/jakarta.activation-api-1.2.1.pom]
Resource missing. [HTTP GET: https://dl.google.com/dl/android/maven2/com/sun/xml/fastinfoset/fastinfoset-project/1.2.16/fastinfoset-project-1.2.16.pom]
Downloading https://repo.maven.apache.org/maven2/jakarta/activation/jakarta.activation-api/1.2.1/jakarta.activation-api-1.2.1.pom to /home/runner/.gradle/.tmp/gradle_download17411946986976617166bin
Downloading https://repo.maven.apache.org/maven2/com/sun/xml/fastinfoset/fastinfoset-project/1.2.16/fastinfoset-project-1.2.16.pom to /home/runner/.gradle/.tmp/gradle_download2209102188681568396bin
Resource missing. [HTTP GET: https://dl.google.com/dl/android/maven2/com/sun/activation/all/1.2.1/all-1.2.1.pom]
Downloading https://repo.maven.apache.org/maven2/com/sun/activation/all/1.2.1/all-1.2.1.pom to /home/runner/.gradle/.tmp/gradle_download6486738961732901188bin
Resource missing. [HTTP GET: https://dl.google.com/dl/android/maven2/org/eclipse/ee4j/project/1.0.2/project-1.0.2.pom]
Downloading https://repo.maven.apache.org/maven2/org/eclipse/ee4j/project/1.0.2/project-1.0.2.pom to /home/runner/.gradle/.tmp/gradle_download17564582956232745797bin
Resource missing. [HTTP GET: https://dl.google.com/dl/android/maven2/com/google/dagger/dagger/2.28.3/dagger-2.28.3.pom]
Resource missing. [HTTP GET: https://dl.google.com/dl/android/maven2/com/google/errorprone/error_prone_annotations/2.3.1/error_prone_annotations-2.3.1.pom]
Resource missing. [HTTP GET: https://dl.google.com/dl/android/maven2/com/google/auto/value/auto-value-annotations/1.6.2/auto-value-annotations-1.6.2.pom]
Resource missing. [HTTP GET: https://dl.google.com/dl/android/maven2/org/bitbucket/b_c/jose4j/0.7.0/jose4j-0.7.0.pom]
Downloading https://repo.maven.apache.org/maven2/com/google/errorprone/error_prone_annotations/2.3.1/error_prone_annotations-2.3.1.pom to /home/runner/.gradle/.tmp/gradle_download17114393211535590953bin
Downloading https://repo.maven.apache.org/maven2/org/bitbucket/b_c/jose4j/0.7.0/jose4j-0.7.0.pom to /home/runner/.gradle/.tmp/gradle_download15670217650681900189bin
Downloading https://repo.maven.apache.org/maven2/com/google/auto/value/auto-value-annotations/1.6.2/auto-value-annotations-1.6.2.pom to /home/runner/.gradle/.tmp/gradle_download11412995417373376965bin
Downloading https://repo.maven.apache.org/maven2/com/google/dagger/dagger/2.28.3/dagger-2.28.3.pom to /home/runner/.gradle/.tmp/gradle_download2353677908243990858bin
Resource missing. [HTTP GET: https://dl.google.com/dl/android/maven2/com/google/errorprone/error_prone_parent/2.3.1/error_prone_parent-2.3.1.pom]
Resource missing. [HTTP GET: https://dl.google.com/dl/android/maven2/org/slf4j/slf4j-api/1.7.30/slf4j-api-1.7.30.pom]
Resource missing. [HTTP GET: https://dl.google.com/dl/android/maven2/com/google/auto/value/auto-value-parent/1.6.2/auto-value-parent-1.6.2.pom]
Downloading https://repo.maven.apache.org/maven2/com/google/auto/value/auto-value-parent/1.6.2/auto-value-parent-1.6.2.pom to /home/runner/.gradle/.tmp/gradle_download14533558266564211692bin
Downloading https://repo.maven.apache.org/maven2/org/slf4j/slf4j-api/1.7.30/slf4j-api-1.7.30.pom to /home/runner/.gradle/.tmp/gradle_download14967913697632057092bin
Downloading https://repo.maven.apache.org/maven2/com/google/errorprone/error_prone_parent/2.3.1/error_prone_parent-2.3.1.pom to /home/runner/.gradle/.tmp/gradle_download1014722236377015306bin
Resource missing. [HTTP GET: https://dl.google.com/dl/android/maven2/com/google/auto/auto-parent/6/auto-parent-6.pom]
Resource missing. [HTTP GET: https://dl.google.com/dl/android/maven2/org/slf4j/slf4j-parent/1.7.30/slf4j-parent-1.7.30.pom]
Downloading https://repo.maven.apache.org/maven2/org/slf4j/slf4j-parent/1.7.30/slf4j-parent-1.7.30.pom to /home/runner/.gradle/.tmp/gradle_download15435932988182860193bin
Downloading https://repo.maven.apache.org/maven2/com/google/auto/auto-parent/6/auto-parent-6.pom to /home/runner/.gradle/.tmp/gradle_download7743244753613988481bin
Resource missing. [HTTP GET: https://dl.google.com/dl/android/maven2/org/jdom/jdom2/2.0.6/jdom2-2.0.6.pom]
Downloading https://repo.maven.apache.org/maven2/org/jdom/jdom2/2.0.6/jdom2-2.0.6.pom to /home/runner/.gradle/.tmp/gradle_download12520211610725103569bin
Resource missing. [HTTP GET: https://dl.google.com/dl/android/maven2/com/google/errorprone/error_prone_annotations/2.5.1/error_prone_annotations-2.5.1.pom]
Downloading https://repo.maven.apache.org/maven2/com/google/errorprone/error_prone_annotations/2.5.1/error_prone_annotations-2.5.1.pom to /home/runner/.gradle/.tmp/gradle_download8582267139652580526bin
Resource missing. [HTTP GET: https://dl.google.com/dl/android/maven2/com/google/errorprone/error_prone_parent/2.5.1/error_prone_parent-2.5.1.pom]
Downloading https://repo.maven.apache.org/maven2/com/google/errorprone/error_prone_parent/2.5.1/error_prone_parent-2.5.1.pom to /home/runner/.gradle/.tmp/gradle_download6424897272627580645bin
Resource missing. [HTTP GET: https://dl.google.com/dl/android/maven2/com/google/j2objc/j2objc-annotations/1.3/j2objc-annotations-1.3.pom]
Resource missing. [HTTP GET: https://dl.google.com/dl/android/maven2/com/google/code/findbugs/jsr305/3.0.2/jsr305-3.0.2.pom]
Downloading https://repo.maven.apache.org/maven2/com/google/j2objc/j2objc-annotations/1.3/j2objc-annotations-1.3.pom to /home/runner/.gradle/.tmp/gradle_download3794207406159378183bin
Downloading https://repo.maven.apache.org/maven2/com/google/code/findbugs/jsr305/3.0.2/jsr305-3.0.2.pom to /home/runner/.gradle/.tmp/gradle_download11839306091443013586bin
Resource missing. [HTTP GET: https://dl.google.com/dl/android/maven2/com/google/errorprone/error_prone_annotations/2.10.0/error_prone_annotations-2.10.0.pom]
Downloading https://repo.maven.apache.org/maven2/com/google/errorprone/error_prone_annotations/2.10.0/error_prone_annotations-2.10.0.pom to /home/runner/.gradle/.tmp/gradle_download6525902869530897101bin
Resource missing. [HTTP GET: https://dl.google.com/dl/android/maven2/com/google/errorprone/error_prone_parent/2.10.0/error_prone_parent-2.10.0.pom]
Downloading https://repo.maven.apache.org/maven2/com/google/errorprone/error_prone_parent/2.10.0/error_prone_parent-2.10.0.pom to /home/runner/.gradle/.tmp/gradle_download6439277180754782464bin
Resource missing. [HTTP GET: https://dl.google.com/dl/android/maven2/com/google/android/annotations/4.1.1.4/annotations-4.1.1.4.pom]
Resource missing. [HTTP GET: https://dl.google.com/dl/android/maven2/io/perfmark/perfmark-api/0.23.0/perfmark-api-0.23.0.pom]
Resource missing. [HTTP GET: https://dl.google.com/dl/android/maven2/io/grpc/grpc-api/1.45.1/grpc-api-1.45.1.pom]
Resource missing. [HTTP GET: https://dl.google.com/dl/android/maven2/org/codehaus/mojo/animal-sniffer-annotations/1.19/animal-sniffer-annotations-1.19.pom]
Downloading https://repo.maven.apache.org/maven2/io/perfmark/perfmark-api/0.23.0/perfmark-api-0.23.0.pom to /home/runner/.gradle/.tmp/gradle_download13530752984020538963bin
Downloading https://repo.maven.apache.org/maven2/io/grpc/grpc-api/1.45.1/grpc-api-1.45.1.pom to /home/runner/.gradle/.tmp/gradle_download87500053772888751bin
Downloading https://repo.maven.apache.org/maven2/org/codehaus/mojo/animal-sniffer-annotations/1.19/animal-sniffer-annotations-1.19.pom to /home/runner/.gradle/.tmp/gradle_download10195293666316962061bin
Downloading https://repo.maven.apache.org/maven2/com/google/android/annotations/4.1.1.4/annotations-4.1.1.4.pom to /home/runner/.gradle/.tmp/gradle_download6761904579603878467bin
Downloading https://repo.maven.apache.org/maven2/io/perfmark/perfmark-api/0.23.0/perfmark-api-0.23.0.module to /home/runner/.gradle/.tmp/gradle_download3002637582197948019bin
Resource missing. [HTTP GET: https://dl.google.com/dl/android/maven2/org/codehaus/mojo/animal-sniffer-parent/1.19/animal-sniffer-parent-1.19.pom]
Downloading https://repo.maven.apache.org/maven2/org/codehaus/mojo/animal-sniffer-parent/1.19/animal-sniffer-parent-1.19.pom to /home/runner/.gradle/.tmp/gradle_download4163801924711963057bin
Resource missing. [HTTP GET: https://dl.google.com/dl/android/maven2/org/codehaus/mojo/mojo-parent/50/mojo-parent-50.pom]
Downloading https://repo.maven.apache.org/maven2/org/codehaus/mojo/mojo-parent/50/mojo-parent-50.pom to /home/runner/.gradle/.tmp/gradle_download13965710137956236274bin
Resource missing. [HTTP GET: https://dl.google.com/dl/android/maven2/io/netty/netty-handler-proxy/4.1.72.Final/netty-handler-proxy-4.1.72.Final.pom]
Resource missing. [HTTP GET: https://dl.google.com/dl/android/maven2/io/netty/netty-codec-http2/4.1.72.Final/netty-codec-http2-4.1.72.Final.pom]
Downloading https://repo.maven.apache.org/maven2/io/netty/netty-handler-proxy/4.1.72.Final/netty-handler-proxy-4.1.72.Final.pom to /home/runner/.gradle/.tmp/gradle_download17461926280826267345bin
Downloading https://repo.maven.apache.org/maven2/io/netty/netty-codec-http2/4.1.72.Final/netty-codec-http2-4.1.72.Final.pom to /home/runner/.gradle/.tmp/gradle_download9563971012070965675bin
Resource missing. [HTTP GET: https://dl.google.com/dl/android/maven2/io/netty/netty-parent/4.1.72.Final/netty-parent-4.1.72.Final.pom]
Resource missing. [HTTP GET: https://dl.google.com/dl/android/maven2/io/netty/netty-parent/4.1.72.Final/netty-parent-4.1.72.Final.pom]
Downloading https://repo.maven.apache.org/maven2/io/netty/netty-parent/4.1.72.Final/netty-parent-4.1.72.Final.pom to /home/runner/.gradle/.tmp/gradle_download12289002401304553141bin
Resource missing. [HTTP GET: https://dl.google.com/dl/android/maven2/org/sonatype/oss/oss-parent/9/oss-parent-9.pom]
Resource missing. [HTTP GET: https://dl.google.com/dl/android/maven2/org/sonatype/oss/oss-parent/9/oss-parent-9.pom]
Downloading https://repo.maven.apache.org/maven2/org/sonatype/oss/oss-parent/9/oss-parent-9.pom to /home/runner/.gradle/.tmp/gradle_download2606691443337392457bin
Resource missing. [HTTP GET: https://dl.google.com/dl/android/maven2/com/google/api/grpc/proto-google-common-protos/2.0.1/proto-google-common-protos-2.0.1.pom]
Resource missing. [HTTP GET: https://dl.google.com/dl/android/maven2/io/grpc/grpc-protobuf-lite/1.45.1/grpc-protobuf-lite-1.45.1.pom]
Downloading https://repo.maven.apache.org/maven2/com/google/api/grpc/proto-google-common-protos/2.0.1/proto-google-common-protos-2.0.1.pom to /home/runner/.gradle/.tmp/gradle_download11728377395775110787bin
Downloading https://repo.maven.apache.org/maven2/io/grpc/grpc-protobuf-lite/1.45.1/grpc-protobuf-lite-1.45.1.pom to /home/runner/.gradle/.tmp/gradle_download16781679641928962785bin
Resource missing. [HTTP GET: https://dl.google.com/dl/android/maven2/org/checkerframework/checker-qual/2.5.8/checker-qual-2.5.8.pom]
Downloading https://repo.maven.apache.org/maven2/org/checkerframework/checker-qual/2.5.8/checker-qual-2.5.8.pom to /home/runner/.gradle/.tmp/gradle_download6444030417889560744bin
Downloading https://dl.google.com/dl/android/maven2/com/android/signflinger/8.1.2/signflinger-8.1.2.pom to /home/runner/.gradle/.tmp/gradle_download15452977618127461260bin
Resource missing. [HTTP GET: https://dl.google.com/dl/android/maven2/commons-codec/commons-codec/1.10/commons-codec-1.10.pom]
Downloading https://dl.google.com/dl/android/maven2/com/android/tools/build/manifest-merger/31.1.2/manifest-merger-31.1.2.pom to /home/runner/.gradle/.tmp/gradle_download14419644470739521982bin
Downloading https://repo.maven.apache.org/maven2/commons-codec/commons-codec/1.10/commons-codec-1.10.pom to /home/runner/.gradle/.tmp/gradle_download15595334133519611597bin
Downloading https://dl.google.com/dl/android/maven2/com/android/zipflinger/8.1.2/zipflinger-8.1.2.pom to /home/runner/.gradle/.tmp/gradle_download18050690864014747890bin
Downloading https://dl.google.com/dl/android/maven2/com/android/tools/build/manifest-merger/31.1.2/manifest-merger-31.1.2.module to /home/runner/.gradle/.tmp/gradle_download111869855805963282bin
Resource missing. [HTTP GET: https://dl.google.com/dl/android/maven2/org/apache/commons/commons-parent/35/commons-parent-35.pom]
Downloading https://dl.google.com/dl/android/maven2/com/android/tools/build/apksig/8.1.2/apksig-8.1.2.pom to /home/runner/.gradle/.tmp/gradle_download9707132285834130935bin
Downloading https://dl.google.com/dl/android/maven2/com/android/tools/build/apkzlib/8.1.2/apkzlib-8.1.2.pom to /home/runner/.gradle/.tmp/gradle_download4645367555742170078bin
Downloading https://dl.google.com/dl/android/maven2/com/android/tools/analytics-library/tracker/31.1.2/tracker-31.1.2.pom to /home/runner/.gradle/.tmp/gradle_download17869989403087988800bin
Resource missing. [HTTP GET: https://dl.google.com/dl/android/maven2/com/squareup/javawriter/2.5.0/javawriter-2.5.0.pom]
Downloading https://repo.maven.apache.org/maven2/org/apache/commons/commons-parent/35/commons-parent-35.pom to /home/runner/.gradle/.tmp/gradle_download10056447991657224485bin
Downloading https://repo.maven.apache.org/maven2/com/squareup/javawriter/2.5.0/javawriter-2.5.0.pom to /home/runner/.gradle/.tmp/gradle_download14481417500162385478bin
Resource missing. [HTTP GET: https://dl.google.com/dl/android/maven2/org/apache/apache/15/apache-15.pom]
Downloading https://repo.maven.apache.org/maven2/org/apache/apache/15/apache-15.pom to /home/runner/.gradle/.tmp/gradle_download731648870822376052bin
Resource missing. [HTTP GET: https://dl.google.com/dl/android/maven2/org/jetbrains/kotlin/kotlin-project-model/1.9.22/kotlin-project-model-1.9.22.pom]
Downloading https://repo.maven.apache.org/maven2/org/jetbrains/kotlin/kotlin-project-model/1.9.22/kotlin-project-model-1.9.22.pom to /home/runner/.gradle/.tmp/gradle_download10669535586702498427bin
Resource missing. [HTTP GET: https://dl.google.com/dl/android/maven2/org/jetbrains/kotlin/kotlin-gradle-plugin-annotations/1.9.22/kotlin-gradle-plugin-annotations-1.9.22.pom]
Resource missing. [HTTP GET: https://dl.google.com/dl/android/maven2/org/jetbrains/kotlin/kotlin-tooling-core/1.9.22/kotlin-tooling-core-1.9.22.pom]
Downloading https://repo.maven.apache.org/maven2/org/jetbrains/kotlin/kotlin-gradle-plugin-annotations/1.9.22/kotlin-gradle-plugin-annotations-1.9.22.pom to /home/runner/.gradle/.tmp/gradle_download7349377486406552801bin
Downloading https://repo.maven.apache.org/maven2/org/jetbrains/kotlin/kotlin-tooling-core/1.9.22/kotlin-tooling-core-1.9.22.pom to /home/runner/.gradle/.tmp/gradle_download14186726727138385968bin
Resource missing. [HTTP GET: https://dl.google.com/dl/android/maven2/org/jetbrains/kotlin/kotlin-native-utils/1.9.22/kotlin-native-utils-1.9.22.pom]
Downloading https://repo.maven.apache.org/maven2/org/jetbrains/kotlin/kotlin-native-utils/1.9.22/kotlin-native-utils-1.9.22.pom to /home/runner/.gradle/.tmp/gradle_download1935302239663757966bin
Resource missing. [HTTP GET: https://dl.google.com/dl/android/maven2/org/jetbrains/kotlin/kotlin-util-io/1.9.22/kotlin-util-io-1.9.22.pom]
Downloading https://repo.maven.apache.org/maven2/org/jetbrains/kotlin/kotlin-util-io/1.9.22/kotlin-util-io-1.9.22.pom to /home/runner/.gradle/.tmp/gradle_download12687259539128879069bin
Resource missing. [HTTP GET: https://dl.google.com/dl/android/maven2/org/jetbrains/kotlin/kotlin-daemon-embeddable/1.9.22/kotlin-daemon-embeddable-1.9.22.pom]
Downloading https://repo.maven.apache.org/maven2/org/jetbrains/kotlin/kotlin-daemon-embeddable/1.9.22/kotlin-daemon-embeddable-1.9.22.pom to /home/runner/.gradle/.tmp/gradle_download12534414268796362782bin
Resource missing. [HTTP GET: https://dl.google.com/dl/android/maven2/org/jetbrains/kotlinx/kotlinx-coroutines-core-jvm/1.5.0/kotlinx-coroutines-core-jvm-1.5.0.pom]
Downloading https://repo.maven.apache.org/maven2/org/jetbrains/kotlinx/kotlinx-coroutines-core-jvm/1.5.0/kotlinx-coroutines-core-jvm-1.5.0.pom to /home/runner/.gradle/.tmp/gradle_download9277969627211369673bin
Resource missing. [HTTP GET: https://dl.google.com/dl/android/maven2/org/jetbrains/kotlin/kotlin-daemon-client/1.9.22/kotlin-daemon-client-1.9.22.pom]
Downloading https://repo.maven.apache.org/maven2/org/jetbrains/kotlinx/kotlinx-coroutines-core-jvm/1.5.0/kotlinx-coroutines-core-jvm-1.5.0.module to /home/runner/.gradle/.tmp/gradle_download13506907054160497154bin
Downloading https://repo.maven.apache.org/maven2/org/jetbrains/kotlin/kotlin-daemon-client/1.9.22/kotlin-daemon-client-1.9.22.pom to /home/runner/.gradle/.tmp/gradle_download11777851580339857993bin
Resource missing. [HTTP GET: https://dl.google.com/dl/android/maven2/org/jetbrains/kotlin/kotlin-scripting-common/1.9.22/kotlin-scripting-common-1.9.22.pom]
Resource missing. [HTTP GET: https://dl.google.com/dl/android/maven2/org/jetbrains/kotlin/kotlin-scripting-jvm/1.9.22/kotlin-scripting-jvm-1.9.22.pom]
Downloading https://repo.maven.apache.org/maven2/org/jetbrains/kotlin/kotlin-scripting-common/1.9.22/kotlin-scripting-common-1.9.22.pom to /home/runner/.gradle/.tmp/gradle_download15526899929221934887bin
Downloading https://repo.maven.apache.org/maven2/org/jetbrains/kotlin/kotlin-scripting-jvm/1.9.22/kotlin-scripting-jvm-1.9.22.pom to /home/runner/.gradle/.tmp/gradle_download17654422914143781510bin
Resource missing. [HTTP GET: https://dl.google.com/dl/android/maven2/org/checkerframework/checker-qual/3.12.0/checker-qual-3.12.0.pom]
Downloading https://repo.maven.apache.org/maven2/org/checkerframework/checker-qual/3.12.0/checker-qual-3.12.0.pom to /home/runner/.gradle/.tmp/gradle_download14414840675439012482bin
Downloading https://repo.maven.apache.org/maven2/org/checkerframework/checker-qual/3.12.0/checker-qual-3.12.0.module to /home/runner/.gradle/.tmp/gradle_download17793698213832644125bin
Resource missing. [HTTP GET: https://dl.google.com/dl/android/maven2/com/google/errorprone/error_prone_annotations/2.11.0/error_prone_annotations-2.11.0.pom]
Downloading https://repo.maven.apache.org/maven2/com/google/errorprone/error_prone_annotations/2.11.0/error_prone_annotations-2.11.0.pom to /home/runner/.gradle/.tmp/gradle_download17066772521683441826bin
Resource missing. [HTTP GET: https://dl.google.com/dl/android/maven2/com/google/errorprone/error_prone_parent/2.11.0/error_prone_parent-2.11.0.pom]
Downloading https://repo.maven.apache.org/maven2/com/google/errorprone/error_prone_parent/2.11.0/error_prone_parent-2.11.0.pom to /home/runner/.gradle/.tmp/gradle_download3182953277096364123bin
Resource missing. [HTTP GET: https://dl.google.com/dl/android/maven2/com/google/guava/listenablefuture/9999.0-empty-to-avoid-conflict-with-guava/listenablefuture-9999.0-empty-to-avoid-conflict-with-guava.pom]
Resource missing. [HTTP GET: https://dl.google.com/dl/android/maven2/com/google/guava/failureaccess/1.0.1/failureaccess-1.0.1.pom]
Downloading https://repo.maven.apache.org/maven2/com/google/guava/failureaccess/1.0.1/failureaccess-1.0.1.pom to /home/runner/.gradle/.tmp/gradle_download10428960994711995703bin
Downloading https://repo.maven.apache.org/maven2/com/google/guava/listenablefuture/9999.0-empty-to-avoid-conflict-with-guava/listenablefuture-9999.0-empty-to-avoid-conflict-with-guava.pom to /home/runner/.gradle/.tmp/gradle_download10449141119091209246bin
Resource missing. [HTTP GET: https://dl.google.com/dl/android/maven2/com/google/guava/guava-parent/26.0-android/guava-parent-26.0-android.pom]
Resource missing. [HTTP GET: https://dl.google.com/dl/android/maven2/com/google/guava/guava-parent/26.0-android/guava-parent-26.0-android.pom]
Downloading https://repo.maven.apache.org/maven2/com/google/guava/guava-parent/26.0-android/guava-parent-26.0-android.pom to /home/runner/.gradle/.tmp/gradle_download8854084791295206627bin
Resource missing. [HTTP GET: https://dl.google.com/dl/android/maven2/xml-apis/xml-apis/1.4.01/xml-apis-1.4.01.pom]
Downloading https://repo.maven.apache.org/maven2/xml-apis/xml-apis/1.4.01/xml-apis-1.4.01.pom to /home/runner/.gradle/.tmp/gradle_download16548707624580179275bin
Resource missing. [HTTP GET: https://dl.google.com/dl/android/maven2/commons-codec/commons-codec/1.11/commons-codec-1.11.pom]
Downloading https://repo.maven.apache.org/maven2/commons-codec/commons-codec/1.11/commons-codec-1.11.pom to /home/runner/.gradle/.tmp/gradle_download9776223682085792201bin
Resource missing. [HTTP GET: https://dl.google.com/dl/android/maven2/org/apache/commons/commons-parent/42/commons-parent-42.pom]
Downloading https://repo.maven.apache.org/maven2/org/apache/commons/commons-parent/42/commons-parent-42.pom to /home/runner/.gradle/.tmp/gradle_download13375306325664407865bin
Resource missing. [HTTP GET: https://dl.google.com/dl/android/maven2/commons-logging/commons-logging/1.2/commons-logging-1.2.pom]
Downloading https://repo.maven.apache.org/maven2/commons-logging/commons-logging/1.2/commons-logging-1.2.pom to /home/runner/.gradle/.tmp/gradle_download1635304439724705811bin
Resource missing. [HTTP GET: https://dl.google.com/dl/android/maven2/org/apache/commons/commons-parent/34/commons-parent-34.pom]
Downloading https://repo.maven.apache.org/maven2/org/apache/commons/commons-parent/34/commons-parent-34.pom to /home/runner/.gradle/.tmp/gradle_download11457759654497203231bin
Resource missing. [HTTP GET: https://dl.google.com/dl/android/maven2/org/apache/apache/13/apache-13.pom]
Downloading https://repo.maven.apache.org/maven2/org/apache/apache/13/apache-13.pom to /home/runner/.gradle/.tmp/gradle_download13462778959096699960bin
Resource missing. [HTTP GET: https://dl.google.com/dl/android/maven2/net/java/dev/jna/jna/5.6.0/jna-5.6.0.pom]
Downloading https://repo.maven.apache.org/maven2/net/java/dev/jna/jna/5.6.0/jna-5.6.0.pom to /home/runner/.gradle/.tmp/gradle_download15859401421668717352bin
Resource missing. [HTTP GET: https://dl.google.com/dl/android/maven2/io/grpc/grpc-context/1.45.1/grpc-context-1.45.1.pom]
Downloading https://repo.maven.apache.org/maven2/io/grpc/grpc-context/1.45.1/grpc-context-1.45.1.pom to /home/runner/.gradle/.tmp/gradle_download16692952075030643525bin
Resource missing. [HTTP GET: https://dl.google.com/dl/android/maven2/io/netty/netty-transport/4.1.72.Final/netty-transport-4.1.72.Final.pom]
Resource missing. [HTTP GET: https://dl.google.com/dl/android/maven2/io/netty/netty-common/4.1.72.Final/netty-common-4.1.72.Final.pom]
Resource missing. [HTTP GET: https://dl.google.com/dl/android/maven2/io/netty/netty-codec/4.1.72.Final/netty-codec-4.1.72.Final.pom]
Resource missing. [HTTP GET: https://dl.google.com/dl/android/maven2/io/netty/netty-buffer/4.1.72.Final/netty-buffer-4.1.72.Final.pom]
Downloading https://repo.maven.apache.org/maven2/io/netty/netty-common/4.1.72.Final/netty-common-4.1.72.Final.pom to /home/runner/.gradle/.tmp/gradle_download3845571688281688227bin
Downloading https://repo.maven.apache.org/maven2/io/netty/netty-transport/4.1.72.Final/netty-transport-4.1.72.Final.pom to /home/runner/.gradle/.tmp/gradle_download15474656296049293723bin
Downloading https://repo.maven.apache.org/maven2/io/netty/netty-codec/4.1.72.Final/netty-codec-4.1.72.Final.pom to /home/runner/.gradle/.tmp/gradle_download6435794938687302558bin
Downloading https://repo.maven.apache.org/maven2/io/netty/netty-buffer/4.1.72.Final/netty-buffer-4.1.72.Final.pom to /home/runner/.gradle/.tmp/gradle_download2298261696751525849bin
Resource missing. [HTTP GET: https://dl.google.com/dl/android/maven2/io/netty/netty-handler/4.1.72.Final/netty-handler-4.1.72.Final.pom]
Resource missing. [HTTP GET: https://dl.google.com/dl/android/maven2/io/netty/netty-codec-http/4.1.72.Final/netty-codec-http-4.1.72.Final.pom]
Downloading https://repo.maven.apache.org/maven2/io/netty/netty-handler/4.1.72.Final/netty-handler-4.1.72.Final.pom to /home/runner/.gradle/.tmp/gradle_download13208227594425668115bin
Downloading https://repo.maven.apache.org/maven2/io/netty/netty-codec-http/4.1.72.Final/netty-codec-http-4.1.72.Final.pom to /home/runner/.gradle/.tmp/gradle_download7238728578515202572bin
Resource missing. [HTTP GET: https://dl.google.com/dl/android/maven2/io/netty/netty-codec-socks/4.1.72.Final/netty-codec-socks-4.1.72.Final.pom]
Downloading https://repo.maven.apache.org/maven2/io/netty/netty-codec-socks/4.1.72.Final/netty-codec-socks-4.1.72.Final.pom to /home/runner/.gradle/.tmp/gradle_download4494512484237127710bin
Resource missing. [HTTP GET: https://dl.google.com/dl/android/maven2/io/netty/netty-resolver/4.1.72.Final/netty-resolver-4.1.72.Final.pom]
Downloading https://repo.maven.apache.org/maven2/io/netty/netty-resolver/4.1.72.Final/netty-resolver-4.1.72.Final.pom to /home/runner/.gradle/.tmp/gradle_download5847013919648018642bin
Resource missing. [HTTP GET: https://dl.google.com/dl/android/maven2/io/netty/netty-tcnative-classes/2.0.46.Final/netty-tcnative-classes-2.0.46.Final.pom]
Downloading https://repo.maven.apache.org/maven2/io/netty/netty-tcnative-classes/2.0.46.Final/netty-tcnative-classes-2.0.46.Final.pom to /home/runner/.gradle/.tmp/gradle_download4006084441502544201bin
Resource missing. [HTTP GET: https://dl.google.com/dl/android/maven2/io/netty/netty-tcnative-parent/2.0.46.Final/netty-tcnative-parent-2.0.46.Final.pom]
Downloading https://repo.maven.apache.org/maven2/io/netty/netty-tcnative-parent/2.0.46.Final/netty-tcnative-parent-2.0.46.Final.pom to /home/runner/.gradle/.tmp/gradle_download15975507001898247369bin
Resource missing. [HTTP HEAD: https://dl.google.com/dl/android/maven2/com/android/application/com.android.application.gradle.plugin/8.1.2/com.android.application.gradle.plugin-8.1.2.jar]
Resource missing. [HTTP HEAD: https://dl.google.com/dl/android/maven2/com/android/library/com.android.library.gradle.plugin/8.1.2/com.android.library.gradle.plugin-8.1.2.jar]
Resource missing. [HTTP HEAD: https://repo.maven.apache.org/maven2/org/jetbrains/kotlin/android/org.jetbrains.kotlin.android.gradle.plugin/1.9.22/org.jetbrains.kotlin.android.gradle.plugin-1.9.22.jar]
Resource missing. [HTTP HEAD: https://repo.maven.apache.org/maven2/org/jetbrains/kotlin/plugin/serialization/org.jetbrains.kotlin.plugin.serialization.gradle.plugin/1.9.22/org.jetbrains.kotlin.plugin.serialization.gradle.plugin-1.9.22.jar]
Resource missing. [HTTP HEAD: https://repo.maven.apache.org/maven2/com/google/dagger/hilt/android/com.google.dagger.hilt.android.gradle.plugin/2.50/com.google.dagger.hilt.android.gradle.plugin-2.50.jar]
Downloading https://dl.google.com/dl/android/maven2/com/android/tools/build/gradle/8.1.2/gradle-8.1.2.jar to /home/runner/.gradle/.tmp/gradle_download1091031027924938834bin
Downloading https://repo.maven.apache.org/maven2/org/jetbrains/kotlin/kotlin-gradle-plugin-model/1.9.22/kotlin-gradle-plugin-model-1.9.22.jar to /home/runner/.gradle/.tmp/gradle_download10655294162010319529bin
Downloading https://repo.maven.apache.org/maven2/org/jetbrains/kotlin/kotlin-gradle-plugin-api/1.9.22/kotlin-gradle-plugin-api-1.9.22.jar to /home/runner/.gradle/.tmp/gradle_download1459659013645844928bin
Downloading https://repo.maven.apache.org/maven2/org/jetbrains/kotlin/kotlin-serialization/1.9.22/kotlin-serialization-1.9.22-gradle82.jar to /home/runner/.gradle/.tmp/gradle_download16703933336110181979bin
Downloading https://repo.maven.apache.org/maven2/org/jetbrains/kotlin/kotlin-gradle-plugin-api/1.9.22/kotlin-gradle-plugin-api-1.9.22-gradle82.jar to /home/runner/.gradle/.tmp/gradle_download2695389877670515631bin
Downloading https://repo.maven.apache.org/maven2/org/jetbrains/kotlin/kotlin-gradle-plugin/1.9.22/kotlin-gradle-plugin-1.9.22-gradle82.jar to /home/runner/.gradle/.tmp/gradle_download12906186293768699933bin
Downloading https://repo.maven.apache.org/maven2/com/google/dagger/hilt-android-gradle-plugin/2.50/hilt-android-gradle-plugin-2.50.jar to /home/runner/.gradle/.tmp/gradle_download7885211417030644543bin
Downloading https://dl.google.com/dl/android/maven2/com/android/tools/build/gradle-settings-api/8.1.2/gradle-settings-api-8.1.2.jar to /home/runner/.gradle/.tmp/gradle_download1799742647336948752bin
Downloading https://dl.google.com/dl/android/maven2/com/android/tools/lint/lint-model/31.1.2/lint-model-31.1.2.jar to /home/runner/.gradle/.tmp/gradle_download1646189153917091271bin
Downloading https://dl.google.com/dl/android/maven2/com/android/tools/build/builder/8.1.2/builder-8.1.2.jar to /home/runner/.gradle/.tmp/gradle_download15552560807108243850bin
Downloading https://dl.google.com/dl/android/maven2/com/android/tools/build/manifest-merger/31.1.2/manifest-merger-31.1.2.jar to /home/runner/.gradle/.tmp/gradle_download4458806992588787655bin
Downloading https://dl.google.com/dl/android/maven2/com/android/tools/sdk-common/31.1.2/sdk-common-31.1.2.jar to /home/runner/.gradle/.tmp/gradle_download3988681188071351200bin
Downloading https://dl.google.com/dl/android/maven2/com/android/tools/repository/31.1.2/repository-31.1.2.jar to /home/runner/.gradle/.tmp/gradle_download144074205705563327bin
Downloading https://dl.google.com/dl/android/maven2/com/android/tools/sdklib/31.1.2/sdklib-31.1.2.jar to /home/runner/.gradle/.tmp/gradle_download18204576214399808278bin
Downloading https://dl.google.com/dl/android/maven2/com/android/tools/build/gradle-api/8.1.2/gradle-api-8.1.2.jar to /home/runner/.gradle/.tmp/gradle_download18106058381174844759bin
Downloading https://dl.google.com/dl/android/maven2/com/android/tools/build/builder-test-api/8.1.2/builder-test-api-8.1.2.jar to /home/runner/.gradle/.tmp/gradle_download13261733388592999159bin
Downloading https://dl.google.com/dl/android/maven2/com/android/tools/build/aaptcompiler/8.1.2/aaptcompiler-8.1.2.jar to /home/runner/.gradle/.tmp/gradle_download15618839087573975225bin
Downloading https://dl.google.com/dl/android/maven2/com/android/tools/build/bundletool/1.14.0/bundletool-1.14.0.jar to /home/runner/.gradle/.tmp/gradle_download5713420441121052974bin
Downloading https://dl.google.com/dl/android/maven2/com/android/tools/ddms/ddmlib/31.1.2/ddmlib-31.1.2.jar to /home/runner/.gradle/.tmp/gradle_download11289375717132121150bin
Downloading https://dl.google.com/dl/android/maven2/com/android/tools/build/aapt2-proto/8.1.2-10154469/aapt2-proto-8.1.2-10154469.jar to /home/runner/.gradle/.tmp/gradle_download3032085867025735047bin
Downloading https://dl.google.com/dl/android/maven2/com/android/tools/analytics-library/crash/31.1.2/crash-31.1.2.jar to /home/runner/.gradle/.tmp/gradle_download4398905071800929864bin
Downloading https://dl.google.com/dl/android/maven2/com/android/tools/analytics-library/shared/31.1.2/shared-31.1.2.jar to /home/runner/.gradle/.tmp/gradle_download16773896513836957607bin
Downloading https://dl.google.com/dl/android/maven2/com/android/tools/analytics-library/tracker/31.1.2/tracker-31.1.2.jar to /home/runner/.gradle/.tmp/gradle_download106250930182377138bin
Downloading https://dl.google.com/dl/android/maven2/androidx/databinding/databinding-compiler-common/8.1.2/databinding-compiler-common-8.1.2.jar to /home/runner/.gradle/.tmp/gradle_download14600948596205066061bin
Downloading https://dl.google.com/dl/android/maven2/com/android/tools/lint/lint-typedef-remover/31.1.2/lint-typedef-remover-31.1.2.jar to /home/runner/.gradle/.tmp/gradle_download3579824264832986291bin
Downloading https://dl.google.com/dl/android/maven2/com/android/databinding/baseLibrary/8.1.2/baseLibrary-8.1.2.jar to /home/runner/.gradle/.tmp/gradle_download10683944172096548548bin
Downloading https://dl.google.com/dl/android/maven2/com/android/tools/utp/android-device-provider-ddmlib-proto/31.1.2/android-device-provider-ddmlib-proto-31.1.2.jar to /home/runner/.gradle/.tmp/gradle_download16917316746725959099bin
Downloading https://dl.google.com/dl/android/maven2/androidx/databinding/databinding-common/8.1.2/databinding-common-8.1.2.jar to /home/runner/.gradle/.tmp/gradle_download1472665628102321691bin
Downloading https://dl.google.com/dl/android/maven2/com/android/tools/utp/android-test-plugin-host-additional-test-output-proto/31.1.2/android-test-plugin-host-additional-test-output-proto-31.1.2.jar to /home/runner/.gradle/.tmp/gradle_download7023509806176644791bin
Downloading https://dl.google.com/dl/android/maven2/com/android/tools/layoutlib/layoutlib-api/31.1.2/layoutlib-api-31.1.2.jar to /home/runner/.gradle/.tmp/gradle_download1690705517869576152bin
Cache entries evicted. In-memory cache of /home/runner/work/echoSystem-native2/echoSystem-native2/.gradle/8.2.1/checksums/sha1-checksums.bin: Size{376} MaxSize{400}, CacheStats{hitCount=109, missCount=377, loadSuccessCount=377, loadExceptionCount=0, totalLoadTime=107568375, evictionCount=1} 
Performance may suffer from in-memory cache misses. Increase max heap size of Gradle build process to reduce cache misses.
Downloading https://dl.google.com/dl/android/maven2/com/android/tools/utp/android-device-provider-gradle-proto/31.1.2/android-device-provider-gradle-proto-31.1.2.jar to /home/runner/.gradle/.tmp/gradle_download13483423568327254550bin
Downloading https://dl.google.com/dl/android/maven2/com/android/tools/utp/android-test-plugin-host-coverage-proto/31.1.2/android-test-plugin-host-coverage-proto-31.1.2.jar to /home/runner/.gradle/.tmp/gradle_download9917762835791220447bin
Downloading https://dl.google.com/dl/android/maven2/com/android/tools/utp/android-test-plugin-host-logcat-proto/31.1.2/android-test-plugin-host-logcat-proto-31.1.2.jar to /home/runner/.gradle/.tmp/gradle_download11799711737492931178bin
Downloading https://dl.google.com/dl/android/maven2/com/android/tools/utp/android-test-plugin-host-apk-installer-proto/31.1.2/android-test-plugin-host-apk-installer-proto-31.1.2.jar to /home/runner/.gradle/.tmp/gradle_download1395132952223829682bin
Downloading https://dl.google.com/dl/android/maven2/com/android/tools/utp/android-test-plugin-host-emulator-control-proto/31.1.2/android-test-plugin-host-emulator-control-proto-31.1.2.jar to /home/runner/.gradle/.tmp/gradle_download16760889558039649019bin
Downloading https://dl.google.com/dl/android/maven2/com/android/tools/utp/android-test-plugin-host-retention-proto/31.1.2/android-test-plugin-host-retention-proto-31.1.2.jar to /home/runner/.gradle/.tmp/gradle_download8214490538239602364bin
Downloading https://dl.google.com/dl/android/maven2/com/android/tools/build/builder-model/8.1.2/builder-model-8.1.2.jar to /home/runner/.gradle/.tmp/gradle_download9932033820348445230bin
Downloading https://dl.google.com/dl/android/maven2/com/android/tools/build/jetifier/jetifier-processor/1.0.0-beta10/jetifier-processor-1.0.0-beta10.jar to /home/runner/.gradle/.tmp/gradle_download9269175186763112611bin
Downloading https://repo.maven.apache.org/maven2/org/jetbrains/kotlin/kotlin-reflect/1.8.20-RC2/kotlin-reflect-1.8.20-RC2.jar to /home/runner/.gradle/.tmp/gradle_download7678594449315079021bin
Downloading https://dl.google.com/dl/android/maven2/com/android/tools/build/jetifier/jetifier-core/1.0.0-beta10/jetifier-core-1.0.0-beta10.jar to /home/runner/.gradle/.tmp/gradle_download7676145414134223454bin
Downloading https://repo.maven.apache.org/maven2/org/jetbrains/kotlin/kotlin-stdlib-jdk7/1.8.20-RC2/kotlin-stdlib-jdk7-1.8.20-RC2.jar to /home/runner/.gradle/.tmp/gradle_download15939235431627642705bin
Downloading https://repo.maven.apache.org/maven2/org/jetbrains/kotlin/kotlin-stdlib/1.9.20/kotlin-stdlib-1.9.20.jar to /home/runner/.gradle/.tmp/gradle_download7338096140925611602bin
Downloading https://dl.google.com/dl/android/maven2/com/android/tools/utp/android-test-plugin-result-listener-gradle-proto/31.1.2/android-test-plugin-result-listener-gradle-proto-31.1.2.jar to /home/runner/.gradle/.tmp/gradle_download4721960634462226518bin
Downloading https://repo.maven.apache.org/maven2/org/jetbrains/kotlin/kotlin-stdlib-jdk8/1.8.20-RC2/kotlin-stdlib-jdk8-1.8.20-RC2.jar to /home/runner/.gradle/.tmp/gradle_download1485114356485175469bin
Downloading https://dl.google.com/dl/android/maven2/com/android/tools/common/31.1.2/common-31.1.2.jar to /home/runner/.gradle/.tmp/gradle_download864430152603623970bin
Downloading https://dl.google.com/dl/android/maven2/com/android/tools/build/transform-api/2.0.0-deprecated-use-gradle-api/transform-api-2.0.0-deprecated-use-gradle-api.jar to /home/runner/.gradle/.tmp/gradle_download15685276815879997146bin
Downloading https://repo.maven.apache.org/maven2/org/apache/httpcomponents/httpmime/4.5.6/httpmime-4.5.6.jar to /home/runner/.gradle/.tmp/gradle_download13376549843251977256bin
Downloading https://dl.google.com/dl/android/maven2/com/android/tools/dvlib/31.1.2/dvlib-31.1.2.jar to /home/runner/.gradle/.tmp/gradle_download17263746268227075986bin
Downloading https://repo.maven.apache.org/maven2/commons-io/commons-io/2.4/commons-io-2.4.jar to /home/runner/.gradle/.tmp/gradle_download15424649635136167690bin
Downloading https://repo.maven.apache.org/maven2/org/ow2/asm/asm-util/9.2/asm-util-9.2.jar to /home/runner/.gradle/.tmp/gradle_download5209810282036497293bin
Downloading https://repo.maven.apache.org/maven2/org/ow2/asm/asm-commons/9.2/asm-commons-9.2.jar to /home/runner/.gradle/.tmp/gradle_download4924796642028832920bin
Downloading https://repo.maven.apache.org/maven2/org/ow2/asm/asm-analysis/9.2/asm-analysis-9.2.jar to /home/runner/.gradle/.tmp/gradle_download2068036343714532454bin
Downloading https://repo.maven.apache.org/maven2/org/ow2/asm/asm/9.6/asm-9.6.jar to /home/runner/.gradle/.tmp/gradle_download12862537990639248992bin
Downloading https://repo.maven.apache.org/maven2/org/ow2/asm/asm-tree/9.2/asm-tree-9.2.jar to /home/runner/.gradle/.tmp/gradle_download8764941420170430429bin
Downloading https://repo.maven.apache.org/maven2/org/bouncycastle/bcpkix-jdk15on/1.67/bcpkix-jdk15on-1.67.jar to /home/runner/.gradle/.tmp/gradle_download989027973441288277bin
Downloading https://repo.maven.apache.org/maven2/org/glassfish/jaxb/jaxb-runtime/2.3.2/jaxb-runtime-2.3.2.jar to /home/runner/.gradle/.tmp/gradle_download7549708690789772537bin
Downloading https://repo.maven.apache.org/maven2/net/sf/jopt-simple/jopt-simple/4.9/jopt-simple-4.9.jar to /home/runner/.gradle/.tmp/gradle_download2902306946899888685bin
Downloading https://repo.maven.apache.org/maven2/com/squareup/javapoet/1.13.0/javapoet-1.13.0.jar to /home/runner/.gradle/.tmp/gradle_download4932313987118314718bin
Downloading https://repo.maven.apache.org/maven2/com/google/protobuf/protobuf-java-util/3.19.3/protobuf-java-util-3.19.3.jar to /home/runner/.gradle/.tmp/gradle_download3149159520851344969bin
Downloading https://repo.maven.apache.org/maven2/io/grpc/grpc-protobuf/1.45.1/grpc-protobuf-1.45.1.jar to /home/runner/.gradle/.tmp/gradle_download17026484411086089286bin
Downloading https://repo.maven.apache.org/maven2/com/google/crypto/tink/tink/1.7.0/tink-1.7.0.jar to /home/runner/.gradle/.tmp/gradle_download12765908241721756940bin
Downloading https://dl.google.com/dl/android/maven2/com/android/tools/build/apkzlib/8.1.2/apkzlib-8.1.2.jar to /home/runner/.gradle/.tmp/gradle_download8187441856573573275bin
Downloading https://repo.maven.apache.org/maven2/com/google/api/grpc/proto-google-common-protos/2.0.1/proto-google-common-protos-2.0.1.jar to /home/runner/.gradle/.tmp/gradle_download17781649103728555461bin
Downloading https://repo.maven.apache.org/maven2/com/google/protobuf/protobuf-java/3.19.3/protobuf-java-3.19.3.jar to /home/runner/.gradle/.tmp/gradle_download17850138281165538958bin
Downloading https://repo.maven.apache.org/maven2/io/grpc/grpc-netty/1.45.1/grpc-netty-1.45.1.jar to /home/runner/.gradle/.tmp/gradle_download356128317031617569bin
Downloading https://dl.google.com/dl/android/maven2/com/android/tools/analytics-library/protos/31.1.2/protos-31.1.2.jar to /home/runner/.gradle/.tmp/gradle_download7110673222111109406bin
Downloading https://repo.maven.apache.org/maven2/io/grpc/grpc-core/1.45.1/grpc-core-1.45.1.jar to /home/runner/.gradle/.tmp/gradle_download8090793262753852966bin
Downloading https://repo.maven.apache.org/maven2/io/grpc/grpc-stub/1.45.1/grpc-stub-1.45.1.jar to /home/runner/.gradle/.tmp/gradle_download14008065041342226330bin
Downloading https://repo.maven.apache.org/maven2/com/google/code/gson/gson/2.8.9/gson-2.8.9.jar to /home/runner/.gradle/.tmp/gradle_download1419474719366090973bin
Downloading https://repo.maven.apache.org/maven2/org/tensorflow/tensorflow-lite-metadata/0.1.0-rc2/tensorflow-lite-metadata-0.1.0-rc2.jar to /home/runner/.gradle/.tmp/gradle_download9481109596797785579bin
Downloading https://dl.google.com/dl/android/maven2/com/google/testing/platform/core-proto/0.0.8-alpha08/core-proto-0.0.8-alpha08.jar to /home/runner/.gradle/.tmp/gradle_download9508501373232949985bin
Downloading https://repo.maven.apache.org/maven2/com/google/flatbuffers/flatbuffers-java/1.12.0/flatbuffers-java-1.12.0.jar to /home/runner/.gradle/.tmp/gradle_download15651205662444333636bin
Downloading https://repo.maven.apache.org/maven2/org/jetbrains/kotlin/kotlin-gradle-plugin-idea-proto/1.9.22/kotlin-gradle-plugin-idea-proto-1.9.22.jar to /home/runner/.gradle/.tmp/gradle_download7262762255471343094bin
Downloading https://repo.maven.apache.org/maven2/org/jetbrains/kotlin/kotlin-gradle-plugin-idea/1.9.22/kotlin-gradle-plugin-idea-1.9.22.jar to /home/runner/.gradle/.tmp/gradle_download10875895878371927344bin
Downloading https://repo.maven.apache.org/maven2/org/jetbrains/kotlin/kotlin-klib-commonizer-api/1.9.22/kotlin-klib-commonizer-api-1.9.22.jar to /home/runner/.gradle/.tmp/gradle_download10097360326626287302bin
Downloading https://repo.maven.apache.org/maven2/org/jetbrains/kotlin/kotlin-native-utils/1.9.22/kotlin-native-utils-1.9.22.jar to /home/runner/.gradle/.tmp/gradle_download14391450550963763194bin
Downloading https://repo.maven.apache.org/maven2/org/jetbrains/kotlin/kotlin-util-klib/1.9.22/kotlin-util-klib-1.9.22.jar to /home/runner/.gradle/.tmp/gradle_download13190214555739945132bin
Downloading https://repo.maven.apache.org/maven2/org/jetbrains/kotlin/kotlin-build-tools-api/1.9.22/kotlin-build-tools-api-1.9.22.jar to /home/runner/.gradle/.tmp/gradle_download13466503449338322875bin
Downloading https://repo.maven.apache.org/maven2/org/jetbrains/kotlin/kotlin-compiler-runner/1.9.22/kotlin-compiler-runner-1.9.22.jar to /home/runner/.gradle/.tmp/gradle_download11680129352259072635bin
Downloading https://repo.maven.apache.org/maven2/org/jetbrains/kotlin/kotlin-android-extensions/1.9.22/kotlin-android-extensions-1.9.22.jar to /home/runner/.gradle/.tmp/gradle_download16898998588185511741bin
Downloading https://repo.maven.apache.org/maven2/org/jetbrains/kotlin/kotlin-compiler-embeddable/1.9.22/kotlin-compiler-embeddable-1.9.22.jar to /home/runner/.gradle/.tmp/gradle_download192240943359190102bin
Downloading https://repo.maven.apache.org/maven2/org/jetbrains/kotlin/kotlin-scripting-compiler-embeddable/1.9.22/kotlin-scripting-compiler-embeddable-1.9.22.jar to /home/runner/.gradle/.tmp/gradle_download1530399188960230513bin
Downloading https://repo.maven.apache.org/maven2/org/jetbrains/kotlin/kotlin-scripting-compiler-impl-embeddable/1.9.22/kotlin-scripting-compiler-impl-embeddable-1.9.22.jar to /home/runner/.gradle/.tmp/gradle_download10333618191839008801bin
Cache entries evicted. In-memory cache of /home/runner/work/echoSystem-native2/echoSystem-native2/.gradle/8.2.1/checksums/sha1-checksums.bin: Size{389} MaxSize{400}, CacheStats{hitCount=109, missCount=430, loadSuccessCount=430, loadExceptionCount=0, totalLoadTime=125291440, evictionCount=41} 
Performance may suffer from in-memory cache misses. Increase max heap size of Gradle build process to reduce cache misses.
Downloading https://repo.maven.apache.org/maven2/com/google/jimfs/jimfs/1.1/jimfs-1.1.jar to /home/runner/.gradle/.tmp/gradle_download14061553991456538936bin
Downloading https://repo.maven.apache.org/maven2/io/grpc/grpc-api/1.45.1/grpc-api-1.45.1.jar to /home/runner/.gradle/.tmp/gradle_download3473586384347868786bin
Downloading https://repo.maven.apache.org/maven2/com/google/guava/guava/31.1-jre/guava-31.1-jre.jar to /home/runner/.gradle/.tmp/gradle_download5264095910345065342bin
Downloading https://repo.maven.apache.org/maven2/io/grpc/grpc-protobuf-lite/1.45.1/grpc-protobuf-lite-1.45.1.jar to /home/runner/.gradle/.tmp/gradle_download12287499050353964223bin
Downloading https://repo.maven.apache.org/maven2/com/google/dagger/dagger/2.28.3/dagger-2.28.3.jar to /home/runner/.gradle/.tmp/gradle_download1617888663890483659bin
Downloading https://repo.maven.apache.org/maven2/javax/inject/javax.inject/1/javax.inject-1.jar to /home/runner/.gradle/.tmp/gradle_download11890272121305237668bin
Downloading https://repo.maven.apache.org/maven2/net/sf/kxml/kxml2/2.3.0/kxml2-2.3.0.jar to /home/runner/.gradle/.tmp/gradle_download12875798070549892310bin
Downloading https://repo.maven.apache.org/maven2/org/bouncycastle/bcprov-jdk15on/1.67/bcprov-jdk15on-1.67.jar to /home/runner/.gradle/.tmp/gradle_download15740137799138031511bin
Downloading https://repo.maven.apache.org/maven2/org/jetbrains/intellij/deps/trove4j/1.0.20200330/trove4j-1.0.20200330.jar to /home/runner/.gradle/.tmp/gradle_download3075492514138919754bin
Downloading https://repo.maven.apache.org/maven2/xerces/xercesImpl/2.12.0/xercesImpl-2.12.0.jar to /home/runner/.gradle/.tmp/gradle_download14629354413523080958bin
Downloading https://repo.maven.apache.org/maven2/org/apache/commons/commons-compress/1.21/commons-compress-1.21.jar to /home/runner/.gradle/.tmp/gradle_download9351237588014833569bin
Downloading https://repo.maven.apache.org/maven2/org/apache/httpcomponents/httpclient/4.5.13/httpclient-4.5.13.jar to /home/runner/.gradle/.tmp/gradle_download12520840747276302342bin
Downloading https://repo.maven.apache.org/maven2/org/apache/httpcomponents/httpcore/4.4.15/httpcore-4.4.15.jar to /home/runner/.gradle/.tmp/gradle_download9699021156454521832bin
Downloading https://repo.maven.apache.org/maven2/com/sun/activation/javax.activation/1.2.0/javax.activation-1.2.0.jar to /home/runner/.gradle/.tmp/gradle_download12559162809798319775bin
Downloading https://repo.maven.apache.org/maven2/org/jetbrains/annotations/13.0/annotations-13.0.jar to /home/runner/.gradle/.tmp/gradle_download5248892832788439964bin
Downloading https://dl.google.com/dl/android/maven2/com/android/signflinger/8.1.2/signflinger-8.1.2.jar to /home/runner/.gradle/.tmp/gradle_download17543975212951962327bin
Downloading https://repo.maven.apache.org/maven2/net/java/dev/jna/jna-platform/5.6.0/jna-platform-5.6.0.jar to /home/runner/.gradle/.tmp/gradle_download16431439588443312424bin
Downloading https://dl.google.com/dl/android/maven2/com/android/zipflinger/8.1.2/zipflinger-8.1.2.jar to /home/runner/.gradle/.tmp/gradle_download18128523968317631449bin
Downloading https://repo.maven.apache.org/maven2/com/googlecode/juniversalchardet/juniversalchardet/1.0.3/juniversalchardet-1.0.3.jar to /home/runner/.gradle/.tmp/gradle_download15218928508317851923bin
Downloading https://dl.google.com/dl/android/maven2/com/android/tools/annotations/31.1.2/annotations-31.1.2.jar to /home/runner/.gradle/.tmp/gradle_download6458596806003885809bin
Downloading https://repo.maven.apache.org/maven2/javax/annotation/javax.annotation-api/1.3.2/javax.annotation-api-1.3.2.jar to /home/runner/.gradle/.tmp/gradle_download9117522353108156371bin
Downloading https://repo.maven.apache.org/maven2/org/jvnet/staxex/stax-ex/1.8.1/stax-ex-1.8.1.jar to /home/runner/.gradle/.tmp/gradle_download10319347241331709002bin
Downloading https://repo.maven.apache.org/maven2/jakarta/xml/bind/jakarta.xml.bind-api/2.3.2/jakarta.xml.bind-api-2.3.2.jar to /home/runner/.gradle/.tmp/gradle_download17860011909448208655bin
Downloading https://repo.maven.apache.org/maven2/org/glassfish/jaxb/txw2/2.3.2/txw2-2.3.2.jar to /home/runner/.gradle/.tmp/gradle_download6960793025283563520bin
Downloading https://repo.maven.apache.org/maven2/com/sun/istack/istack-commons-runtime/3.0.8/istack-commons-runtime-3.0.8.jar to /home/runner/.gradle/.tmp/gradle_download9836030259436196545bin
Downloading https://repo.maven.apache.org/maven2/com/sun/xml/fastinfoset/FastInfoset/1.2.16/FastInfoset-1.2.16.jar to /home/runner/.gradle/.tmp/gradle_download1616156793635198636bin
Downloading https://repo.maven.apache.org/maven2/com/google/auto/value/auto-value-annotations/1.6.2/auto-value-annotations-1.6.2.jar to /home/runner/.gradle/.tmp/gradle_download10043632366432596922bin
Downloading https://repo.maven.apache.org/maven2/jakarta/activation/jakarta.activation-api/1.2.1/jakarta.activation-api-1.2.1.jar to /home/runner/.gradle/.tmp/gradle_download1393295956184232038bin
Downloading https://repo.maven.apache.org/maven2/com/google/errorprone/error_prone_annotations/2.11.0/error_prone_annotations-2.11.0.jar to /home/runner/.gradle/.tmp/gradle_download8885948374314500563bin
Downloading https://repo.maven.apache.org/maven2/org/slf4j/slf4j-api/1.7.30/slf4j-api-1.7.30.jar to /home/runner/.gradle/.tmp/gradle_download6974917210217677439bin
Downloading https://repo.maven.apache.org/maven2/org/bitbucket/b_c/jose4j/0.7.0/jose4j-0.7.0.jar to /home/runner/.gradle/.tmp/gradle_download9389620629810343185bin
Downloading https://repo.maven.apache.org/maven2/org/jdom/jdom2/2.0.6/jdom2-2.0.6.jar to /home/runner/.gradle/.tmp/gradle_download11663431344035308278bin
Downloading https://repo.maven.apache.org/maven2/com/google/j2objc/j2objc-annotations/1.3/j2objc-annotations-1.3.jar to /home/runner/.gradle/.tmp/gradle_download13951478437012301463bin
Downloading https://repo.maven.apache.org/maven2/com/google/code/findbugs/jsr305/3.0.2/jsr305-3.0.2.jar to /home/runner/.gradle/.tmp/gradle_download12452608157748284432bin
Downloading https://repo.maven.apache.org/maven2/com/google/android/annotations/4.1.1.4/annotations-4.1.1.4.jar to /home/runner/.gradle/.tmp/gradle_download13949825796472410476bin
Downloading https://repo.maven.apache.org/maven2/org/codehaus/mojo/animal-sniffer-annotations/1.19/animal-sniffer-annotations-1.19.jar to /home/runner/.gradle/.tmp/gradle_download5106692593687216805bin
Downloading https://repo.maven.apache.org/maven2/io/netty/netty-codec-http2/4.1.72.Final/netty-codec-http2-4.1.72.Final.jar to /home/runner/.gradle/.tmp/gradle_download10122674342840675941bin
Downloading https://repo.maven.apache.org/maven2/io/perfmark/perfmark-api/0.23.0/perfmark-api-0.23.0.jar to /home/runner/.gradle/.tmp/gradle_download5195707383154412334bin
Downloading https://repo.maven.apache.org/maven2/io/netty/netty-handler-proxy/4.1.72.Final/netty-handler-proxy-4.1.72.Final.jar to /home/runner/.gradle/.tmp/gradle_download13177454283126693093bin
Downloading https://repo.maven.apache.org/maven2/org/checkerframework/checker-qual/3.12.0/checker-qual-3.12.0.jar to /home/runner/.gradle/.tmp/gradle_download11334466316935091171bin
Downloading https://repo.maven.apache.org/maven2/commons-codec/commons-codec/1.11/commons-codec-1.11.jar to /home/runner/.gradle/.tmp/gradle_download61282473773893352bin
Downloading https://repo.maven.apache.org/maven2/com/squareup/javawriter/2.5.0/javawriter-2.5.0.jar to /home/runner/.gradle/.tmp/gradle_download9069657154014224791bin
Downloading https://repo.maven.apache.org/maven2/org/jetbrains/kotlin/kotlin-gradle-plugin-annotations/1.9.22/kotlin-gradle-plugin-annotations-1.9.22.jar to /home/runner/.gradle/.tmp/gradle_download13957027465754864939bin
Downloading https://dl.google.com/dl/android/maven2/com/android/tools/build/apksig/8.1.2/apksig-8.1.2.jar to /home/runner/.gradle/.tmp/gradle_download4718251378225601951bin
Downloading https://repo.maven.apache.org/maven2/org/jetbrains/kotlin/kotlin-tooling-core/1.9.22/kotlin-tooling-core-1.9.22.jar to /home/runner/.gradle/.tmp/gradle_download4645333113133647299bin
Downloading https://repo.maven.apache.org/maven2/org/jetbrains/kotlin/kotlin-project-model/1.9.22/kotlin-project-model-1.9.22.jar to /home/runner/.gradle/.tmp/gradle_download6795046604004397798bin
Downloading https://repo.maven.apache.org/maven2/org/jetbrains/kotlin/kotlin-util-io/1.9.22/kotlin-util-io-1.9.22.jar to /home/runner/.gradle/.tmp/gradle_download6107740306930911894bin
Downloading https://repo.maven.apache.org/maven2/org/jetbrains/kotlin/kotlin-daemon-client/1.9.22/kotlin-daemon-client-1.9.22.jar to /home/runner/.gradle/.tmp/gradle_download8172197389668071566bin
Downloading https://repo.maven.apache.org/maven2/org/jetbrains/kotlin/kotlin-daemon-embeddable/1.9.22/kotlin-daemon-embeddable-1.9.22.jar to /home/runner/.gradle/.tmp/gradle_download4369702399996107066bin
Downloading https://repo.maven.apache.org/maven2/org/jetbrains/kotlinx/kotlinx-coroutines-core-jvm/1.5.0/kotlinx-coroutines-core-jvm-1.5.0.jar to /home/runner/.gradle/.tmp/gradle_download18440626405714207501bin
Downloading https://repo.maven.apache.org/maven2/com/google/guava/failureaccess/1.0.1/failureaccess-1.0.1.jar to /home/runner/.gradle/.tmp/gradle_download2484859863434939950bin
Cache entries evicted. In-memory cache of /home/runner/work/echoSystem-native2/echoSystem-native2/.gradle/8.2.1/checksums/sha1-checksums.bin: Size{400} MaxSize{400}, CacheStats{hitCount=109, missCount=481, loadSuccessCount=481, loadExceptionCount=0, totalLoadTime=143352550, evictionCount=81} 
Performance may suffer from in-memory cache misses. Increase max heap size of Gradle build process to reduce cache misses.
Downloading https://repo.maven.apache.org/maven2/org/jetbrains/kotlin/kotlin-scripting-jvm/1.9.22/kotlin-scripting-jvm-1.9.22.jar to /home/runner/.gradle/.tmp/gradle_download14217811663250039096bin
Downloading https://repo.maven.apache.org/maven2/org/jetbrains/kotlin/kotlin-scripting-common/1.9.22/kotlin-scripting-common-1.9.22.jar to /home/runner/.gradle/.tmp/gradle_download3998020084961969614bin
Downloading https://repo.maven.apache.org/maven2/com/google/guava/listenablefuture/9999.0-empty-to-avoid-conflict-with-guava/listenablefuture-9999.0-empty-to-avoid-conflict-with-guava.jar to /home/runner/.gradle/.tmp/gradle_download17758555477938496884bin
Downloading https://repo.maven.apache.org/maven2/commons-logging/commons-logging/1.2/commons-logging-1.2.jar to /home/runner/.gradle/.tmp/gradle_download5499575023120183296bin
Downloading https://repo.maven.apache.org/maven2/xml-apis/xml-apis/1.4.01/xml-apis-1.4.01.jar to /home/runner/.gradle/.tmp/gradle_download7285661438921115328bin
Downloading https://repo.maven.apache.org/maven2/io/netty/netty-codec-http/4.1.72.Final/netty-codec-http-4.1.72.Final.jar to /home/runner/.gradle/.tmp/gradle_download1316207801213749553bin
Downloading https://repo.maven.apache.org/maven2/net/java/dev/jna/jna/5.6.0/jna-5.6.0.jar to /home/runner/.gradle/.tmp/gradle_download12725121838416819965bin
Downloading https://repo.maven.apache.org/maven2/io/grpc/grpc-context/1.45.1/grpc-context-1.45.1.jar to /home/runner/.gradle/.tmp/gradle_download11380719114040423074bin
Downloading https://repo.maven.apache.org/maven2/io/netty/netty-handler/4.1.72.Final/netty-handler-4.1.72.Final.jar to /home/runner/.gradle/.tmp/gradle_download11592907272641922219bin
Downloading https://repo.maven.apache.org/maven2/io/netty/netty-codec-socks/4.1.72.Final/netty-codec-socks-4.1.72.Final.jar to /home/runner/.gradle/.tmp/gradle_download15211868276946477444bin
Downloading https://repo.maven.apache.org/maven2/io/netty/netty-codec/4.1.72.Final/netty-codec-4.1.72.Final.jar to /home/runner/.gradle/.tmp/gradle_download4232513622920452688bin
Downloading https://repo.maven.apache.org/maven2/io/netty/netty-transport/4.1.72.Final/netty-transport-4.1.72.Final.jar to /home/runner/.gradle/.tmp/gradle_download354261523185628917bin
Downloading https://repo.maven.apache.org/maven2/io/netty/netty-buffer/4.1.72.Final/netty-buffer-4.1.72.Final.jar to /home/runner/.gradle/.tmp/gradle_download1736555432814357142bin
Downloading https://repo.maven.apache.org/maven2/io/netty/netty-resolver/4.1.72.Final/netty-resolver-4.1.72.Final.jar to /home/runner/.gradle/.tmp/gradle_download2632397588979044079bin
Downloading https://repo.maven.apache.org/maven2/io/netty/netty-tcnative-classes/2.0.46.Final/netty-tcnative-classes-2.0.46.Final.jar to /home/runner/.gradle/.tmp/gradle_download14135173966893229529bin
Downloading https://repo.maven.apache.org/maven2/io/netty/netty-common/4.1.72.Final/netty-common-4.1.72.Final.jar to /home/runner/.gradle/.tmp/gradle_download7099912936900116575bin
Compiling build file '/home/runner/work/echoSystem-native2/echoSystem-native2/build.gradle' using BuildScriptTransformer.

> Configure project :app
Evaluating project ':app' using build file '/home/runner/work/echoSystem-native2/echoSystem-native2/app/build.gradle'.
Compiling build file '/home/runner/work/echoSystem-native2/echoSystem-native2/app/build.gradle' using SubsetScriptTransformer.
Using default execution profile
Using Kotlin Gradle Plugin gradle82 variant
Compiling build file '/home/runner/work/echoSystem-native2/echoSystem-native2/app/build.gradle' using BuildScriptTransformer.
Parsed shrinker version: 8.1.68
All projects evaluated.
The configuration :classpath is both resolvable and consumable. This is considered a legacy configuration and it will eventually only be possible to be one of these.
The configuration :classpath is both consumable and declarable. This combination is incorrect, only one of these flags should be set.
The configuration :classpath is both resolvable and consumable. This is considered a legacy configuration and it will eventually only be possible to be one of these.
The configuration :classpath is both consumable and declarable. This combination is incorrect, only one of these flags should be set.
The configuration :classpath is both resolvable and consumable. This is considered a legacy configuration and it will eventually only be possible to be one of these.
The configuration :classpath is both consumable and declarable. This combination is incorrect, only one of these flags should be set.
The configuration :classpath is both resolvable and consumable. This is considered a legacy configuration and it will eventually only be possible to be one of these.
The configuration :classpath is both consumable and declarable. This combination is incorrect, only one of these flags should be set.
The configuration :classpath is both resolvable and consumable. This is considered a legacy configuration and it will eventually only be possible to be one of these.
The configuration :classpath is both consumable and declarable. This combination is incorrect, only one of these flags should be set.
The configuration :app:classpath is both resolvable and consumable. This is considered a legacy configuration and it will eventually only be possible to be one of these.
The configuration :app:classpath is both consumable and declarable. This combination is incorrect, only one of these flags should be set.
The configuration :app:classpath is both resolvable and consumable. This is considered a legacy configuration and it will eventually only be possible to be one of these.
The configuration :app:classpath is both consumable and declarable. This combination is incorrect, only one of these flags should be set.
The configuration :app:classpath is both resolvable and consumable. This is considered a legacy configuration and it will eventually only be possible to be one of these.
The configuration :app:classpath is both consumable and declarable. This combination is incorrect, only one of these flags should be set.
The configuration :app:classpath is both resolvable and consumable. This is considered a legacy configuration and it will eventually only be possible to be one of these.
The configuration :app:classpath is both consumable and declarable. This combination is incorrect, only one of these flags should be set.
The configuration :app:classpath is both resolvable and consumable. This is considered a legacy configuration and it will eventually only be possible to be one of these.
The configuration :app:classpath is both consumable and declarable. This combination is incorrect, only one of these flags should be set.
The configuration :app:classpath is both resolvable and consumable. This is considered a legacy configuration and it will eventually only be possible to be one of these.
The configuration :app:classpath is both consumable and declarable. This combination is incorrect, only one of these flags should be set.
Task name matched 'assembleDebug'
Selected primary task 'assembleDebug' from project :
Parsing /usr/local/lib/android/sdk/build-tools/34.0.0/package.xml
Parsing /usr/local/lib/android/sdk/build-tools/35.0.0/package.xml
Parsing /usr/local/lib/android/sdk/build-tools/35.0.1/package.xml
Parsing /usr/local/lib/android/sdk/build-tools/36.0.0/package.xml
Parsing /usr/local/lib/android/sdk/build-tools/36.1.0/package.xml
Parsing /usr/local/lib/android/sdk/build-tools/37.0.0/package.xml
Parsing /usr/local/lib/android/sdk/cmake/3.31.5/package.xml
Parsing /usr/local/lib/android/sdk/cmake/4.1.2/package.xml
Parsing legacy package: /usr/local/lib/android/sdk/cmdline-tools/20.0
Parsing legacy package: /usr/local/lib/android/sdk/cmdline-tools/latest
Parsing /usr/local/lib/android/sdk/cmdline-tools/latest-2/package.xml
This version only understands SDK XML versions up to 3 but an SDK XML file of version 4 was encountered. This can happen if you use versions of Android Studio and the command-line tools that were released at different times.
Observed package id 'cmdline-tools;latest' in inconsistent location '/usr/local/lib/android/sdk/cmdline-tools/latest-2' (Expected '/usr/local/lib/android/sdk/cmdline-tools/latest')
Parsing /usr/local/lib/android/sdk/emulator/package.xml
Parsing /usr/local/lib/android/sdk/extras/android/m2repository/package.xml
Parsing /usr/local/lib/android/sdk/extras/google/google_play_services/package.xml
Parsing /usr/local/lib/android/sdk/extras/google/m2repository/package.xml
Parsing /usr/local/lib/android/sdk/ndk/27.3.13750724/package.xml
Parsing /usr/local/lib/android/sdk/ndk/28.2.13676358/package.xml
Parsing /usr/local/lib/android/sdk/ndk/29.0.14206865/package.xml
Parsing /usr/local/lib/android/sdk/platform-tools/package.xml
Parsing /usr/local/lib/android/sdk/platforms/android-34/package.xml
Parsing /usr/local/lib/android/sdk/platforms/android-34-ext10/package.xml
Parsing /usr/local/lib/android/sdk/platforms/android-34-ext11/package.xml
Parsing /usr/local/lib/android/sdk/platforms/android-34-ext12/package.xml
Parsing /usr/local/lib/android/sdk/platforms/android-34-ext8/package.xml
Parsing /usr/local/lib/android/sdk/platforms/android-35/package.xml
Parsing /usr/local/lib/android/sdk/platforms/android-35-ext14/package.xml
Parsing /usr/local/lib/android/sdk/platforms/android-35-ext15/package.xml
Parsing /usr/local/lib/android/sdk/platforms/android-36/package.xml
Parsing /usr/local/lib/android/sdk/platforms/android-36-ext18/package.xml
Parsing /usr/local/lib/android/sdk/platforms/android-36-ext19/package.xml
Parsing /usr/local/lib/android/sdk/platforms/android-36.1/package.xml
Parsing /usr/local/lib/android/sdk/platforms/android-37.0/package.xml
Parsing /usr/local/lib/android/sdk/tools/package.xml
Parsing /usr/local/lib/android/sdk/build-tools/34.0.0/package.xml
Parsing /usr/local/lib/android/sdk/build-tools/35.0.0/package.xml
Parsing /usr/local/lib/android/sdk/build-tools/35.0.1/package.xml
Parsing /usr/local/lib/android/sdk/build-tools/36.0.0/package.xml
Parsing /usr/local/lib/android/sdk/build-tools/36.1.0/package.xml
Parsing /usr/local/lib/android/sdk/build-tools/37.0.0/package.xml
Parsing /usr/local/lib/android/sdk/cmake/3.31.5/package.xml
Parsing /usr/local/lib/android/sdk/cmake/4.1.2/package.xml
Parsing legacy package: /usr/local/lib/android/sdk/cmdline-tools/20.0
Parsing legacy package: /usr/local/lib/android/sdk/cmdline-tools/latest
Parsing /usr/local/lib/android/sdk/cmdline-tools/latest-2/package.xml
Observed package id 'cmdline-tools;latest' in inconsistent location '/usr/local/lib/android/sdk/cmdline-tools/latest-2' (Expected '/usr/local/lib/android/sdk/cmdline-tools/latest')
Parsing /usr/local/lib/android/sdk/emulator/package.xml
Parsing /usr/local/lib/android/sdk/extras/android/m2repository/package.xml
Parsing /usr/local/lib/android/sdk/extras/google/google_play_services/package.xml
Parsing /usr/local/lib/android/sdk/extras/google/m2repository/package.xml
Parsing /usr/local/lib/android/sdk/ndk/27.3.13750724/package.xml
Parsing /usr/local/lib/android/sdk/ndk/28.2.13676358/package.xml
Parsing /usr/local/lib/android/sdk/ndk/29.0.14206865/package.xml
Parsing /usr/local/lib/android/sdk/platform-tools/package.xml
Parsing /usr/local/lib/android/sdk/platforms/android-34/package.xml
Parsing /usr/local/lib/android/sdk/platforms/android-34-ext10/package.xml
Parsing /usr/local/lib/android/sdk/platforms/android-34-ext11/package.xml
Parsing /usr/local/lib/android/sdk/platforms/android-34-ext12/package.xml
Parsing /usr/local/lib/android/sdk/platforms/android-34-ext8/package.xml
Parsing /usr/local/lib/android/sdk/platforms/android-35/package.xml
Parsing /usr/local/lib/android/sdk/platforms/android-35-ext14/package.xml
Parsing /usr/local/lib/android/sdk/platforms/android-35-ext15/package.xml
Parsing /usr/local/lib/android/sdk/platforms/android-36/package.xml
Parsing /usr/local/lib/android/sdk/platforms/android-36-ext18/package.xml
Parsing /usr/local/lib/android/sdk/platforms/android-36-ext19/package.xml
Parsing /usr/local/lib/android/sdk/platforms/android-36.1/package.xml
Parsing /usr/local/lib/android/sdk/platforms/android-37.0/package.xml
Parsing /usr/local/lib/android/sdk/tools/package.xml
Parsing /usr/local/lib/android/sdk/build-tools/34.0.0/package.xml
Parsing /usr/local/lib/android/sdk/build-tools/35.0.0/package.xml
Parsing /usr/local/lib/android/sdk/build-tools/35.0.1/package.xml
Parsing /usr/local/lib/android/sdk/build-tools/36.0.0/package.xml
Parsing /usr/local/lib/android/sdk/build-tools/36.1.0/package.xml
Parsing /usr/local/lib/android/sdk/build-tools/37.0.0/package.xml
Parsing /usr/local/lib/android/sdk/cmake/3.31.5/package.xml
Parsing /usr/local/lib/android/sdk/cmake/4.1.2/package.xml
Parsing legacy package: /usr/local/lib/android/sdk/cmdline-tools/20.0
Parsing legacy package: /usr/local/lib/android/sdk/cmdline-tools/latest
Parsing /usr/local/lib/android/sdk/cmdline-tools/latest-2/package.xml
Observed package id 'cmdline-tools;latest' in inconsistent location '/usr/local/lib/android/sdk/cmdline-tools/latest-2' (Expected '/usr/local/lib/android/sdk/cmdline-tools/latest')
Parsing /usr/local/lib/android/sdk/emulator/package.xml
Parsing /usr/local/lib/android/sdk/extras/android/m2repository/package.xml
Parsing /usr/local/lib/android/sdk/extras/google/google_play_services/package.xml
Parsing /usr/local/lib/android/sdk/extras/google/m2repository/package.xml
Parsing /usr/local/lib/android/sdk/ndk/27.3.13750724/package.xml
Parsing /usr/local/lib/android/sdk/ndk/28.2.13676358/package.xml
Parsing /usr/local/lib/android/sdk/ndk/29.0.14206865/package.xml
Parsing /usr/local/lib/android/sdk/platform-tools/package.xml
Parsing /usr/local/lib/android/sdk/platforms/android-34/package.xml
Parsing /usr/local/lib/android/sdk/platforms/android-34-ext10/package.xml
Parsing /usr/local/lib/android/sdk/platforms/android-34-ext11/package.xml
Parsing /usr/local/lib/android/sdk/platforms/android-34-ext12/package.xml
Parsing /usr/local/lib/android/sdk/platforms/android-34-ext8/package.xml
Parsing /usr/local/lib/android/sdk/platforms/android-35/package.xml
Parsing /usr/local/lib/android/sdk/platforms/android-35-ext14/package.xml
Parsing /usr/local/lib/android/sdk/platforms/android-35-ext15/package.xml
Parsing /usr/local/lib/android/sdk/platforms/android-36/package.xml
Parsing /usr/local/lib/android/sdk/platforms/android-36-ext18/package.xml
Parsing /usr/local/lib/android/sdk/platforms/android-36-ext19/package.xml
Parsing /usr/local/lib/android/sdk/platforms/android-36.1/package.xml
Parsing /usr/local/lib/android/sdk/platforms/android-37.0/package.xml
Parsing /usr/local/lib/android/sdk/tools/package.xml
Checking the license for package Android SDK Build-Tools 33.0.1 in /usr/local/lib/android/sdk/licenses
License for package Android SDK Build-Tools 33.0.1 accepted.
Preparing "Install Android SDK Build-Tools 33.0.1 v.33.0.1".
"Install Android SDK Build-Tools 33.0.1 v.33.0.1" ready.
Installing Android SDK Build-Tools 33.0.1 in /usr/local/lib/android/sdk/build-tools/33.0.1
"Install Android SDK Build-Tools 33.0.1 v.33.0.1" complete.
"Install Android SDK Build-Tools 33.0.1 v.33.0.1" finished.
Parsing /usr/local/lib/android/sdk/build-tools/33.0.1/package.xml
Parsing /usr/local/lib/android/sdk/build-tools/34.0.0/package.xml
Parsing /usr/local/lib/android/sdk/build-tools/35.0.0/package.xml
Parsing /usr/local/lib/android/sdk/build-tools/35.0.1/package.xml
Parsing /usr/local/lib/android/sdk/build-tools/36.0.0/package.xml
Parsing /usr/local/lib/android/sdk/build-tools/36.1.0/package.xml
Parsing /usr/local/lib/android/sdk/build-tools/37.0.0/package.xml
Parsing /usr/local/lib/android/sdk/cmake/3.31.5/package.xml
Parsing /usr/local/lib/android/sdk/cmake/4.1.2/package.xml
Parsing legacy package: /usr/local/lib/android/sdk/cmdline-tools/20.0
Parsing legacy package: /usr/local/lib/android/sdk/cmdline-tools/latest
Parsing /usr/local/lib/android/sdk/cmdline-tools/latest-2/package.xml
Observed package id 'cmdline-tools;latest' in inconsistent location '/usr/local/lib/android/sdk/cmdline-tools/latest-2' (Expected '/usr/local/lib/android/sdk/cmdline-tools/latest')
Parsing /usr/local/lib/android/sdk/emulator/package.xml
Parsing /usr/local/lib/android/sdk/extras/android/m2repository/package.xml
Parsing /usr/local/lib/android/sdk/extras/google/google_play_services/package.xml
Parsing /usr/local/lib/android/sdk/extras/google/m2repository/package.xml
Parsing /usr/local/lib/android/sdk/ndk/27.3.13750724/package.xml
Parsing /usr/local/lib/android/sdk/ndk/28.2.13676358/package.xml
Parsing /usr/local/lib/android/sdk/ndk/29.0.14206865/package.xml
Parsing /usr/local/lib/android/sdk/platform-tools/package.xml
Parsing /usr/local/lib/android/sdk/platforms/android-34/package.xml
Parsing /usr/local/lib/android/sdk/platforms/android-34-ext10/package.xml
Parsing /usr/local/lib/android/sdk/platforms/android-34-ext11/package.xml
Parsing /usr/local/lib/android/sdk/platforms/android-34-ext12/package.xml
Parsing /usr/local/lib/android/sdk/platforms/android-34-ext8/package.xml
Parsing /usr/local/lib/android/sdk/platforms/android-35/package.xml
Parsing /usr/local/lib/android/sdk/platforms/android-35-ext14/package.xml
Parsing /usr/local/lib/android/sdk/platforms/android-35-ext15/package.xml
Parsing /usr/local/lib/android/sdk/platforms/android-36/package.xml
Parsing /usr/local/lib/android/sdk/platforms/android-36-ext18/package.xml
Parsing /usr/local/lib/android/sdk/platforms/android-36-ext19/package.xml
Parsing /usr/local/lib/android/sdk/platforms/android-36.1/package.xml
Parsing /usr/local/lib/android/sdk/platforms/android-37.0/package.xml
Parsing /usr/local/lib/android/sdk/tools/package.xml
SDK initialized in 2986 ms
Tasks to be executed: [task ':app:preBuild', task ':app:preDebugBuild', task ':app:mergeDebugNativeDebugMetadata', task ':app:checkKotlinGradlePluginConfigurationErrors', task ':app:generateDebugBuildConfig', task ':app:checkDebugAarMetadata', task ':app:generateDebugResValues', task ':app:mapDebugSourceSetPaths', task ':app:generateDebugResources', task ':app:mergeDebugResources', task ':app:packageDebugResources', task ':app:parseDebugLocalResources', task ':app:createDebugCompatibleScreenManifests', task ':app:extractDeepLinksDebug', task ':app:processDebugMainManifest', task ':app:processDebugManifest', task ':app:processDebugManifestForPackage', task ':app:processDebugResources', task ':app:kaptGenerateStubsDebugKotlin', task ':app:kaptDebugKotlin', task ':app:compileDebugKotlin', task ':app:javaPreCompileDebug', task ':app:compileDebugJavaWithJavac', task ':app:mergeDebugShaders', task ':app:compileDebugShaders', task ':app:generateDebugAssets', task ':app:mergeDebugAssets', task ':app:compressDebugAssets', task ':app:l8DexDesugarLibDebug', task ':app:desugarDebugFileDependencies', task ':app:hiltAggregateDepsDebug', task ':app:hiltJavaCompileDebug', task ':app:transformDebugClassesWithAsm', task ':app:dexBuilderDebug', task ':app:mergeDebugGlobalSynthetics', task ':app:processDebugJavaRes', task ':app:mergeDebugJavaResource', task ':app:checkDebugDuplicateClasses', task ':app:mergeExtDexDebug', task ':app:mergeLibDexDebug', task ':app:mergeProjectDexDebug', task ':app:mergeDebugJniLibFolders', task ':app:mergeDebugNativeLibs', task ':app:stripDebugDebugSymbols', task ':app:validateSigningDebug', task ':app:writeDebugAppMetadata', task ':app:writeDebugSigningConfigVersions', task ':app:packageDebug', task ':app:createDebugApkListingFileRedirect', task ':app:assembleDebug']
Tasks that were excluded: []
Resolve mutations for :app:preBuild (Thread[Execution worker,5,main]) started.
:app:preBuild (Thread[Execution worker,5,main]) started.

> Task :app:preBuild UP-TO-DATE
Skipping task ':app:preBuild' as it has no actions.
Resolve mutations for :app:preDebugBuild (Thread[Execution worker,5,main]) started.
:app:preDebugBuild (Thread[Execution worker,5,main]) started.

> Task :app:preDebugBuild UP-TO-DATE
Skipping task ':app:preDebugBuild' as it has no actions.
Resolve mutations for :app:mergeDebugNativeDebugMetadata (Thread[included builds,5,main]) started.
:app:mergeDebugNativeDebugMetadata (Thread[Execution worker,5,main]) started.

> Task :app:mergeDebugNativeDebugMetadata NO-SOURCE
Skipping task ':app:mergeDebugNativeDebugMetadata' as it has no source files and no previous output files.
Resolve mutations for :app:checkKotlinGradlePluginConfigurationErrors (Thread[included builds,5,main]) started.
:app:checkKotlinGradlePluginConfigurationErrors (Thread[Execution worker,5,main]) started.

> Task :app:checkKotlinGradlePluginConfigurationErrors
Caching disabled for task ':app:checkKotlinGradlePluginConfigurationErrors' because:
  Build cache is disabled
Task ':app:checkKotlinGradlePluginConfigurationErrors' is not up-to-date because:
  Task has not declared any outputs despite executing actions.
Resolve mutations for :app:generateDebugBuildConfig (Thread[included builds,5,main]) started.
:app:generateDebugBuildConfig (Thread[Execution worker,5,main]) started.

> Task :app:generateDebugBuildConfig
Watching 1 directories to track changes
Caching disabled for task ':app:generateDebugBuildConfig' because:
  Build cache is disabled
Task ':app:generateDebugBuildConfig' is not up-to-date because:
  No history is available.
Watching 0 directories to track changes
Watching 4 directories to track changes
Watching 5 directories to track changes
Watching 6 directories to track changes
Resolve mutations for :app:checkDebugAarMetadata (Thread[included builds,5,main]) started.
:app:checkDebugAarMetadata (Thread[included builds,5,main]) started.

> Task :app:checkDebugAarMetadata
Watching 7 directories to track changes
Downloading https://dl.google.com/dl/android/maven2/androidx/compose/compose-bom/2024.01.00/compose-bom-2024.01.00.pom to /home/runner/.gradle/.tmp/gradle_download12765550630233414884bin
Resource missing. [HTTP GET: https://dl.google.com/dl/android/maven2/org/jetbrains/kotlin/kotlin-stdlib/1.9.22/kotlin-stdlib-1.9.22.pom]
Downloading https://repo.maven.apache.org/maven2/org/jetbrains/kotlin/kotlin-stdlib/1.9.22/kotlin-stdlib-1.9.22.pom to /home/runner/.gradle/.tmp/gradle_download18089433806349590397bin
Downloading https://repo.maven.apache.org/maven2/org/jetbrains/kotlin/kotlin-stdlib/1.9.22/kotlin-stdlib-1.9.22.module to /home/runner/.gradle/.tmp/gradle_download10437138996484568579bin
Resource missing. [HTTP GET: https://dl.google.com/dl/android/maven2/io/ktor/ktor-server-websockets/2.3.7/ktor-server-websockets-2.3.7.pom]
Resource missing. [HTTP GET: https://dl.google.com/dl/android/maven2/io/ktor/ktor-server-netty/2.3.7/ktor-server-netty-2.3.7.pom]
Resource missing. [HTTP GET: https://dl.google.com/dl/android/maven2/io/ktor/ktor-server-core/2.3.7/ktor-server-core-2.3.7.pom]
Downloading https://repo.maven.apache.org/maven2/io/ktor/ktor-server-websockets/2.3.7/ktor-server-websockets-2.3.7.pom to /home/runner/.gradle/.tmp/gradle_download5925378936039754168bin
Downloading https://repo.maven.apache.org/maven2/io/ktor/ktor-server-core/2.3.7/ktor-server-core-2.3.7.pom to /home/runner/.gradle/.tmp/gradle_download916486276849894550bin
Downloading https://repo.maven.apache.org/maven2/io/ktor/ktor-server-websockets/2.3.7/ktor-server-websockets-2.3.7.module to /home/runner/.gradle/.tmp/gradle_download5444506432741087476bin
Downloading https://repo.maven.apache.org/maven2/io/ktor/ktor-server-netty/2.3.7/ktor-server-netty-2.3.7.pom to /home/runner/.gradle/.tmp/gradle_download3709417727183258188bin
Downloading https://repo.maven.apache.org/maven2/io/ktor/ktor-server-core/2.3.7/ktor-server-core-2.3.7.module to /home/runner/.gradle/.tmp/gradle_download6571811817431822126bin
Resource missing. [HTTP GET: https://dl.google.com/dl/android/maven2/io/ktor/ktor-serialization-kotlinx-json/2.3.7/ktor-serialization-kotlinx-json-2.3.7.pom]
Resource missing. [HTTP GET: https://dl.google.com/dl/android/maven2/io/ktor/ktor-server-content-negotiation/2.3.7/ktor-server-content-negotiation-2.3.7.pom]
Downloading https://repo.maven.apache.org/maven2/io/ktor/ktor-server-netty/2.3.7/ktor-server-netty-2.3.7.module to /home/runner/.gradle/.tmp/gradle_download10020529850436159345bin
Downloading https://repo.maven.apache.org/maven2/io/ktor/ktor-serialization-kotlinx-json/2.3.7/ktor-serialization-kotlinx-json-2.3.7.pom to /home/runner/.gradle/.tmp/gradle_download1907449696698405462bin
Downloading https://repo.maven.apache.org/maven2/io/ktor/ktor-server-content-negotiation/2.3.7/ktor-server-content-negotiation-2.3.7.pom to /home/runner/.gradle/.tmp/gradle_download17129160540312678495bin
Downloading https://repo.maven.apache.org/maven2/io/ktor/ktor-serialization-kotlinx-json/2.3.7/ktor-serialization-kotlinx-json-2.3.7.module to /home/runner/.gradle/.tmp/gradle_download13609070626500466947bin
Downloading https://repo.maven.apache.org/maven2/io/ktor/ktor-server-content-negotiation/2.3.7/ktor-server-content-negotiation-2.3.7.module to /home/runner/.gradle/.tmp/gradle_download508066015138549683bin
Resource missing. [HTTP GET: https://dl.google.com/dl/android/maven2/io/ktor/ktor-server-partial-content/2.3.7/ktor-server-partial-content-2.3.7.pom]
Downloading https://repo.maven.apache.org/maven2/io/ktor/ktor-server-partial-content/2.3.7/ktor-server-partial-content-2.3.7.pom to /home/runner/.gradle/.tmp/gradle_download13266205214771214071bin
Resource missing. [HTTP GET: https://dl.google.com/dl/android/maven2/io/ktor/ktor-server-auto-head-response/2.3.7/ktor-server-auto-head-response-2.3.7.pom]
Downloading https://repo.maven.apache.org/maven2/io/ktor/ktor-server-partial-content/2.3.7/ktor-server-partial-content-2.3.7.module to /home/runner/.gradle/.tmp/gradle_download17623321231569630443bin
Downloading https://repo.maven.apache.org/maven2/io/ktor/ktor-server-auto-head-response/2.3.7/ktor-server-auto-head-response-2.3.7.pom to /home/runner/.gradle/.tmp/gradle_download6887477917610789105bin
Resource missing. [HTTP GET: https://dl.google.com/dl/android/maven2/io/ktor/ktor-server-cors/2.3.7/ktor-server-cors-2.3.7.pom]
Resource missing. [HTTP GET: https://dl.google.com/dl/android/maven2/io/ktor/ktor-server-compression/2.3.7/ktor-server-compression-2.3.7.pom]
Downloading https://repo.maven.apache.org/maven2/io/ktor/ktor-server-cors/2.3.7/ktor-server-cors-2.3.7.pom to /home/runner/.gradle/.tmp/gradle_download3356149991557021124bin
Downloading https://repo.maven.apache.org/maven2/io/ktor/ktor-server-auto-head-response/2.3.7/ktor-server-auto-head-response-2.3.7.module to /home/runner/.gradle/.tmp/gradle_download16186209811720793452bin
Downloading https://repo.maven.apache.org/maven2/io/ktor/ktor-server-compression/2.3.7/ktor-server-compression-2.3.7.pom to /home/runner/.gradle/.tmp/gradle_download10336868913723110314bin
Downloading https://repo.maven.apache.org/maven2/io/ktor/ktor-server-cors/2.3.7/ktor-server-cors-2.3.7.module to /home/runner/.gradle/.tmp/gradle_download1676768996674239315bin
Downloading https://repo.maven.apache.org/maven2/io/ktor/ktor-server-compression/2.3.7/ktor-server-compression-2.3.7.module to /home/runner/.gradle/.tmp/gradle_download3126495380612112390bin
Resource missing. [HTTP GET: https://dl.google.com/dl/android/maven2/io/ktor/ktor-server-default-headers/2.3.7/ktor-server-default-headers-2.3.7.pom]
Resource missing. [HTTP GET: https://dl.google.com/dl/android/maven2/io/ktor/ktor-server-status-pages/2.3.7/ktor-server-status-pages-2.3.7.pom]
Downloading https://repo.maven.apache.org/maven2/io/ktor/ktor-server-default-headers/2.3.7/ktor-server-default-headers-2.3.7.pom to /home/runner/.gradle/.tmp/gradle_download6258307772444784723bin
Cache entries evicted. In-memory cache of /home/runner/work/echoSystem-native2/echoSystem-native2/.gradle/8.2.1/checksums/sha1-checksums.bin: Size{400} MaxSize{400}, CacheStats{hitCount=109, missCount=521, loadSuccessCount=521, loadExceptionCount=0, totalLoadTime=149699959, evictionCount=121} 
Performance may suffer from in-memory cache misses. Increase max heap size of Gradle build process to reduce cache misses.
Resource missing. [HTTP GET: https://dl.google.com/dl/android/maven2/io/ktor/ktor-network-tls-certificates/2.3.7/ktor-network-tls-certificates-2.3.7.pom]
Downloading https://repo.maven.apache.org/maven2/io/ktor/ktor-server-default-headers/2.3.7/ktor-server-default-headers-2.3.7.module to /home/runner/.gradle/.tmp/gradle_download15079841045487234911bin
Downloading https://repo.maven.apache.org/maven2/io/ktor/ktor-server-status-pages/2.3.7/ktor-server-status-pages-2.3.7.pom to /home/runner/.gradle/.tmp/gradle_download15942156495780521741bin
Downloading https://repo.maven.apache.org/maven2/io/ktor/ktor-network-tls-certificates/2.3.7/ktor-network-tls-certificates-2.3.7.pom to /home/runner/.gradle/.tmp/gradle_download10393173270332421826bin
Downloading https://repo.maven.apache.org/maven2/io/ktor/ktor-server-status-pages/2.3.7/ktor-server-status-pages-2.3.7.module to /home/runner/.gradle/.tmp/gradle_download14829747717821944899bin
Downloading https://repo.maven.apache.org/maven2/io/ktor/ktor-network-tls-certificates/2.3.7/ktor-network-tls-certificates-2.3.7.module to /home/runner/.gradle/.tmp/gradle_download18440909030198795489bin
Resource missing. [HTTP GET: https://dl.google.com/dl/android/maven2/org/jetbrains/kotlinx/kotlinx-serialization-json/1.6.2/kotlinx-serialization-json-1.6.2.pom]
Resource missing. [HTTP GET: https://dl.google.com/dl/android/maven2/io/ktor/ktor-client-content-negotiation/2.3.7/ktor-client-content-negotiation-2.3.7.pom]
Resource missing. [HTTP GET: https://dl.google.com/dl/android/maven2/io/ktor/ktor-client-android/2.3.7/ktor-client-android-2.3.7.pom]
Downloading https://repo.maven.apache.org/maven2/org/jetbrains/kotlinx/kotlinx-serialization-json/1.6.2/kotlinx-serialization-json-1.6.2.pom to /home/runner/.gradle/.tmp/gradle_download14080100156523941633bin
Resource missing. [HTTP GET: https://dl.google.com/dl/android/maven2/io/ktor/ktor-client-logging/2.3.7/ktor-client-logging-2.3.7.pom]
Downloading https://repo.maven.apache.org/maven2/io/ktor/ktor-client-content-negotiation/2.3.7/ktor-client-content-negotiation-2.3.7.pom to /home/runner/.gradle/.tmp/gradle_download2109806403209466049bin
Downloading https://repo.maven.apache.org/maven2/io/ktor/ktor-client-android/2.3.7/ktor-client-android-2.3.7.pom to /home/runner/.gradle/.tmp/gradle_download7913852410208190759bin
Downloading https://repo.maven.apache.org/maven2/io/ktor/ktor-client-content-negotiation/2.3.7/ktor-client-content-negotiation-2.3.7.module to /home/runner/.gradle/.tmp/gradle_download11504721721553180006bin
Resource missing. [HTTP GET: https://dl.google.com/dl/android/maven2/org/jetbrains/kotlinx/kotlinx-serialization-bom/1.6.2/kotlinx-serialization-bom-1.6.2.pom]
Downloading https://repo.maven.apache.org/maven2/io/ktor/ktor-client-logging/2.3.7/ktor-client-logging-2.3.7.pom to /home/runner/.gradle/.tmp/gradle_download9885570927239819975bin
Downloading https://repo.maven.apache.org/maven2/io/ktor/ktor-client-android/2.3.7/ktor-client-android-2.3.7.module to /home/runner/.gradle/.tmp/gradle_download5675682438400978934bin
Downloading https://repo.maven.apache.org/maven2/org/jetbrains/kotlinx/kotlinx-serialization-bom/1.6.2/kotlinx-serialization-bom-1.6.2.pom to /home/runner/.gradle/.tmp/gradle_download8422006620989789645bin
Resource missing. [HTTP GET: https://dl.google.com/dl/android/maven2/org/jetbrains/kotlinx/kotlinx-coroutines-android/1.7.3/kotlinx-coroutines-android-1.7.3.pom]
Downloading https://repo.maven.apache.org/maven2/io/ktor/ktor-client-logging/2.3.7/ktor-client-logging-2.3.7.module to /home/runner/.gradle/.tmp/gradle_download18041077319566891923bin
Downloading https://repo.maven.apache.org/maven2/org/jetbrains/kotlinx/kotlinx-coroutines-android/1.7.3/kotlinx-coroutines-android-1.7.3.pom to /home/runner/.gradle/.tmp/gradle_download14817844895707780689bin
Downloading https://dl.google.com/dl/android/maven2/androidx/activity/activity-compose/1.8.2/activity-compose-1.8.2.pom to /home/runner/.gradle/.tmp/gradle_download18342912864942069170bin
Downloading https://repo.maven.apache.org/maven2/org/jetbrains/kotlinx/kotlinx-serialization-json/1.6.2/kotlinx-serialization-json-1.6.2.module to /home/runner/.gradle/.tmp/gradle_download7342088511895078127bin
Resource missing. [HTTP GET: https://dl.google.com/dl/android/maven2/org/jetbrains/kotlinx/kotlinx-coroutines-bom/1.7.3/kotlinx-coroutines-bom-1.7.3.pom]
Downloading https://dl.google.com/dl/android/maven2/androidx/activity/activity-compose/1.8.2/activity-compose-1.8.2.module to /home/runner/.gradle/.tmp/gradle_download13006844948976852811bin
Downloading https://repo.maven.apache.org/maven2/org/jetbrains/kotlinx/kotlinx-coroutines-bom/1.7.3/kotlinx-coroutines-bom-1.7.3.pom to /home/runner/.gradle/.tmp/gradle_download8277836463613414722bin
Downloading https://dl.google.com/dl/android/maven2/androidx/lifecycle/lifecycle-runtime-compose/2.7.0/lifecycle-runtime-compose-2.7.0.pom to /home/runner/.gradle/.tmp/gradle_download7850097411204295845bin
Downloading https://dl.google.com/dl/android/maven2/androidx/lifecycle/lifecycle-runtime-ktx/2.7.0/lifecycle-runtime-ktx-2.7.0.pom to /home/runner/.gradle/.tmp/gradle_download7864869891782605939bin
Downloading https://repo.maven.apache.org/maven2/org/jetbrains/kotlinx/kotlinx-coroutines-android/1.7.3/kotlinx-coroutines-android-1.7.3.module to /home/runner/.gradle/.tmp/gradle_download2429897249632584171bin
Downloading https://dl.google.com/dl/android/maven2/androidx/lifecycle/lifecycle-viewmodel-compose/2.7.0/lifecycle-viewmodel-compose-2.7.0.pom to /home/runner/.gradle/.tmp/gradle_download12425830550371223246bin
Downloading https://dl.google.com/dl/android/maven2/androidx/lifecycle/lifecycle-runtime-compose/2.7.0/lifecycle-runtime-compose-2.7.0.module to /home/runner/.gradle/.tmp/gradle_download2285353581547627280bin
Downloading https://dl.google.com/dl/android/maven2/androidx/lifecycle/lifecycle-runtime-ktx/2.7.0/lifecycle-runtime-ktx-2.7.0.module to /home/runner/.gradle/.tmp/gradle_download8087509271014873648bin
Downloading https://dl.google.com/dl/android/maven2/androidx/lifecycle/lifecycle-viewmodel-compose/2.7.0/lifecycle-viewmodel-compose-2.7.0.module to /home/runner/.gradle/.tmp/gradle_download13640591529218521917bin
Resource missing. [HTTP GET: https://dl.google.com/dl/android/maven2/com/google/dagger/hilt-android/2.50/hilt-android-2.50.pom]
Downloading https://dl.google.com/dl/android/maven2/androidx/datastore/datastore-preferences/1.0.0/datastore-preferences-1.0.0.pom to /home/runner/.gradle/.tmp/gradle_download9785620901641153819bin
Downloading https://repo.maven.apache.org/maven2/com/google/dagger/hilt-android/2.50/hilt-android-2.50.pom to /home/runner/.gradle/.tmp/gradle_download6402933373274404824bin
Downloading https://dl.google.com/dl/android/maven2/androidx/navigation/navigation-compose/2.7.6/navigation-compose-2.7.6.pom to /home/runner/.gradle/.tmp/gradle_download95457262990706993bin
Cache entries evicted. In-memory cache of /home/runner/work/echoSystem-native2/echoSystem-native2/.gradle/8.2.1/checksums/sha1-checksums.bin: Size{400} MaxSize{400}, CacheStats{hitCount=110, missCount=561, loadSuccessCount=561, loadExceptionCount=0, totalLoadTime=154081450, evictionCount=161} 
Performance may suffer from in-memory cache misses. Increase max heap size of Gradle build process to reduce cache misses.
Downloading https://dl.google.com/dl/android/maven2/androidx/datastore/datastore-preferences/1.0.0/datastore-preferences-1.0.0.module to /home/runner/.gradle/.tmp/gradle_download16742781896366348341bin
Downloading https://dl.google.com/dl/android/maven2/androidx/core/core-ktx/1.12.0/core-ktx-1.12.0.pom to /home/runner/.gradle/.tmp/gradle_download7143843950117465566bin
Downloading https://dl.google.com/dl/android/maven2/androidx/hilt/hilt-navigation-compose/1.1.0/hilt-navigation-compose-1.1.0.pom to /home/runner/.gradle/.tmp/gradle_download14698024236882994116bin
Downloading https://dl.google.com/dl/android/maven2/androidx/appcompat/appcompat/1.6.1/appcompat-1.6.1.pom to /home/runner/.gradle/.tmp/gradle_download17112332932161407957bin
Downloading https://dl.google.com/dl/android/maven2/androidx/core/core-ktx/1.12.0/core-ktx-1.12.0.module to /home/runner/.gradle/.tmp/gradle_download9714507244501404846bin
Downloading https://dl.google.com/dl/android/maven2/androidx/hilt/hilt-navigation-compose/1.1.0/hilt-navigation-compose-1.1.0.module to /home/runner/.gradle/.tmp/gradle_download3374695514164472071bin
Downloading https://dl.google.com/dl/android/maven2/androidx/appcompat/appcompat/1.6.1/appcompat-1.6.1.module to /home/runner/.gradle/.tmp/gradle_download10150934109397975654bin
Downloading https://dl.google.com/dl/android/maven2/androidx/navigation/navigation-compose/2.7.6/navigation-compose-2.7.6.module to /home/runner/.gradle/.tmp/gradle_download6237486757257416055bin
Downloading https://dl.google.com/dl/android/maven2/androidx/compose/material/material-icons-extended/1.6.0/material-icons-extended-1.6.0.pom to /home/runner/.gradle/.tmp/gradle_download16423134433139555171bin
Downloading https://dl.google.com/dl/android/maven2/androidx/compose/material/material-icons-extended/1.6.0/material-icons-extended-1.6.0.module to /home/runner/.gradle/.tmp/gradle_download12224876028617251015bin
Downloading https://dl.google.com/dl/android/maven2/androidx/compose/material3/material3/1.1.2/material3-1.1.2.pom to /home/runner/.gradle/.tmp/gradle_download11283582763926616377bin
Downloading https://dl.google.com/dl/android/maven2/androidx/compose/material3/material3/1.1.2/material3-1.1.2.module to /home/runner/.gradle/.tmp/gradle_download14285121473989046513bin
Downloading https://dl.google.com/dl/android/maven2/androidx/compose/ui/ui/1.6.0/ui-1.6.0.pom to /home/runner/.gradle/.tmp/gradle_download11396887637825063296bin
Downloading https://dl.google.com/dl/android/maven2/androidx/compose/ui/ui/1.6.0/ui-1.6.0.module to /home/runner/.gradle/.tmp/gradle_download7610071458611150714bin
Downloading https://dl.google.com/dl/android/maven2/androidx/compose/ui/ui-graphics/1.6.0/ui-graphics-1.6.0.pom to /home/runner/.gradle/.tmp/gradle_download110748756519230824bin
Downloading https://dl.google.com/dl/android/maven2/androidx/compose/ui/ui-graphics/1.6.0/ui-graphics-1.6.0.module to /home/runner/.gradle/.tmp/gradle_download10531259094640433580bin
Downloading https://dl.google.com/dl/android/maven2/androidx/compose/ui/ui-tooling/1.6.0/ui-tooling-1.6.0.pom to /home/runner/.gradle/.tmp/gradle_download12500526131162533409bin
Downloading https://dl.google.com/dl/android/maven2/androidx/compose/ui/ui-tooling/1.6.0/ui-tooling-1.6.0.module to /home/runner/.gradle/.tmp/gradle_download122156503024269888bin
Downloading https://dl.google.com/dl/android/maven2/androidx/compose/ui/ui-tooling-preview/1.6.0/ui-tooling-preview-1.6.0.pom to /home/runner/.gradle/.tmp/gradle_download6564203655630626918bin
Downloading https://dl.google.com/dl/android/maven2/androidx/compose/ui/ui-tooling-preview/1.6.0/ui-tooling-preview-1.6.0.module to /home/runner/.gradle/.tmp/gradle_download17765836373938321594bin
Cache entries evicted. In-memory cache of /home/runner/work/echoSystem-native2/echoSystem-native2/.gradle/8.2.1/checksums/sha1-checksums.bin: Size{400} MaxSize{400}, CacheStats{hitCount=110, missCount=601, loadSuccessCount=601, loadExceptionCount=0, totalLoadTime=158404555, evictionCount=201} 
Performance may suffer from in-memory cache misses. Increase max heap size of Gradle build process to reduce cache misses.
Resource missing. [HTTP GET: https://dl.google.com/dl/android/maven2/io/ktor/ktor-server-netty-jvm/2.3.7/ktor-server-netty-jvm-2.3.7.pom]
Downloading https://repo.maven.apache.org/maven2/io/ktor/ktor-server-netty-jvm/2.3.7/ktor-server-netty-jvm-2.3.7.pom to /home/runner/.gradle/.tmp/gradle_download11815919030234459998bin
Downloading https://repo.maven.apache.org/maven2/io/ktor/ktor-server-netty-jvm/2.3.7/ktor-server-netty-jvm-2.3.7.module to /home/runner/.gradle/.tmp/gradle_download11463076381778240517bin
Resource missing. [HTTP GET: https://dl.google.com/dl/android/maven2/io/ktor/ktor-server-core-jvm/2.3.7/ktor-server-core-jvm-2.3.7.pom]
Downloading https://repo.maven.apache.org/maven2/io/ktor/ktor-server-core-jvm/2.3.7/ktor-server-core-jvm-2.3.7.pom to /home/runner/.gradle/.tmp/gradle_download17987231574984880348bin
Downloading https://repo.maven.apache.org/maven2/io/ktor/ktor-server-core-jvm/2.3.7/ktor-server-core-jvm-2.3.7.module to /home/runner/.gradle/.tmp/gradle_download15693300926307878858bin
Resource missing. [HTTP GET: https://dl.google.com/dl/android/maven2/io/ktor/ktor-server-websockets-jvm/2.3.7/ktor-server-websockets-jvm-2.3.7.pom]
Downloading https://repo.maven.apache.org/maven2/io/ktor/ktor-server-websockets-jvm/2.3.7/ktor-server-websockets-jvm-2.3.7.pom to /home/runner/.gradle/.tmp/gradle_download3639735063654559272bin
Downloading https://repo.maven.apache.org/maven2/io/ktor/ktor-server-websockets-jvm/2.3.7/ktor-server-websockets-jvm-2.3.7.module to /home/runner/.gradle/.tmp/gradle_download10878474068768695956bin
Resource missing. [HTTP GET: https://dl.google.com/dl/android/maven2/io/ktor/ktor-server-content-negotiation-jvm/2.3.7/ktor-server-content-negotiation-jvm-2.3.7.pom]
Downloading https://repo.maven.apache.org/maven2/io/ktor/ktor-server-content-negotiation-jvm/2.3.7/ktor-server-content-negotiation-jvm-2.3.7.pom to /home/runner/.gradle/.tmp/gradle_download9922034997416652779bin
Downloading https://repo.maven.apache.org/maven2/io/ktor/ktor-server-content-negotiation-jvm/2.3.7/ktor-server-content-negotiation-jvm-2.3.7.module to /home/runner/.gradle/.tmp/gradle_download796107935662103199bin
Resource missing. [HTTP GET: https://dl.google.com/dl/android/maven2/io/ktor/ktor-serialization-kotlinx-json-jvm/2.3.7/ktor-serialization-kotlinx-json-jvm-2.3.7.pom]
Downloading https://repo.maven.apache.org/maven2/io/ktor/ktor-serialization-kotlinx-json-jvm/2.3.7/ktor-serialization-kotlinx-json-jvm-2.3.7.pom to /home/runner/.gradle/.tmp/gradle_download17868937315746278993bin
Downloading https://repo.maven.apache.org/maven2/io/ktor/ktor-serialization-kotlinx-json-jvm/2.3.7/ktor-serialization-kotlinx-json-jvm-2.3.7.module to /home/runner/.gradle/.tmp/gradle_download5137044342435119363bin
Resource missing. [HTTP GET: https://dl.google.com/dl/android/maven2/io/ktor/ktor-server-partial-content-jvm/2.3.7/ktor-server-partial-content-jvm-2.3.7.pom]
Downloading https://repo.maven.apache.org/maven2/io/ktor/ktor-server-partial-content-jvm/2.3.7/ktor-server-partial-content-jvm-2.3.7.pom to /home/runner/.gradle/.tmp/gradle_download17317701497244122341bin
Downloading https://repo.maven.apache.org/maven2/io/ktor/ktor-server-partial-content-jvm/2.3.7/ktor-server-partial-content-jvm-2.3.7.module to /home/runner/.gradle/.tmp/gradle_download7514001428123792848bin
Resource missing. [HTTP GET: https://dl.google.com/dl/android/maven2/io/ktor/ktor-server-auto-head-response-jvm/2.3.7/ktor-server-auto-head-response-jvm-2.3.7.pom]
Downloading https://repo.maven.apache.org/maven2/io/ktor/ktor-server-auto-head-response-jvm/2.3.7/ktor-server-auto-head-response-jvm-2.3.7.pom to /home/runner/.gradle/.tmp/gradle_download5651234724713965560bin
Downloading https://repo.maven.apache.org/maven2/io/ktor/ktor-server-auto-head-response-jvm/2.3.7/ktor-server-auto-head-response-jvm-2.3.7.module to /home/runner/.gradle/.tmp/gradle_download9369991878044960453bin
Resource missing. [HTTP GET: https://dl.google.com/dl/android/maven2/io/ktor/ktor-server-cors-jvm/2.3.7/ktor-server-cors-jvm-2.3.7.pom]
Downloading https://repo.maven.apache.org/maven2/io/ktor/ktor-server-cors-jvm/2.3.7/ktor-server-cors-jvm-2.3.7.pom to /home/runner/.gradle/.tmp/gradle_download5527797369629832050bin
Downloading https://repo.maven.apache.org/maven2/io/ktor/ktor-server-cors-jvm/2.3.7/ktor-server-cors-jvm-2.3.7.module to /home/runner/.gradle/.tmp/gradle_download84395591211718527bin
Resource missing. [HTTP GET: https://dl.google.com/dl/android/maven2/io/ktor/ktor-server-compression-jvm/2.3.7/ktor-server-compression-jvm-2.3.7.pom]
Downloading https://repo.maven.apache.org/maven2/io/ktor/ktor-server-compression-jvm/2.3.7/ktor-server-compression-jvm-2.3.7.pom to /home/runner/.gradle/.tmp/gradle_download6970318978414821853bin
Downloading https://repo.maven.apache.org/maven2/io/ktor/ktor-server-compression-jvm/2.3.7/ktor-server-compression-jvm-2.3.7.module to /home/runner/.gradle/.tmp/gradle_download11943428603135837746bin
Resource missing. [HTTP GET: https://dl.google.com/dl/android/maven2/io/ktor/ktor-server-default-headers-jvm/2.3.7/ktor-server-default-headers-jvm-2.3.7.pom]
Downloading https://repo.maven.apache.org/maven2/io/ktor/ktor-server-default-headers-jvm/2.3.7/ktor-server-default-headers-jvm-2.3.7.pom to /home/runner/.gradle/.tmp/gradle_download9338686430568083261bin
Downloading https://repo.maven.apache.org/maven2/io/ktor/ktor-server-default-headers-jvm/2.3.7/ktor-server-default-headers-jvm-2.3.7.module to /home/runner/.gradle/.tmp/gradle_download9392555525416853927bin
Resource missing. [HTTP GET: https://dl.google.com/dl/android/maven2/io/ktor/ktor-server-status-pages-jvm/2.3.7/ktor-server-status-pages-jvm-2.3.7.pom]
Downloading https://repo.maven.apache.org/maven2/io/ktor/ktor-server-status-pages-jvm/2.3.7/ktor-server-status-pages-jvm-2.3.7.pom to /home/runner/.gradle/.tmp/gradle_download17022605550276401135bin
Downloading https://repo.maven.apache.org/maven2/io/ktor/ktor-server-status-pages-jvm/2.3.7/ktor-server-status-pages-jvm-2.3.7.module to /home/runner/.gradle/.tmp/gradle_download18342911479046706237bin
Resource missing. [HTTP GET: https://dl.google.com/dl/android/maven2/io/ktor/ktor-network-tls-certificates-jvm/2.3.7/ktor-network-tls-certificates-jvm-2.3.7.pom]
Downloading https://repo.maven.apache.org/maven2/io/ktor/ktor-network-tls-certificates-jvm/2.3.7/ktor-network-tls-certificates-jvm-2.3.7.pom to /home/runner/.gradle/.tmp/gradle_download8163400516784950162bin
Downloading https://repo.maven.apache.org/maven2/io/ktor/ktor-network-tls-certificates-jvm/2.3.7/ktor-network-tls-certificates-jvm-2.3.7.module to /home/runner/.gradle/.tmp/gradle_download6785094788648515676bin
Resource missing. [HTTP GET: https://dl.google.com/dl/android/maven2/io/ktor/ktor-client-android-jvm/2.3.7/ktor-client-android-jvm-2.3.7.pom]
Downloading https://repo.maven.apache.org/maven2/io/ktor/ktor-client-android-jvm/2.3.7/ktor-client-android-jvm-2.3.7.pom to /home/runner/.gradle/.tmp/gradle_download3545702080126803860bin
Downloading https://repo.maven.apache.org/maven2/io/ktor/ktor-client-android-jvm/2.3.7/ktor-client-android-jvm-2.3.7.module to /home/runner/.gradle/.tmp/gradle_download18086411920365782382bin
Resource missing. [HTTP GET: https://dl.google.com/dl/android/maven2/io/ktor/ktor-client-content-negotiation-jvm/2.3.7/ktor-client-content-negotiation-jvm-2.3.7.pom]
Downloading https://repo.maven.apache.org/maven2/io/ktor/ktor-client-content-negotiation-jvm/2.3.7/ktor-client-content-negotiation-jvm-2.3.7.pom to /home/runner/.gradle/.tmp/gradle_download12488276637209469560bin
Downloading https://repo.maven.apache.org/maven2/io/ktor/ktor-client-content-negotiation-jvm/2.3.7/ktor-client-content-negotiation-jvm-2.3.7.module to /home/runner/.gradle/.tmp/gradle_download4386116845400123831bin
Resource missing. [HTTP GET: https://dl.google.com/dl/android/maven2/io/ktor/ktor-client-logging-jvm/2.3.7/ktor-client-logging-jvm-2.3.7.pom]
Downloading https://repo.maven.apache.org/maven2/io/ktor/ktor-client-logging-jvm/2.3.7/ktor-client-logging-jvm-2.3.7.pom to /home/runner/.gradle/.tmp/gradle_download2030958657068680959bin
Downloading https://repo.maven.apache.org/maven2/io/ktor/ktor-client-logging-jvm/2.3.7/ktor-client-logging-jvm-2.3.7.module to /home/runner/.gradle/.tmp/gradle_download5368613418446744426bin
Resource missing. [HTTP GET: https://dl.google.com/dl/android/maven2/org/jetbrains/kotlinx/kotlinx-serialization-json-jvm/1.6.2/kotlinx-serialization-json-jvm-1.6.2.pom]
Downloading https://repo.maven.apache.org/maven2/org/jetbrains/kotlinx/kotlinx-serialization-json-jvm/1.6.2/kotlinx-serialization-json-jvm-1.6.2.pom to /home/runner/.gradle/.tmp/gradle_download16689673690439338317bin
Downloading https://repo.maven.apache.org/maven2/org/jetbrains/kotlinx/kotlinx-serialization-json-jvm/1.6.2/kotlinx-serialization-json-jvm-1.6.2.module to /home/runner/.gradle/.tmp/gradle_download2370074908683878957bin
Resource missing. [HTTP GET: https://dl.google.com/dl/android/maven2/org/jetbrains/kotlinx/kotlinx-coroutines-core/1.7.3/kotlinx-coroutines-core-1.7.3.pom]
Downloading https://repo.maven.apache.org/maven2/org/jetbrains/kotlinx/kotlinx-coroutines-core/1.7.3/kotlinx-coroutines-core-1.7.3.pom to /home/runner/.gradle/.tmp/gradle_download5858843944623776691bin
Downloading https://repo.maven.apache.org/maven2/org/jetbrains/kotlinx/kotlinx-coroutines-core/1.7.3/kotlinx-coroutines-core-1.7.3.module to /home/runner/.gradle/.tmp/gradle_download1970543102518480149bin
Resource missing. [HTTP GET: https://dl.google.com/dl/android/maven2/org/jetbrains/kotlin/kotlin-stdlib-jdk8/1.8.20/kotlin-stdlib-jdk8-1.8.20.pom]
Downloading https://repo.maven.apache.org/maven2/org/jetbrains/kotlin/kotlin-stdlib-jdk8/1.8.20/kotlin-stdlib-jdk8-1.8.20.pom to /home/runner/.gradle/.tmp/gradle_download15429114921408505953bin
Downloading https://dl.google.com/dl/android/maven2/androidx/lifecycle/lifecycle-viewmodel/2.6.1/lifecycle-viewmodel-2.6.1.pom to /home/runner/.gradle/.tmp/gradle_download10865614861960871145bin
Downloading https://dl.google.com/dl/android/maven2/androidx/activity/activity-ktx/1.8.2/activity-ktx-1.8.2.pom to /home/runner/.gradle/.tmp/gradle_download9026972652343755464bin
Downloading https://dl.google.com/dl/android/maven2/androidx/lifecycle/lifecycle-viewmodel/2.6.1/lifecycle-viewmodel-2.6.1.module to /home/runner/.gradle/.tmp/gradle_download12294659983585599623bin
Cache entries evicted. In-memory cache of /home/runner/work/echoSystem-native2/echoSystem-native2/.gradle/8.2.1/checksums/sha1-checksums.bin: Size{400} MaxSize{400}, CacheStats{hitCount=113, missCount=641, loadSuccessCount=641, loadExceptionCount=0, totalLoadTime=162166744, evictionCount=241} 
Performance may suffer from in-memory cache misses. Increase max heap size of Gradle build process to reduce cache misses.
Downloading https://dl.google.com/dl/android/maven2/androidx/activity/activity-ktx/1.8.2/activity-ktx-1.8.2.module to /home/runner/.gradle/.tmp/gradle_download14139541094731373365bin
Downloading https://dl.google.com/dl/android/maven2/androidx/compose/runtime/runtime-saveable/1.6.0/runtime-saveable-1.6.0.pom to /home/runner/.gradle/.tmp/gradle_download13637781016464140745bin
Downloading https://dl.google.com/dl/android/maven2/androidx/compose/runtime/runtime/1.6.0/runtime-1.6.0.pom to /home/runner/.gradle/.tmp/gradle_download12991899892972637521bin
Downloading https://dl.google.com/dl/android/maven2/androidx/compose/runtime/runtime-saveable/1.6.0/runtime-saveable-1.6.0.module to /home/runner/.gradle/.tmp/gradle_download4963462083897932695bin
Downloading https://dl.google.com/dl/android/maven2/androidx/compose/runtime/runtime/1.6.0/runtime-1.6.0.module to /home/runner/.gradle/.tmp/gradle_download9037187924804533435bin
Downloading https://dl.google.com/dl/android/maven2/androidx/lifecycle/lifecycle-viewmodel/2.7.0/lifecycle-viewmodel-2.7.0.pom to /home/runner/.gradle/.tmp/gradle_download12388420099072641228bin
Downloading https://dl.google.com/dl/android/maven2/androidx/lifecycle/lifecycle-viewmodel/2.7.0/lifecycle-viewmodel-2.7.0.module to /home/runner/.gradle/.tmp/gradle_download3854542218004616137bin
Downloading https://dl.google.com/dl/android/maven2/androidx/annotation/annotation-experimental/1.1.0/annotation-experimental-1.1.0.pom to /home/runner/.gradle/.tmp/gradle_download14071569097247917960bin
Downloading https://dl.google.com/dl/android/maven2/androidx/lifecycle/lifecycle-common-java8/2.7.0/lifecycle-common-java8-2.7.0.pom to /home/runner/.gradle/.tmp/gradle_download17997200229662617498bin
Downloading https://dl.google.com/dl/android/maven2/androidx/lifecycle/lifecycle-viewmodel-ktx/2.7.0/lifecycle-viewmodel-ktx-2.7.0.pom to /home/runner/.gradle/.tmp/gradle_download7078585122518432000bin
Downloading https://dl.google.com/dl/android/maven2/androidx/lifecycle/lifecycle-viewmodel-savedstate/2.7.0/lifecycle-viewmodel-savedstate-2.7.0.pom to /home/runner/.gradle/.tmp/gradle_download15694083556567763517bin
Downloading https://dl.google.com/dl/android/maven2/androidx/lifecycle/lifecycle-common-java8/2.7.0/lifecycle-common-java8-2.7.0.module to /home/runner/.gradle/.tmp/gradle_download1037481558825458797bin
Downloading https://dl.google.com/dl/android/maven2/androidx/annotation/annotation-experimental/1.1.0/annotation-experimental-1.1.0.module to /home/runner/.gradle/.tmp/gradle_download16189906613761626974bin
Downloading https://dl.google.com/dl/android/maven2/androidx/lifecycle/lifecycle-viewmodel-savedstate/2.7.0/lifecycle-viewmodel-savedstate-2.7.0.module to /home/runner/.gradle/.tmp/gradle_download14358511048852526023bin
Downloading https://dl.google.com/dl/android/maven2/androidx/lifecycle/lifecycle-viewmodel-ktx/2.7.0/lifecycle-viewmodel-ktx-2.7.0.module to /home/runner/.gradle/.tmp/gradle_download10278248695649378730bin
Downloading https://dl.google.com/dl/android/maven2/androidx/annotation/annotation/1.0.0/annotation-1.0.0.pom to /home/runner/.gradle/.tmp/gradle_download3286321314137427871bin
Downloading https://dl.google.com/dl/android/maven2/androidx/lifecycle/lifecycle-runtime/2.7.0/lifecycle-runtime-2.7.0.pom to /home/runner/.gradle/.tmp/gradle_download18144651765806171871bin
Downloading https://dl.google.com/dl/android/maven2/androidx/lifecycle/lifecycle-runtime/2.7.0/lifecycle-runtime-2.7.0.module to /home/runner/.gradle/.tmp/gradle_download7506146380192126879bin
Cache entries evicted. In-memory cache of /home/runner/work/echoSystem-native2/echoSystem-native2/.gradle/8.2.1/checksums/md5-checksums.bin: Size{362} MaxSize{400}, CacheStats{hitCount=7, missCount=366, loadSuccessCount=363, loadExceptionCount=0, totalLoadTime=74313127, evictionCount=1} 
Performance may suffer from in-memory cache misses. Increase max heap size of Gradle build process to reduce cache misses.
Downloading https://dl.google.com/dl/android/maven2/androidx/navigation/navigation-runtime-ktx/2.7.6/navigation-runtime-ktx-2.7.6.pom to /home/runner/.gradle/.tmp/gradle_download2431032825080899110bin
Downloading https://dl.google.com/dl/android/maven2/androidx/navigation/navigation-runtime-ktx/2.7.6/navigation-runtime-ktx-2.7.6.module to /home/runner/.gradle/.tmp/gradle_download16217722807466130834bin
Cache entries evicted. In-memory cache of /home/runner/work/echoSystem-native2/echoSystem-native2/.gradle/8.2.1/checksums/sha1-checksums.bin: Size{400} MaxSize{400}, CacheStats{hitCount=114, missCount=686, loadSuccessCount=681, loadExceptionCount=0, totalLoadTime=168915193, evictionCount=281} 
Performance may suffer from in-memory cache misses. Increase max heap size of Gradle build process to reduce cache misses.
Downloading https://dl.google.com/dl/android/maven2/androidx/compose/animation/animation/1.6.0/animation-1.6.0.pom to /home/runner/.gradle/.tmp/gradle_download1675413429735993096bin
Downloading https://dl.google.com/dl/android/maven2/androidx/compose/foundation/foundation-layout/1.6.0/foundation-layout-1.6.0.pom to /home/runner/.gradle/.tmp/gradle_download4506388044151631119bin
Downloading https://dl.google.com/dl/android/maven2/androidx/compose/animation/animation/1.6.0/animation-1.6.0.module to /home/runner/.gradle/.tmp/gradle_download17665418874704730773bin
Downloading https://dl.google.com/dl/android/maven2/androidx/compose/foundation/foundation-layout/1.6.0/foundation-layout-1.6.0.module to /home/runner/.gradle/.tmp/gradle_download3404469708170026211bin
Downloading https://dl.google.com/dl/android/maven2/androidx/annotation/annotation/1.2.0/annotation-1.2.0.pom to /home/runner/.gradle/.tmp/gradle_download6548324577201546042bin
Downloading https://dl.google.com/dl/android/maven2/androidx/annotation/annotation/1.2.0/annotation-1.2.0.module to /home/runner/.gradle/.tmp/gradle_download15219930411239452967bin
Downloading https://dl.google.com/dl/android/maven2/androidx/annotation/annotation-experimental/1.3.1/annotation-experimental-1.3.1.pom to /home/runner/.gradle/.tmp/gradle_download14055494303176703069bin
Downloading https://dl.google.com/dl/android/maven2/androidx/annotation/annotation-experimental/1.3.1/annotation-experimental-1.3.1.module to /home/runner/.gradle/.tmp/gradle_download578990113285718751bin
Downloading https://dl.google.com/dl/android/maven2/androidx/fragment/fragment/1.5.1/fragment-1.5.1.pom to /home/runner/.gradle/.tmp/gradle_download5275107121751830329bin
Downloading https://dl.google.com/dl/android/maven2/androidx/fragment/fragment/1.5.1/fragment-1.5.1.module to /home/runner/.gradle/.tmp/gradle_download16817073747257206558bin
Resource missing. [HTTP GET: https://dl.google.com/dl/android/maven2/com/google/dagger/dagger/2.50/dagger-2.50.pom]
Resource missing. [HTTP GET: https://dl.google.com/dl/android/maven2/com/google/dagger/hilt-core/2.50/hilt-core-2.50.pom]
Downloading https://dl.google.com/dl/android/maven2/androidx/savedstate/savedstate/1.2.0/savedstate-1.2.0.pom to /home/runner/.gradle/.tmp/gradle_download9638657386932923638bin
Resource missing. [HTTP GET: https://dl.google.com/dl/android/maven2/com/google/dagger/dagger-lint-aar/2.50/dagger-lint-aar-2.50.pom]
Downloading https://repo.maven.apache.org/maven2/com/google/dagger/dagger/2.50/dagger-2.50.pom to /home/runner/.gradle/.tmp/gradle_download16425014371780039569bin
Downloading https://repo.maven.apache.org/maven2/com/google/dagger/hilt-core/2.50/hilt-core-2.50.pom to /home/runner/.gradle/.tmp/gradle_download614335406859598732bin
Downloading https://repo.maven.apache.org/maven2/com/google/dagger/dagger-lint-aar/2.50/dagger-lint-aar-2.50.pom to /home/runner/.gradle/.tmp/gradle_download7624871284441129162bin
Downloading https://dl.google.com/dl/android/maven2/androidx/savedstate/savedstate/1.2.0/savedstate-1.2.0.module to /home/runner/.gradle/.tmp/gradle_download14751376120496476132bin
Downloading https://dl.google.com/dl/android/maven2/androidx/lifecycle/lifecycle-common/2.7.0/lifecycle-common-2.7.0.pom to /home/runner/.gradle/.tmp/gradle_download8396484440692041094bin
Downloading https://dl.google.com/dl/android/maven2/androidx/lifecycle/lifecycle-common/2.7.0/lifecycle-common-2.7.0.module to /home/runner/.gradle/.tmp/gradle_download13586317574034634031bin
Downloading https://dl.google.com/dl/android/maven2/androidx/hilt/hilt-navigation/1.1.0/hilt-navigation-1.1.0.pom to /home/runner/.gradle/.tmp/gradle_download4319548784335989884bin
Downloading https://dl.google.com/dl/android/maven2/androidx/hilt/hilt-navigation/1.1.0/hilt-navigation-1.1.0.module to /home/runner/.gradle/.tmp/gradle_download17141555361041779285bin
Downloading https://dl.google.com/dl/android/maven2/androidx/datastore/datastore/1.0.0/datastore-1.0.0.pom to /home/runner/.gradle/.tmp/gradle_download3513323352557880606bin
Downloading https://dl.google.com/dl/android/maven2/androidx/datastore/datastore-preferences-core/1.0.0/datastore-preferences-core-1.0.0.pom to /home/runner/.gradle/.tmp/gradle_download14157226950001965637bin
Cache entries evicted. In-memory cache of /home/runner/work/echoSystem-native2/echoSystem-native2/.gradle/8.2.1/checksums/sha1-checksums.bin: Size{400} MaxSize{400}, CacheStats{hitCount=117, missCount=727, loadSuccessCount=721, loadExceptionCount=0, totalLoadTime=173663558, evictionCount=321} 
Performance may suffer from in-memory cache misses. Increase max heap size of Gradle build process to reduce cache misses.
Downloading https://dl.google.com/dl/android/maven2/androidx/datastore/datastore-preferences-core/1.0.0/datastore-preferences-core-1.0.0.module to /home/runner/.gradle/.tmp/gradle_download11315271297593628351bin
Downloading https://dl.google.com/dl/android/maven2/androidx/datastore/datastore/1.0.0/datastore-1.0.0.module to /home/runner/.gradle/.tmp/gradle_download3214328891688106624bin
Downloading https://dl.google.com/dl/android/maven2/androidx/core/core/1.12.0/core-1.12.0.pom to /home/runner/.gradle/.tmp/gradle_download10603453841918422788bin
Downloading https://dl.google.com/dl/android/maven2/androidx/core/core/1.12.0/core-1.12.0.module to /home/runner/.gradle/.tmp/gradle_download13254332384653315952bin
Downloading https://dl.google.com/dl/android/maven2/androidx/annotation/annotation/1.3.0/annotation-1.3.0.pom to /home/runner/.gradle/.tmp/gradle_download4683707539519250044bin
Downloading https://dl.google.com/dl/android/maven2/androidx/annotation/annotation/1.3.0/annotation-1.3.0.module to /home/runner/.gradle/.tmp/gradle_download18264907736636546126bin
Downloading https://dl.google.com/dl/android/maven2/androidx/collection/collection/1.0.0/collection-1.0.0.pom to /home/runner/.gradle/.tmp/gradle_download14143198789874938106bin
Downloading https://dl.google.com/dl/android/maven2/androidx/cursoradapter/cursoradapter/1.0.0/cursoradapter-1.0.0.pom to /home/runner/.gradle/.tmp/gradle_download3913843795418902940bin
Downloading https://dl.google.com/dl/android/maven2/androidx/activity/activity/1.6.0/activity-1.6.0.pom to /home/runner/.gradle/.tmp/gradle_download15994242500839067066bin
Downloading https://dl.google.com/dl/android/maven2/androidx/drawerlayout/drawerlayout/1.0.0/drawerlayout-1.0.0.pom to /home/runner/.gradle/.tmp/gradle_download15318722875322608134bin
Downloading https://dl.google.com/dl/android/maven2/androidx/activity/activity/1.6.0/activity-1.6.0.module to /home/runner/.gradle/.tmp/gradle_download12133479007836530157bin
Downloading https://dl.google.com/dl/android/maven2/androidx/emoji2/emoji2/1.2.0/emoji2-1.2.0.pom to /home/runner/.gradle/.tmp/gradle_download314873719351043627bin
Downloading https://dl.google.com/dl/android/maven2/androidx/resourceinspection/resourceinspection-annotation/1.0.1/resourceinspection-annotation-1.0.1.pom to /home/runner/.gradle/.tmp/gradle_download11985229109345889301bin
Downloading https://dl.google.com/dl/android/maven2/androidx/appcompat/appcompat-resources/1.6.1/appcompat-resources-1.6.1.pom to /home/runner/.gradle/.tmp/gradle_download6413919053884952178bin
Downloading https://dl.google.com/dl/android/maven2/androidx/emoji2/emoji2-views-helper/1.2.0/emoji2-views-helper-1.2.0.pom to /home/runner/.gradle/.tmp/gradle_download16060610841189388984bin
Downloading https://dl.google.com/dl/android/maven2/androidx/emoji2/emoji2/1.2.0/emoji2-1.2.0.module to /home/runner/.gradle/.tmp/gradle_download14232793750379401184bin
Downloading https://dl.google.com/dl/android/maven2/androidx/emoji2/emoji2-views-helper/1.2.0/emoji2-views-helper-1.2.0.module to /home/runner/.gradle/.tmp/gradle_download9250913317372983023bin
Downloading https://dl.google.com/dl/android/maven2/androidx/resourceinspection/resourceinspection-annotation/1.0.1/resourceinspection-annotation-1.0.1.module to /home/runner/.gradle/.tmp/gradle_download9180742470947353298bin
Downloading https://dl.google.com/dl/android/maven2/androidx/appcompat/appcompat-resources/1.6.1/appcompat-resources-1.6.1.module to /home/runner/.gradle/.tmp/gradle_download1369186026559770031bin
Downloading https://dl.google.com/dl/android/maven2/androidx/compose/material/material-icons-extended-android/1.6.0/material-icons-extended-android-1.6.0.pom to /home/runner/.gradle/.tmp/gradle_download939304809628135507bin
Cache entries evicted. In-memory cache of /home/runner/work/echoSystem-native2/echoSystem-native2/.gradle/8.2.1/checksums/sha1-checksums.bin: Size{400} MaxSize{400}, CacheStats{hitCount=119, missCount=769, loadSuccessCount=761, loadExceptionCount=0, totalLoadTime=179709549, evictionCount=361} 
Performance may suffer from in-memory cache misses. Increase max heap size of Gradle build process to reduce cache misses.
Downloading https://dl.google.com/dl/android/maven2/androidx/compose/material/material-icons-extended-android/1.6.0/material-icons-extended-android-1.6.0.module to /home/runner/.gradle/.tmp/gradle_download9944994197041555668bin
Downloading https://dl.google.com/dl/android/maven2/androidx/savedstate/savedstate-ktx/1.2.1/savedstate-ktx-1.2.1.pom to /home/runner/.gradle/.tmp/gradle_download7929314553799057297bin
Downloading https://dl.google.com/dl/android/maven2/androidx/savedstate/savedstate-ktx/1.2.1/savedstate-ktx-1.2.1.module to /home/runner/.gradle/.tmp/gradle_download6488519620535067064bin
Downloading https://dl.google.com/dl/android/maven2/androidx/compose/material/material-icons-core/1.6.0/material-icons-core-1.6.0.pom to /home/runner/.gradle/.tmp/gradle_download11354444924381424545bin
Downloading https://dl.google.com/dl/android/maven2/androidx/compose/foundation/foundation/1.6.0/foundation-1.6.0.pom to /home/runner/.gradle/.tmp/gradle_download14515350483204857810bin
Downloading https://dl.google.com/dl/android/maven2/androidx/compose/animation/animation-core/1.6.0/animation-core-1.6.0.pom to /home/runner/.gradle/.tmp/gradle_download5759405496308434230bin
Downloading https://dl.google.com/dl/android/maven2/androidx/compose/foundation/foundation/1.6.0/foundation-1.6.0.module to /home/runner/.gradle/.tmp/gradle_download13352945312633928324bin
Downloading https://dl.google.com/dl/android/maven2/androidx/compose/material/material-icons-core/1.6.0/material-icons-core-1.6.0.module to /home/runner/.gradle/.tmp/gradle_download16742362957910592886bin
Downloading https://dl.google.com/dl/android/maven2/androidx/compose/material/material-ripple/1.6.0/material-ripple-1.6.0.pom to /home/runner/.gradle/.tmp/gradle_download12940709444930757976bin
Downloading https://dl.google.com/dl/android/maven2/androidx/compose/ui/ui-text/1.6.0/ui-text-1.6.0.pom to /home/runner/.gradle/.tmp/gradle_download9954024090870974704bin
Downloading https://dl.google.com/dl/android/maven2/androidx/compose/ui/ui-util/1.6.0/ui-util-1.6.0.pom to /home/runner/.gradle/.tmp/gradle_download5915980470644162086bin
Downloading https://dl.google.com/dl/android/maven2/androidx/compose/animation/animation-core/1.6.0/animation-core-1.6.0.module to /home/runner/.gradle/.tmp/gradle_download12957824187632355871bin
Downloading https://dl.google.com/dl/android/maven2/androidx/compose/ui/ui-util/1.6.0/ui-util-1.6.0.module to /home/runner/.gradle/.tmp/gradle_download976315896331262799bin
Downloading https://dl.google.com/dl/android/maven2/androidx/compose/material/material-ripple/1.6.0/material-ripple-1.6.0.module to /home/runner/.gradle/.tmp/gradle_download16025803840872482554bin
Downloading https://dl.google.com/dl/android/maven2/androidx/compose/ui/ui-text/1.6.0/ui-text-1.6.0.module to /home/runner/.gradle/.tmp/gradle_download881305800250568383bin
Downloading https://dl.google.com/dl/android/maven2/androidx/compose/ui/ui-android/1.6.0/ui-android-1.6.0.pom to /home/runner/.gradle/.tmp/gradle_download9643159878023262642bin
Downloading https://dl.google.com/dl/android/maven2/androidx/compose/ui/ui-android/1.6.0/ui-android-1.6.0.module to /home/runner/.gradle/.tmp/gradle_download16242947629756713929bin
Downloading https://dl.google.com/dl/android/maven2/androidx/compose/ui/ui-graphics-android/1.6.0/ui-graphics-android-1.6.0.pom to /home/runner/.gradle/.tmp/gradle_download12974390705168659575bin
Downloading https://dl.google.com/dl/android/maven2/androidx/compose/ui/ui-graphics-android/1.6.0/ui-graphics-android-1.6.0.module to /home/runner/.gradle/.tmp/gradle_download2012572741805299630bin
Downloading https://dl.google.com/dl/android/maven2/androidx/compose/ui/ui-tooling-android/1.6.0/ui-tooling-android-1.6.0.pom to /home/runner/.gradle/.tmp/gradle_download13344717255424388060bin
Cache entries evicted. In-memory cache of /home/runner/work/echoSystem-native2/echoSystem-native2/.gradle/8.2.1/checksums/sha1-checksums.bin: Size{400} MaxSize{400}, CacheStats{hitCount=119, missCount=809, loadSuccessCount=801, loadExceptionCount=0, totalLoadTime=183793927, evictionCount=401} 
Performance may suffer from in-memory cache misses. Increase max heap size of Gradle build process to reduce cache misses.
Downloading https://dl.google.com/dl/android/maven2/androidx/compose/ui/ui-tooling-android/1.6.0/ui-tooling-android-1.6.0.module to /home/runner/.gradle/.tmp/gradle_download9507891824530855989bin
Downloading https://dl.google.com/dl/android/maven2/androidx/compose/ui/ui-tooling-preview-android/1.6.0/ui-tooling-preview-android-1.6.0.pom to /home/runner/.gradle/.tmp/gradle_download4050585655705224463bin
Downloading https://dl.google.com/dl/android/maven2/androidx/compose/ui/ui-tooling-preview-android/1.6.0/ui-tooling-preview-android-1.6.0.module to /home/runner/.gradle/.tmp/gradle_download4334146991446637432bin
Resource missing. [HTTP GET: https://dl.google.com/dl/android/maven2/org/jetbrains/kotlin/kotlin-stdlib-jdk8/1.8.22/kotlin-stdlib-jdk8-1.8.22.pom]
Downloading https://repo.maven.apache.org/maven2/org/jetbrains/kotlin/kotlin-stdlib-jdk8/1.8.22/kotlin-stdlib-jdk8-1.8.22.pom to /home/runner/.gradle/.tmp/gradle_download1703527803960000199bin
Resource missing. [HTTP GET: https://dl.google.com/dl/android/maven2/org/jetbrains/kotlinx/kotlinx-coroutines-jdk8/1.7.1/kotlinx-coroutines-jdk8-1.7.1.pom]
Resource missing. [HTTP GET: https://dl.google.com/dl/android/maven2/org/slf4j/slf4j-api/1.7.36/slf4j-api-1.7.36.pom]
Downloading https://repo.maven.apache.org/maven2/org/jetbrains/kotlinx/kotlinx-coroutines-jdk8/1.7.1/kotlinx-coroutines-jdk8-1.7.1.pom to /home/runner/.gradle/.tmp/gradle_download11649390869123454305bin
Downloading https://repo.maven.apache.org/maven2/org/slf4j/slf4j-api/1.7.36/slf4j-api-1.7.36.pom to /home/runner/.gradle/.tmp/gradle_download14969147796490030594bin
Resource missing. [HTTP GET: https://dl.google.com/dl/android/maven2/org/jetbrains/kotlinx/kotlinx-coroutines-bom/1.7.1/kotlinx-coroutines-bom-1.7.1.pom]
Resource missing. [HTTP GET: https://dl.google.com/dl/android/maven2/io/netty/netty-codec-http2/4.1.101.Final/netty-codec-http2-4.1.101.Final.pom]
Resource missing. [HTTP GET: https://dl.google.com/dl/android/maven2/io/ktor/ktor-server-host-common/2.3.7/ktor-server-host-common-2.3.7.pom]
Resource missing. [HTTP GET: https://dl.google.com/dl/android/maven2/org/slf4j/slf4j-parent/1.7.36/slf4j-parent-1.7.36.pom]
Downloading https://repo.maven.apache.org/maven2/io/netty/netty-codec-http2/4.1.101.Final/netty-codec-http2-4.1.101.Final.pom to /home/runner/.gradle/.tmp/gradle_download6232036382010478094bin
Downloading https://repo.maven.apache.org/maven2/io/ktor/ktor-server-host-common/2.3.7/ktor-server-host-common-2.3.7.pom to /home/runner/.gradle/.tmp/gradle_download15132274616768518069bin
Downloading https://repo.maven.apache.org/maven2/org/jetbrains/kotlinx/kotlinx-coroutines-bom/1.7.1/kotlinx-coroutines-bom-1.7.1.pom to /home/runner/.gradle/.tmp/gradle_download7787987804927835989bin
Downloading https://repo.maven.apache.org/maven2/org/slf4j/slf4j-parent/1.7.36/slf4j-parent-1.7.36.pom to /home/runner/.gradle/.tmp/gradle_download13528608661522860490bin
Downloading https://repo.maven.apache.org/maven2/io/ktor/ktor-server-host-common/2.3.7/ktor-server-host-common-2.3.7.module to /home/runner/.gradle/.tmp/gradle_download6697903579418280247bin
Downloading https://repo.maven.apache.org/maven2/org/jetbrains/kotlinx/kotlinx-coroutines-jdk8/1.7.1/kotlinx-coroutines-jdk8-1.7.1.module to /home/runner/.gradle/.tmp/gradle_download3178908525496951424bin
Resource missing. [HTTP GET: https://dl.google.com/dl/android/maven2/io/netty/netty-parent/4.1.101.Final/netty-parent-4.1.101.Final.pom]
Downloading https://repo.maven.apache.org/maven2/io/netty/netty-parent/4.1.101.Final/netty-parent-4.1.101.Final.pom to /home/runner/.gradle/.tmp/gradle_download4407973492596603818bin
Resource missing. [HTTP GET: https://dl.google.com/dl/android/maven2/org/eclipse/jetty/alpn/alpn-api/1.1.3.v20160715/alpn-api-1.1.3.v20160715.pom]
Resource missing. [HTTP GET: https://dl.google.com/dl/android/maven2/io/netty/netty-transport-native-kqueue/4.1.101.Final/netty-transport-native-kqueue-4.1.101.Final.pom]
Resource missing. [HTTP GET: https://dl.google.com/dl/android/maven2/io/netty/netty-transport-native-epoll/4.1.101.Final/netty-transport-native-epoll-4.1.101.Final.pom]
Downloading https://repo.maven.apache.org/maven2/io/netty/netty-transport-native-kqueue/4.1.101.Final/netty-transport-native-kqueue-4.1.101.Final.pom to /home/runner/.gradle/.tmp/gradle_download9092046121866318625bin
Downloading https://repo.maven.apache.org/maven2/org/eclipse/jetty/alpn/alpn-api/1.1.3.v20160715/alpn-api-1.1.3.v20160715.pom to /home/runner/.gradle/.tmp/gradle_download16433935969931737374bin
Resource missing. [HTTP GET: https://dl.google.com/dl/android/maven2/org/jetbrains/kotlin/kotlin-stdlib-common/1.8.22/kotlin-stdlib-common-1.8.22.pom]
Downloading https://repo.maven.apache.org/maven2/io/netty/netty-transport-native-epoll/4.1.101.Final/netty-transport-native-epoll-4.1.101.Final.pom to /home/runner/.gradle/.tmp/gradle_download4245147995234882936bin
Cache entries evicted. In-memory cache of /home/runner/work/echoSystem-native2/echoSystem-native2/.gradle/8.2.1/checksums/md5-checksums.bin: Size{400} MaxSize{400}, CacheStats{hitCount=11, missCount=447, loadSuccessCount=441, loadExceptionCount=0, totalLoadTime=81028780, evictionCount=41} 
Performance may suffer from in-memory cache misses. Increase max heap size of Gradle build process to reduce cache misses.
Resource missing. [HTTP GET: https://dl.google.com/dl/android/maven2/org/eclipse/jetty/jetty-parent/21/jetty-parent-21.pom]
Downloading https://repo.maven.apache.org/maven2/org/jetbrains/kotlin/kotlin-stdlib-common/1.8.22/kotlin-stdlib-common-1.8.22.pom to /home/runner/.gradle/.tmp/gradle_download18019177731797966629bin
Downloading https://repo.maven.apache.org/maven2/org/eclipse/jetty/jetty-parent/21/jetty-parent-21.pom to /home/runner/.gradle/.tmp/gradle_download8722727627857351851bin
Resource missing. [HTTP GET: https://dl.google.com/dl/android/maven2/org/jetbrains/kotlin/kotlin-stdlib-jdk7/1.8.22/kotlin-stdlib-jdk7-1.8.22.pom]
Resource missing. [HTTP GET: https://dl.google.com/dl/android/maven2/io/ktor/ktor-http/2.3.7/ktor-http-2.3.7.pom]
Resource missing. [HTTP GET: https://dl.google.com/dl/android/maven2/io/ktor/ktor-utils/2.3.7/ktor-utils-2.3.7.pom]
Downloading https://repo.maven.apache.org/maven2/org/jetbrains/kotlin/kotlin-stdlib-jdk7/1.8.22/kotlin-stdlib-jdk7-1.8.22.pom to /home/runner/.gradle/.tmp/gradle_download2084811073773659586bin
Downloading https://repo.maven.apache.org/maven2/io/ktor/ktor-http/2.3.7/ktor-http-2.3.7.pom to /home/runner/.gradle/.tmp/gradle_download11221539799051623869bin
Downloading https://repo.maven.apache.org/maven2/io/ktor/ktor-utils/2.3.7/ktor-utils-2.3.7.pom to /home/runner/.gradle/.tmp/gradle_download1271084147977149306bin
Resource missing. [HTTP GET: https://dl.google.com/dl/android/maven2/io/ktor/ktor-serialization/2.3.7/ktor-serialization-2.3.7.pom]
Resource missing. [HTTP GET: https://dl.google.com/dl/android/maven2/com/typesafe/config/1.4.2/config-1.4.2.pom]
Downloading https://repo.maven.apache.org/maven2/io/ktor/ktor-http/2.3.7/ktor-http-2.3.7.module to /home/runner/.gradle/.tmp/gradle_download1421484975267762935bin
Downloading https://repo.maven.apache.org/maven2/io/ktor/ktor-serialization/2.3.7/ktor-serialization-2.3.7.pom to /home/runner/.gradle/.tmp/gradle_download447907072562127463bin
Downloading https://repo.maven.apache.org/maven2/io/ktor/ktor-utils/2.3.7/ktor-utils-2.3.7.module to /home/runner/.gradle/.tmp/gradle_download4208146974713027534bin
Downloading https://repo.maven.apache.org/maven2/com/typesafe/config/1.4.2/config-1.4.2.pom to /home/runner/.gradle/.tmp/gradle_download16678500112946451354bin
Resource missing. [HTTP GET: https://dl.google.com/dl/android/maven2/org/jetbrains/kotlin/kotlin-reflect/1.8.22/kotlin-reflect-1.8.22.pom]
Downloading https://repo.maven.apache.org/maven2/io/ktor/ktor-serialization/2.3.7/ktor-serialization-2.3.7.module to /home/runner/.gradle/.tmp/gradle_download6677329439967911354bin
Downloading https://repo.maven.apache.org/maven2/org/jetbrains/kotlin/kotlin-reflect/1.8.22/kotlin-reflect-1.8.22.pom to /home/runner/.gradle/.tmp/gradle_download9441036104255345240bin
Resource missing. [HTTP GET: https://dl.google.com/dl/android/maven2/io/ktor/ktor-events/2.3.7/ktor-events-2.3.7.pom]
Resource missing. [HTTP GET: https://dl.google.com/dl/android/maven2/org/fusesource/jansi/jansi/2.4.0/jansi-2.4.0.pom]
Downloading https://repo.maven.apache.org/maven2/io/ktor/ktor-events/2.3.7/ktor-events-2.3.7.pom to /home/runner/.gradle/.tmp/gradle_download12682821816473611654bin
Downloading https://repo.maven.apache.org/maven2/io/ktor/ktor-events/2.3.7/ktor-events-2.3.7.module to /home/runner/.gradle/.tmp/gradle_download16361346327452882968bin
Downloading https://repo.maven.apache.org/maven2/org/fusesource/jansi/jansi/2.4.0/jansi-2.4.0.pom to /home/runner/.gradle/.tmp/gradle_download9584637198755690884bin
Resource missing. [HTTP GET: https://dl.google.com/dl/android/maven2/org/fusesource/fusesource-pom/1.12/fusesource-pom-1.12.pom]
Downloading https://repo.maven.apache.org/maven2/org/fusesource/fusesource-pom/1.12/fusesource-pom-1.12.pom to /home/runner/.gradle/.tmp/gradle_download14787971504396246876bin
Cache entries evicted. In-memory cache of /home/runner/work/echoSystem-native2/echoSystem-native2/.gradle/8.2.1/checksums/sha1-checksums.bin: Size{400} MaxSize{400}, CacheStats{hitCount=124, missCount=849, loadSuccessCount=841, loadExceptionCount=0, totalLoadTime=188354243, evictionCount=441} 
Performance may suffer from in-memory cache misses. Increase max heap size of Gradle build process to reduce cache misses.
Resource missing. [HTTP GET: https://dl.google.com/dl/android/maven2/io/ktor/ktor-websocket-serialization/2.3.7/ktor-websocket-serialization-2.3.7.pom]
Resource missing. [HTTP GET: https://dl.google.com/dl/android/maven2/io/ktor/ktor-websockets/2.3.7/ktor-websockets-2.3.7.pom]
Downloading https://repo.maven.apache.org/maven2/io/ktor/ktor-websockets/2.3.7/ktor-websockets-2.3.7.pom to /home/runner/.gradle/.tmp/gradle_download12277630446274765789bin
Downloading https://repo.maven.apache.org/maven2/io/ktor/ktor-websocket-serialization/2.3.7/ktor-websocket-serialization-2.3.7.pom to /home/runner/.gradle/.tmp/gradle_download14859053013066218771bin
Downloading https://repo.maven.apache.org/maven2/io/ktor/ktor-websockets/2.3.7/ktor-websockets-2.3.7.module to /home/runner/.gradle/.tmp/gradle_download4966002811587190072bin
Downloading https://repo.maven.apache.org/maven2/io/ktor/ktor-websocket-serialization/2.3.7/ktor-websocket-serialization-2.3.7.module to /home/runner/.gradle/.tmp/gradle_download16616718340110358404bin
Resource missing. [HTTP GET: https://dl.google.com/dl/android/maven2/io/ktor/ktor-serialization-kotlinx/2.3.7/ktor-serialization-kotlinx-2.3.7.pom]
Downloading https://repo.maven.apache.org/maven2/io/ktor/ktor-serialization-kotlinx/2.3.7/ktor-serialization-kotlinx-2.3.7.pom to /home/runner/.gradle/.tmp/gradle_download2229490219327705239bin
Downloading https://repo.maven.apache.org/maven2/io/ktor/ktor-serialization-kotlinx/2.3.7/ktor-serialization-kotlinx-2.3.7.module to /home/runner/.gradle/.tmp/gradle_download4569678791356990740bin
Resource missing. [HTTP GET: https://dl.google.com/dl/android/maven2/io/ktor/ktor-server-conditional-headers/2.3.7/ktor-server-conditional-headers-2.3.7.pom]
Downloading https://repo.maven.apache.org/maven2/io/ktor/ktor-server-conditional-headers/2.3.7/ktor-server-conditional-headers-2.3.7.pom to /home/runner/.gradle/.tmp/gradle_download14087893026995356733bin
Downloading https://repo.maven.apache.org/maven2/io/ktor/ktor-server-conditional-headers/2.3.7/ktor-server-conditional-headers-2.3.7.module to /home/runner/.gradle/.tmp/gradle_download7165539578390962134bin
Resource missing. [HTTP GET: https://dl.google.com/dl/android/maven2/io/ktor/ktor-network-tls/2.3.7/ktor-network-tls-2.3.7.pom]
Downloading https://repo.maven.apache.org/maven2/io/ktor/ktor-network-tls/2.3.7/ktor-network-tls-2.3.7.pom to /home/runner/.gradle/.tmp/gradle_download11960622818648816675bin
Downloading https://repo.maven.apache.org/maven2/io/ktor/ktor-network-tls/2.3.7/ktor-network-tls-2.3.7.module to /home/runner/.gradle/.tmp/gradle_download18394801574306773042bin
Resource missing. [HTTP GET: https://dl.google.com/dl/android/maven2/io/ktor/ktor-client-core/2.3.7/ktor-client-core-2.3.7.pom]
Downloading https://repo.maven.apache.org/maven2/io/ktor/ktor-client-core/2.3.7/ktor-client-core-2.3.7.pom to /home/runner/.gradle/.tmp/gradle_download5180029899277905062bin
Downloading https://repo.maven.apache.org/maven2/io/ktor/ktor-client-core/2.3.7/ktor-client-core-2.3.7.module to /home/runner/.gradle/.tmp/gradle_download2818934920733989040bin
Resource missing. [HTTP GET: https://dl.google.com/dl/android/maven2/org/jetbrains/kotlin/kotlin-stdlib-common/1.9.21/kotlin-stdlib-common-1.9.21.pom]
Downloading https://repo.maven.apache.org/maven2/org/jetbrains/kotlin/kotlin-stdlib-common/1.9.21/kotlin-stdlib-common-1.9.21.pom to /home/runner/.gradle/.tmp/gradle_download1826608202621094536bin
Downloading https://repo.maven.apache.org/maven2/org/jetbrains/kotlin/kotlin-stdlib-common/1.9.21/kotlin-stdlib-common-1.9.21.module to /home/runner/.gradle/.tmp/gradle_download6881833008377855144bin
Resource missing. [HTTP GET: https://dl.google.com/dl/android/maven2/org/jetbrains/kotlinx/kotlinx-serialization-core/1.6.2/kotlinx-serialization-core-1.6.2.pom]
Downloading https://repo.maven.apache.org/maven2/org/jetbrains/kotlinx/kotlinx-serialization-core/1.6.2/kotlinx-serialization-core-1.6.2.pom to /home/runner/.gradle/.tmp/gradle_download15474066163245735384bin
Downloading https://repo.maven.apache.org/maven2/org/jetbrains/kotlinx/kotlinx-serialization-core/1.6.2/kotlinx-serialization-core-1.6.2.module to /home/runner/.gradle/.tmp/gradle_download14528880293590999339bin
Resource missing. [HTTP GET: https://dl.google.com/dl/android/maven2/org/jetbrains/kotlinx/kotlinx-coroutines-jdk8/1.7.3/kotlinx-coroutines-jdk8-1.7.3.pom]
Downloading https://repo.maven.apache.org/maven2/org/jetbrains/kotlinx/kotlinx-coroutines-jdk8/1.7.3/kotlinx-coroutines-jdk8-1.7.3.pom to /home/runner/.gradle/.tmp/gradle_download4438264618127677477bin
Downloading https://repo.maven.apache.org/maven2/org/jetbrains/kotlinx/kotlinx-coroutines-jdk8/1.7.3/kotlinx-coroutines-jdk8-1.7.3.module to /home/runner/.gradle/.tmp/gradle_download15537217668735753089bin
Resource missing. [HTTP GET: https://dl.google.com/dl/android/maven2/org/jetbrains/kotlinx/kotlinx-coroutines-core-jvm/1.7.3/kotlinx-coroutines-core-jvm-1.7.3.pom]
Downloading https://repo.maven.apache.org/maven2/org/jetbrains/kotlinx/kotlinx-coroutines-core-jvm/1.7.3/kotlinx-coroutines-core-jvm-1.7.3.pom to /home/runner/.gradle/.tmp/gradle_download16693219643782767606bin
Downloading https://repo.maven.apache.org/maven2/org/jetbrains/kotlinx/kotlinx-coroutines-core-jvm/1.7.3/kotlinx-coroutines-core-jvm-1.7.3.module to /home/runner/.gradle/.tmp/gradle_download209807605087236635bin
Downloading https://dl.google.com/dl/android/maven2/androidx/activity/activity/1.8.2/activity-1.8.2.pom to /home/runner/.gradle/.tmp/gradle_download9230390935548478666bin
Downloading https://dl.google.com/dl/android/maven2/androidx/activity/activity/1.8.2/activity-1.8.2.module to /home/runner/.gradle/.tmp/gradle_download3213388265823881139bin
Resource missing. [HTTP GET: https://dl.google.com/dl/android/maven2/org/jetbrains/kotlin/kotlin-stdlib-common/1.9.22/kotlin-stdlib-common-1.9.22.pom]
Downloading https://repo.maven.apache.org/maven2/org/jetbrains/kotlin/kotlin-stdlib-common/1.9.22/kotlin-stdlib-common-1.9.22.pom to /home/runner/.gradle/.tmp/gradle_download12215452105513168952bin
Downloading https://repo.maven.apache.org/maven2/org/jetbrains/kotlin/kotlin-stdlib-common/1.9.22/kotlin-stdlib-common-1.9.22.module to /home/runner/.gradle/.tmp/gradle_download1133705578700307387bin
Cache entries evicted. In-memory cache of /home/runner/work/echoSystem-native2/echoSystem-native2/.gradle/8.2.1/checksums/md5-checksums.bin: Size{400} MaxSize{400}, CacheStats{hitCount=11, missCount=487, loadSuccessCount=481, loadExceptionCount=0, totalLoadTime=85716453, evictionCount=81} 
Performance may suffer from in-memory cache misses. Increase max heap size of Gradle build process to reduce cache misses.
Downloading https://dl.google.com/dl/android/maven2/androidx/compose/runtime/runtime-android/1.6.0/runtime-android-1.6.0.pom to /home/runner/.gradle/.tmp/gradle_download10749326105882201670bin
Downloading https://dl.google.com/dl/android/maven2/androidx/compose/runtime/runtime-android/1.6.0/runtime-android-1.6.0.module to /home/runner/.gradle/.tmp/gradle_download5087788328358868951bin
Downloading https://dl.google.com/dl/android/maven2/androidx/compose/runtime/runtime-saveable-android/1.6.0/runtime-saveable-android-1.6.0.pom to /home/runner/.gradle/.tmp/gradle_download5597117612940034955bin
Downloading https://dl.google.com/dl/android/maven2/androidx/compose/runtime/runtime-saveable-android/1.6.0/runtime-saveable-android-1.6.0.module to /home/runner/.gradle/.tmp/gradle_download1158208661813037779bin
Downloading https://dl.google.com/dl/android/maven2/androidx/savedstate/savedstate/1.2.1/savedstate-1.2.1.pom to /home/runner/.gradle/.tmp/gradle_download10612394604396820673bin
Downloading https://dl.google.com/dl/android/maven2/androidx/savedstate/savedstate/1.2.1/savedstate-1.2.1.module to /home/runner/.gradle/.tmp/gradle_download13181741395423670895bin
Downloading https://dl.google.com/dl/android/maven2/androidx/lifecycle/lifecycle-livedata-core/2.7.0/lifecycle-livedata-core-2.7.0.pom to /home/runner/.gradle/.tmp/gradle_download12182953623374724673bin
Cache entries evicted. In-memory cache of /home/runner/work/echoSystem-native2/echoSystem-native2/.gradle/8.2.1/checksums/sha1-checksums.bin: Size{400} MaxSize{400}, CacheStats{hitCount=127, missCount=890, loadSuccessCount=881, loadExceptionCount=0, totalLoadTime=192460754, evictionCount=481} 
Performance may suffer from in-memory cache misses. Increase max heap size of Gradle build process to reduce cache misses.
Downloading https://dl.google.com/dl/android/maven2/androidx/lifecycle/lifecycle-livedata-core/2.7.0/lifecycle-livedata-core-2.7.0.module to /home/runner/.gradle/.tmp/gradle_download8416990420163467991bin
Downloading https://dl.google.com/dl/android/maven2/androidx/arch/core/core-runtime/2.2.0/core-runtime-2.2.0.pom to /home/runner/.gradle/.tmp/gradle_download702528319654296072bin
Downloading https://dl.google.com/dl/android/maven2/androidx/arch/core/core-common/2.2.0/core-common-2.2.0.pom to /home/runner/.gradle/.tmp/gradle_download4895716085886517855bin
Downloading https://dl.google.com/dl/android/maven2/androidx/profileinstaller/profileinstaller/1.3.0/profileinstaller-1.3.0.pom to /home/runner/.gradle/.tmp/gradle_download13831923327676761768bin
Downloading https://dl.google.com/dl/android/maven2/androidx/arch/core/core-common/2.2.0/core-common-2.2.0.module to /home/runner/.gradle/.tmp/gradle_download14286891208289458811bin
Downloading https://dl.google.com/dl/android/maven2/androidx/arch/core/core-runtime/2.2.0/core-runtime-2.2.0.module to /home/runner/.gradle/.tmp/gradle_download4020681244623797355bin
Downloading https://dl.google.com/dl/android/maven2/androidx/profileinstaller/profileinstaller/1.3.0/profileinstaller-1.3.0.module to /home/runner/.gradle/.tmp/gradle_download4772260948366011528bin
Downloading https://dl.google.com/dl/android/maven2/androidx/navigation/navigation-runtime/2.7.6/navigation-runtime-2.7.6.pom to /home/runner/.gradle/.tmp/gradle_download10595087284978264946bin
Downloading https://dl.google.com/dl/android/maven2/androidx/navigation/navigation-common-ktx/2.7.6/navigation-common-ktx-2.7.6.pom to /home/runner/.gradle/.tmp/gradle_download15231351491343506080bin
Downloading https://dl.google.com/dl/android/maven2/androidx/navigation/navigation-common-ktx/2.7.6/navigation-common-ktx-2.7.6.module to /home/runner/.gradle/.tmp/gradle_download4409521187261576999bin
Downloading https://dl.google.com/dl/android/maven2/androidx/navigation/navigation-runtime/2.7.6/navigation-runtime-2.7.6.module to /home/runner/.gradle/.tmp/gradle_download471644116479781065bin
Downloading https://dl.google.com/dl/android/maven2/androidx/compose/animation/animation-android/1.6.0/animation-android-1.6.0.pom to /home/runner/.gradle/.tmp/gradle_download10812030839275878956bin
Downloading https://dl.google.com/dl/android/maven2/androidx/compose/animation/animation-android/1.6.0/animation-android-1.6.0.module to /home/runner/.gradle/.tmp/gradle_download272695873423083627bin
Downloading https://dl.google.com/dl/android/maven2/androidx/compose/foundation/foundation-layout-android/1.6.0/foundation-layout-android-1.6.0.pom to /home/runner/.gradle/.tmp/gradle_download17379766816808700154bin
Downloading https://dl.google.com/dl/android/maven2/androidx/compose/foundation/foundation-layout-android/1.6.0/foundation-layout-android-1.6.0.module to /home/runner/.gradle/.tmp/gradle_download6411017644743605592bin
Downloading https://dl.google.com/dl/android/maven2/androidx/collection/collection/1.1.0/collection-1.1.0.pom to /home/runner/.gradle/.tmp/gradle_download1977772285847491474bin
Downloading https://dl.google.com/dl/android/maven2/androidx/loader/loader/1.0.0/loader-1.0.0.pom to /home/runner/.gradle/.tmp/gradle_download8464070500431050662bin
Downloading https://dl.google.com/dl/android/maven2/androidx/viewpager/viewpager/1.0.0/viewpager-1.0.0.pom to /home/runner/.gradle/.tmp/gradle_download2375851420233151009bin
Downloading https://dl.google.com/dl/android/maven2/androidx/datastore/datastore-core/1.0.0/datastore-core-1.0.0.pom to /home/runner/.gradle/.tmp/gradle_download5202932219215528273bin
Downloading https://dl.google.com/dl/android/maven2/androidx/datastore/datastore-core/1.0.0/datastore-core-1.0.0.module to /home/runner/.gradle/.tmp/gradle_download11037985588996598220bin
Cache entries evicted. In-memory cache of /home/runner/work/echoSystem-native2/echoSystem-native2/.gradle/8.2.1/checksums/sha1-checksums.bin: Size{400} MaxSize{400}, CacheStats{hitCount=127, missCount=935, loadSuccessCount=921, loadExceptionCount=0, totalLoadTime=197367684, evictionCount=521} 
Performance may suffer from in-memory cache misses. Increase max heap size of Gradle build process to reduce cache misses.
Downloading https://dl.google.com/dl/android/maven2/androidx/annotation/annotation/1.6.0/annotation-1.6.0.pom to /home/runner/.gradle/.tmp/gradle_download2616788763509676348bin
Downloading https://dl.google.com/dl/android/maven2/androidx/annotation/annotation/1.6.0/annotation-1.6.0.module to /home/runner/.gradle/.tmp/gradle_download5128635462247344090bin
Downloading https://dl.google.com/dl/android/maven2/androidx/concurrent/concurrent-futures/1.0.0/concurrent-futures-1.0.0.pom to /home/runner/.gradle/.tmp/gradle_download1673626707910252395bin
Downloading https://dl.google.com/dl/android/maven2/androidx/versionedparcelable/versionedparcelable/1.1.1/versionedparcelable-1.1.1.pom to /home/runner/.gradle/.tmp/gradle_download6464726969113008257bin
Downloading https://dl.google.com/dl/android/maven2/androidx/interpolator/interpolator/1.0.0/interpolator-1.0.0.pom to /home/runner/.gradle/.tmp/gradle_download16307078093593642360bin
Downloading https://dl.google.com/dl/android/maven2/androidx/vectordrawable/vectordrawable-animated/1.1.0/vectordrawable-animated-1.1.0.pom to /home/runner/.gradle/.tmp/gradle_download7051041978516419bin
Downloading https://dl.google.com/dl/android/maven2/androidx/vectordrawable/vectordrawable/1.1.0/vectordrawable-1.1.0.pom to /home/runner/.gradle/.tmp/gradle_download3985082900221920239bin
Downloading https://dl.google.com/dl/android/maven2/androidx/customview/customview/1.0.0/customview-1.0.0.pom to /home/runner/.gradle/.tmp/gradle_download15907720923025261723bin
Downloading https://dl.google.com/dl/android/maven2/androidx/startup/startup-runtime/1.0.0/startup-runtime-1.0.0.pom to /home/runner/.gradle/.tmp/gradle_download1369647339876332234bin
Downloading https://dl.google.com/dl/android/maven2/androidx/startup/startup-runtime/1.0.0/startup-runtime-1.0.0.module to /home/runner/.gradle/.tmp/gradle_download13163562659176695114bin
Downloading https://dl.google.com/dl/android/maven2/androidx/lifecycle/lifecycle-process/2.7.0/lifecycle-process-2.7.0.pom to /home/runner/.gradle/.tmp/gradle_download8277434047637722535bin
Downloading https://dl.google.com/dl/android/maven2/androidx/lifecycle/lifecycle-process/2.7.0/lifecycle-process-2.7.0.module to /home/runner/.gradle/.tmp/gradle_download15011223267615431198bin
Downloading https://dl.google.com/dl/android/maven2/androidx/compose/animation/animation-core-android/1.6.0/animation-core-android-1.6.0.pom to /home/runner/.gradle/.tmp/gradle_download4975733466867876306bin
Cache entries evicted. In-memory cache of /home/runner/work/echoSystem-native2/echoSystem-native2/.gradle/8.2.1/checksums/md5-checksums.bin: Size{400} MaxSize{400}, CacheStats{hitCount=13, missCount=531, loadSuccessCount=521, loadExceptionCount=0, totalLoadTime=88804797, evictionCount=121} 
Performance may suffer from in-memory cache misses. Increase max heap size of Gradle build process to reduce cache misses.
Downloading https://dl.google.com/dl/android/maven2/androidx/compose/animation/animation-core-android/1.6.0/animation-core-android-1.6.0.module to /home/runner/.gradle/.tmp/gradle_download17213783508785517696bin
Downloading https://dl.google.com/dl/android/maven2/androidx/compose/foundation/foundation-android/1.6.0/foundation-android-1.6.0.pom to /home/runner/.gradle/.tmp/gradle_download11181868479102551612bin
Downloading https://dl.google.com/dl/android/maven2/androidx/compose/foundation/foundation-android/1.6.0/foundation-android-1.6.0.module to /home/runner/.gradle/.tmp/gradle_download1807751467638805440bin
Downloading https://dl.google.com/dl/android/maven2/androidx/compose/material/material-icons-core-android/1.6.0/material-icons-core-android-1.6.0.pom to /home/runner/.gradle/.tmp/gradle_download8982568596859347492bin
Downloading https://dl.google.com/dl/android/maven2/androidx/compose/material/material-icons-core-android/1.6.0/material-icons-core-android-1.6.0.module to /home/runner/.gradle/.tmp/gradle_download6210668587503214998bin
Downloading https://dl.google.com/dl/android/maven2/androidx/compose/material/material-ripple-android/1.6.0/material-ripple-android-1.6.0.pom to /home/runner/.gradle/.tmp/gradle_download10538917850494854456bin
Downloading https://dl.google.com/dl/android/maven2/androidx/compose/material/material-ripple-android/1.6.0/material-ripple-android-1.6.0.module to /home/runner/.gradle/.tmp/gradle_download14287522147188890369bin
Cache entries evicted. In-memory cache of /home/runner/work/echoSystem-native2/echoSystem-native2/.gradle/8.2.1/checksums/sha1-checksums.bin: Size{400} MaxSize{400}, CacheStats{hitCount=127, missCount=975, loadSuccessCount=961, loadExceptionCount=0, totalLoadTime=201204655, evictionCount=561} 
Performance may suffer from in-memory cache misses. Increase max heap size of Gradle build process to reduce cache misses.
Downloading https://dl.google.com/dl/android/maven2/androidx/compose/ui/ui-text-android/1.6.0/ui-text-android-1.6.0.pom to /home/runner/.gradle/.tmp/gradle_download10043916886667148930bin
Downloading https://dl.google.com/dl/android/maven2/androidx/compose/ui/ui-text-android/1.6.0/ui-text-android-1.6.0.module to /home/runner/.gradle/.tmp/gradle_download1671519788398870811bin
Downloading https://dl.google.com/dl/android/maven2/androidx/compose/ui/ui-util-android/1.6.0/ui-util-android-1.6.0.pom to /home/runner/.gradle/.tmp/gradle_download14221300671477674051bin
Downloading https://dl.google.com/dl/android/maven2/androidx/compose/ui/ui-util-android/1.6.0/ui-util-android-1.6.0.module to /home/runner/.gradle/.tmp/gradle_download2038023183339730271bin
Downloading https://dl.google.com/dl/android/maven2/androidx/collection/collection/1.4.0/collection-1.4.0.pom to /home/runner/.gradle/.tmp/gradle_download281764424333789884bin
Downloading https://dl.google.com/dl/android/maven2/androidx/collection/collection/1.4.0/collection-1.4.0.module to /home/runner/.gradle/.tmp/gradle_download2527065279752960101bin
Downloading https://dl.google.com/dl/android/maven2/androidx/customview/customview-poolingcontainer/1.0.0/customview-poolingcontainer-1.0.0.pom to /home/runner/.gradle/.tmp/gradle_download11571703380963098724bin
Downloading https://dl.google.com/dl/android/maven2/androidx/compose/ui/ui-geometry/1.6.0/ui-geometry-1.6.0.pom to /home/runner/.gradle/.tmp/gradle_download6296087792146416267bin
Downloading https://dl.google.com/dl/android/maven2/androidx/autofill/autofill/1.0.0/autofill-1.0.0.pom to /home/runner/.gradle/.tmp/gradle_download17236958823208476818bin
Downloading https://dl.google.com/dl/android/maven2/androidx/customview/customview-poolingcontainer/1.0.0/customview-poolingcontainer-1.0.0.module to /home/runner/.gradle/.tmp/gradle_download9016684177412515623bin
Downloading https://dl.google.com/dl/android/maven2/androidx/compose/ui/ui-unit/1.6.0/ui-unit-1.6.0.pom to /home/runner/.gradle/.tmp/gradle_download3747215794201581971bin
Downloading https://dl.google.com/dl/android/maven2/androidx/compose/ui/ui-geometry/1.6.0/ui-geometry-1.6.0.module to /home/runner/.gradle/.tmp/gradle_download13058991823261722358bin
Downloading https://dl.google.com/dl/android/maven2/androidx/compose/ui/ui-unit/1.6.0/ui-unit-1.6.0.module to /home/runner/.gradle/.tmp/gradle_download18245846221586745302bin
Downloading https://dl.google.com/dl/android/maven2/androidx/annotation/annotation/1.7.0/annotation-1.7.0.pom to /home/runner/.gradle/.tmp/gradle_download9134573161714905935bin
Downloading https://dl.google.com/dl/android/maven2/androidx/annotation/annotation/1.7.0/annotation-1.7.0.module to /home/runner/.gradle/.tmp/gradle_download7315521026059158582bin
Downloading https://dl.google.com/dl/android/maven2/androidx/compose/ui/ui-tooling-data/1.6.0/ui-tooling-data-1.6.0.pom to /home/runner/.gradle/.tmp/gradle_download10238571733878465608bin
Downloading https://dl.google.com/dl/android/maven2/androidx/compose/ui/ui-tooling-data/1.6.0/ui-tooling-data-1.6.0.module to /home/runner/.gradle/.tmp/gradle_download14764599726657871982bin
Downloading https://dl.google.com/dl/android/maven2/androidx/compose/material/material/1.6.0/material-1.6.0.pom to /home/runner/.gradle/.tmp/gradle_download1050161510681278088bin
Downloading https://dl.google.com/dl/android/maven2/androidx/compose/material/material/1.6.0/material-1.6.0.module to /home/runner/.gradle/.tmp/gradle_download14126717738579991142bin
Resource missing. [HTTP GET: https://dl.google.com/dl/android/maven2/io/ktor/ktor-server-host-common-jvm/2.3.7/ktor-server-host-common-jvm-2.3.7.pom]
Downloading https://repo.maven.apache.org/maven2/io/ktor/ktor-server-host-common-jvm/2.3.7/ktor-server-host-common-jvm-2.3.7.pom to /home/runner/.gradle/.tmp/gradle_download15538998829414700056bin
Downloading https://repo.maven.apache.org/maven2/io/ktor/ktor-server-host-common-jvm/2.3.7/ktor-server-host-common-jvm-2.3.7.module to /home/runner/.gradle/.tmp/gradle_download9090055780508442442bin
Cache entries evicted. In-memory cache of /home/runner/work/echoSystem-native2/echoSystem-native2/.gradle/8.2.1/checksums/sha1-checksums.bin: Size{400} MaxSize{400}, CacheStats{hitCount=128, missCount=1020, loadSuccessCount=1001, loadExceptionCount=0, totalLoadTime=204680722, evictionCount=601} 
Performance may suffer from in-memory cache misses. Increase max heap size of Gradle build process to reduce cache misses.
Resource missing. [HTTP GET: https://dl.google.com/dl/android/maven2/io/netty/netty-buffer/4.1.101.Final/netty-buffer-4.1.101.Final.pom]
Resource missing. [HTTP GET: https://dl.google.com/dl/android/maven2/io/netty/netty-codec/4.1.101.Final/netty-codec-4.1.101.Final.pom]
Resource missing. [HTTP GET: https://dl.google.com/dl/android/maven2/io/netty/netty-common/4.1.101.Final/netty-common-4.1.101.Final.pom]
Downloading https://repo.maven.apache.org/maven2/io/netty/netty-common/4.1.101.Final/netty-common-4.1.101.Final.pom to /home/runner/.gradle/.tmp/gradle_download2258502187116640329bin
Downloading https://repo.maven.apache.org/maven2/io/netty/netty-buffer/4.1.101.Final/netty-buffer-4.1.101.Final.pom to /home/runner/.gradle/.tmp/gradle_download11983765188371583264bin
Resource missing. [HTTP GET: https://dl.google.com/dl/android/maven2/io/netty/netty-transport/4.1.101.Final/netty-transport-4.1.101.Final.pom]
Downloading https://repo.maven.apache.org/maven2/io/netty/netty-codec/4.1.101.Final/netty-codec-4.1.101.Final.pom to /home/runner/.gradle/.tmp/gradle_download8111878527920999075bin
Downloading https://repo.maven.apache.org/maven2/io/netty/netty-transport/4.1.101.Final/netty-transport-4.1.101.Final.pom to /home/runner/.gradle/.tmp/gradle_download7183089119054126977bin
Resource missing. [HTTP GET: https://dl.google.com/dl/android/maven2/io/netty/netty-handler/4.1.101.Final/netty-handler-4.1.101.Final.pom]
Resource missing. [HTTP GET: https://dl.google.com/dl/android/maven2/io/netty/netty-codec-http/4.1.101.Final/netty-codec-http-4.1.101.Final.pom]
Downloading https://repo.maven.apache.org/maven2/io/netty/netty-handler/4.1.101.Final/netty-handler-4.1.101.Final.pom to /home/runner/.gradle/.tmp/gradle_download6683853848302206726bin
Downloading https://repo.maven.apache.org/maven2/io/netty/netty-codec-http/4.1.101.Final/netty-codec-http-4.1.101.Final.pom to /home/runner/.gradle/.tmp/gradle_download7498877093295896858bin
Resource missing. [HTTP GET: https://dl.google.com/dl/android/maven2/io/netty/netty-transport-native-unix-common/4.1.101.Final/netty-transport-native-unix-common-4.1.101.Final.pom]
Resource missing. [HTTP GET: https://dl.google.com/dl/android/maven2/io/netty/netty-transport-classes-kqueue/4.1.101.Final/netty-transport-classes-kqueue-4.1.101.Final.pom]
Downloading https://repo.maven.apache.org/maven2/io/netty/netty-transport-classes-kqueue/4.1.101.Final/netty-transport-classes-kqueue-4.1.101.Final.pom to /home/runner/.gradle/.tmp/gradle_download5237501727305164200bin
Downloading https://repo.maven.apache.org/maven2/io/netty/netty-transport-native-unix-common/4.1.101.Final/netty-transport-native-unix-common-4.1.101.Final.pom to /home/runner/.gradle/.tmp/gradle_download14029459255233925469bin
Resource missing. [HTTP GET: https://dl.google.com/dl/android/maven2/io/netty/netty-transport-classes-epoll/4.1.101.Final/netty-transport-classes-epoll-4.1.101.Final.pom]
Downloading https://repo.maven.apache.org/maven2/io/netty/netty-transport-classes-epoll/4.1.101.Final/netty-transport-classes-epoll-4.1.101.Final.pom to /home/runner/.gradle/.tmp/gradle_download18216531510935771869bin
Resource missing. [HTTP GET: https://dl.google.com/dl/android/maven2/io/ktor/ktor-utils-jvm/2.3.7/ktor-utils-jvm-2.3.7.pom]
Downloading https://repo.maven.apache.org/maven2/io/ktor/ktor-utils-jvm/2.3.7/ktor-utils-jvm-2.3.7.pom to /home/runner/.gradle/.tmp/gradle_download1755550202470698071bin
Downloading https://repo.maven.apache.org/maven2/io/ktor/ktor-utils-jvm/2.3.7/ktor-utils-jvm-2.3.7.module to /home/runner/.gradle/.tmp/gradle_download10463522961714688430bin
Resource missing. [HTTP GET: https://dl.google.com/dl/android/maven2/io/ktor/ktor-http-jvm/2.3.7/ktor-http-jvm-2.3.7.pom]
Downloading https://repo.maven.apache.org/maven2/io/ktor/ktor-http-jvm/2.3.7/ktor-http-jvm-2.3.7.pom to /home/runner/.gradle/.tmp/gradle_download12692650031272816973bin
Cache entries evicted. In-memory cache of /home/runner/work/echoSystem-native2/echoSystem-native2/.gradle/8.2.1/checksums/md5-checksums.bin: Size{400} MaxSize{400}, CacheStats{hitCount=17, missCount=573, loadSuccessCount=561, loadExceptionCount=0, totalLoadTime=91139015, evictionCount=161} 
Performance may suffer from in-memory cache misses. Increase max heap size of Gradle build process to reduce cache misses.
Downloading https://repo.maven.apache.org/maven2/io/ktor/ktor-http-jvm/2.3.7/ktor-http-jvm-2.3.7.module to /home/runner/.gradle/.tmp/gradle_download16606901692884672894bin
Resource missing. [HTTP GET: https://dl.google.com/dl/android/maven2/io/ktor/ktor-serialization-jvm/2.3.7/ktor-serialization-jvm-2.3.7.pom]
Downloading https://repo.maven.apache.org/maven2/io/ktor/ktor-serialization-jvm/2.3.7/ktor-serialization-jvm-2.3.7.pom to /home/runner/.gradle/.tmp/gradle_download4251034699484419626bin
Downloading https://repo.maven.apache.org/maven2/io/ktor/ktor-serialization-jvm/2.3.7/ktor-serialization-jvm-2.3.7.module to /home/runner/.gradle/.tmp/gradle_download12178287157833892700bin
Resource missing. [HTTP GET: https://dl.google.com/dl/android/maven2/io/ktor/ktor-events-jvm/2.3.7/ktor-events-jvm-2.3.7.pom]
Downloading https://repo.maven.apache.org/maven2/io/ktor/ktor-events-jvm/2.3.7/ktor-events-jvm-2.3.7.pom to /home/runner/.gradle/.tmp/gradle_download9326577372837508735bin
Downloading https://repo.maven.apache.org/maven2/io/ktor/ktor-events-jvm/2.3.7/ktor-events-jvm-2.3.7.module to /home/runner/.gradle/.tmp/gradle_download11032687159811981877bin
Resource missing. [HTTP GET: https://dl.google.com/dl/android/maven2/io/ktor/ktor-websockets-jvm/2.3.7/ktor-websockets-jvm-2.3.7.pom]
Downloading https://repo.maven.apache.org/maven2/io/ktor/ktor-websockets-jvm/2.3.7/ktor-websockets-jvm-2.3.7.pom to /home/runner/.gradle/.tmp/gradle_download11455244830371298913bin
Downloading https://repo.maven.apache.org/maven2/io/ktor/ktor-websockets-jvm/2.3.7/ktor-websockets-jvm-2.3.7.module to /home/runner/.gradle/.tmp/gradle_download11971323771231841817bin
Resource missing. [HTTP GET: https://dl.google.com/dl/android/maven2/io/ktor/ktor-websocket-serialization-jvm/2.3.7/ktor-websocket-serialization-jvm-2.3.7.pom]
Downloading https://repo.maven.apache.org/maven2/io/ktor/ktor-websocket-serialization-jvm/2.3.7/ktor-websocket-serialization-jvm-2.3.7.pom to /home/runner/.gradle/.tmp/gradle_download10737266653390915051bin
Downloading https://repo.maven.apache.org/maven2/io/ktor/ktor-websocket-serialization-jvm/2.3.7/ktor-websocket-serialization-jvm-2.3.7.module to /home/runner/.gradle/.tmp/gradle_download6493880967676455662bin
Resource missing. [HTTP GET: https://dl.google.com/dl/android/maven2/io/ktor/ktor-serialization-kotlinx-jvm/2.3.7/ktor-serialization-kotlinx-jvm-2.3.7.pom]
Downloading https://repo.maven.apache.org/maven2/io/ktor/ktor-serialization-kotlinx-jvm/2.3.7/ktor-serialization-kotlinx-jvm-2.3.7.pom to /home/runner/.gradle/.tmp/gradle_download9250655145852410495bin
Downloading https://repo.maven.apache.org/maven2/io/ktor/ktor-serialization-kotlinx-jvm/2.3.7/ktor-serialization-kotlinx-jvm-2.3.7.module to /home/runner/.gradle/.tmp/gradle_download12334162601600457702bin
Resource missing. [HTTP GET: https://dl.google.com/dl/android/maven2/io/ktor/ktor-server-conditional-headers-jvm/2.3.7/ktor-server-conditional-headers-jvm-2.3.7.pom]
Downloading https://repo.maven.apache.org/maven2/io/ktor/ktor-server-conditional-headers-jvm/2.3.7/ktor-server-conditional-headers-jvm-2.3.7.pom to /home/runner/.gradle/.tmp/gradle_download6885518844502892867bin
Downloading https://repo.maven.apache.org/maven2/io/ktor/ktor-server-conditional-headers-jvm/2.3.7/ktor-server-conditional-headers-jvm-2.3.7.module to /home/runner/.gradle/.tmp/gradle_download5186376426499497587bin
Resource missing. [HTTP GET: https://dl.google.com/dl/android/maven2/io/ktor/ktor-network-tls-jvm/2.3.7/ktor-network-tls-jvm-2.3.7.pom]
Downloading https://repo.maven.apache.org/maven2/io/ktor/ktor-network-tls-jvm/2.3.7/ktor-network-tls-jvm-2.3.7.pom to /home/runner/.gradle/.tmp/gradle_download12217862192752807827bin
Downloading https://repo.maven.apache.org/maven2/io/ktor/ktor-network-tls-jvm/2.3.7/ktor-network-tls-jvm-2.3.7.module to /home/runner/.gradle/.tmp/gradle_download5143292084060252617bin
Resource missing. [HTTP GET: https://dl.google.com/dl/android/maven2/io/ktor/ktor-client-core-jvm/2.3.7/ktor-client-core-jvm-2.3.7.pom]
Downloading https://repo.maven.apache.org/maven2/io/ktor/ktor-client-core-jvm/2.3.7/ktor-client-core-jvm-2.3.7.pom to /home/runner/.gradle/.tmp/gradle_download17778292054653355989bin
Downloading https://repo.maven.apache.org/maven2/io/ktor/ktor-client-core-jvm/2.3.7/ktor-client-core-jvm-2.3.7.module to /home/runner/.gradle/.tmp/gradle_download2464695311482366249bin
Resource missing. [HTTP GET: https://dl.google.com/dl/android/maven2/org/jetbrains/kotlinx/kotlinx-serialization-core-jvm/1.6.2/kotlinx-serialization-core-jvm-1.6.2.pom]
Downloading https://repo.maven.apache.org/maven2/org/jetbrains/kotlinx/kotlinx-serialization-core-jvm/1.6.2/kotlinx-serialization-core-jvm-1.6.2.pom to /home/runner/.gradle/.tmp/gradle_download5016523081075703609bin
Downloading https://repo.maven.apache.org/maven2/org/jetbrains/kotlinx/kotlinx-serialization-core-jvm/1.6.2/kotlinx-serialization-core-jvm-1.6.2.module to /home/runner/.gradle/.tmp/gradle_download1659276954379507869bin
Resource missing. [HTTP GET: https://dl.google.com/dl/android/maven2/org/jetbrains/annotations/23.0.0/annotations-23.0.0.pom]
Downloading https://repo.maven.apache.org/maven2/org/jetbrains/annotations/23.0.0/annotations-23.0.0.pom to /home/runner/.gradle/.tmp/gradle_download8144086378347019411bin
Downloading https://dl.google.com/dl/android/maven2/androidx/tracing/tracing/1.0.0/tracing-1.0.0.pom to /home/runner/.gradle/.tmp/gradle_download13471845866895127376bin
Downloading https://dl.google.com/dl/android/maven2/androidx/tracing/tracing/1.0.0/tracing-1.0.0.module to /home/runner/.gradle/.tmp/gradle_download3161164695479903329bin
Downloading https://dl.google.com/dl/android/maven2/androidx/concurrent/concurrent-futures/1.1.0/concurrent-futures-1.1.0.pom to /home/runner/.gradle/.tmp/gradle_download8527156240856640289bin
Downloading https://dl.google.com/dl/android/maven2/androidx/concurrent/concurrent-futures/1.1.0/concurrent-futures-1.1.0.module to /home/runner/.gradle/.tmp/gradle_download11875205133271524961bin
Cache entries evicted. In-memory cache of /home/runner/work/echoSystem-native2/echoSystem-native2/.gradle/8.2.1/checksums/sha1-checksums.bin: Size{400} MaxSize{400}, CacheStats{hitCount=147, missCount=1060, loadSuccessCount=1041, loadExceptionCount=0, totalLoadTime=208235144, evictionCount=641} 
Performance may suffer from in-memory cache misses. Increase max heap size of Gradle build process to reduce cache misses.
Downloading https://dl.google.com/dl/android/maven2/androidx/startup/startup-runtime/1.1.1/startup-runtime-1.1.1.pom to /home/runner/.gradle/.tmp/gradle_download3131233341452230503bin
Downloading https://dl.google.com/dl/android/maven2/androidx/startup/startup-runtime/1.1.1/startup-runtime-1.1.1.module to /home/runner/.gradle/.tmp/gradle_download15678201696461558541bin
Resource missing. [HTTP GET: https://dl.google.com/dl/android/maven2/com/google/guava/listenablefuture/1.0/listenablefuture-1.0.pom]
Downloading https://repo.maven.apache.org/maven2/com/google/guava/listenablefuture/1.0/listenablefuture-1.0.pom to /home/runner/.gradle/.tmp/gradle_download1506880942928953079bin
Downloading https://dl.google.com/dl/android/maven2/androidx/navigation/navigation-common/2.7.6/navigation-common-2.7.6.pom to /home/runner/.gradle/.tmp/gradle_download50060157391203063bin
Downloading https://dl.google.com/dl/android/maven2/androidx/navigation/navigation-common/2.7.6/navigation-common-2.7.6.module to /home/runner/.gradle/.tmp/gradle_download16030112531199550975bin
Downloading https://dl.google.com/dl/android/maven2/androidx/lifecycle/lifecycle-livedata/2.7.0/lifecycle-livedata-2.7.0.pom to /home/runner/.gradle/.tmp/gradle_download12227128749014797693bin
Downloading https://dl.google.com/dl/android/maven2/androidx/lifecycle/lifecycle-livedata/2.7.0/lifecycle-livedata-2.7.0.module to /home/runner/.gradle/.tmp/gradle_download8396549518313529705bin
Downloading https://dl.google.com/dl/android/maven2/androidx/emoji2/emoji2/1.3.0/emoji2-1.3.0.pom to /home/runner/.gradle/.tmp/gradle_download15573308331778196744bin
Downloading https://dl.google.com/dl/android/maven2/androidx/emoji2/emoji2/1.3.0/emoji2-1.3.0.module to /home/runner/.gradle/.tmp/gradle_download304374134876532299bin
Downloading https://dl.google.com/dl/android/maven2/androidx/collection/collection-jvm/1.4.0/collection-jvm-1.4.0.pom to /home/runner/.gradle/.tmp/gradle_download6659152355127834345bin
Downloading https://dl.google.com/dl/android/maven2/androidx/collection/collection-jvm/1.4.0/collection-jvm-1.4.0.module to /home/runner/.gradle/.tmp/gradle_download12259436816294677901bin
Downloading https://dl.google.com/dl/android/maven2/androidx/compose/ui/ui-geometry-android/1.6.0/ui-geometry-android-1.6.0.pom to /home/runner/.gradle/.tmp/gradle_download7399213765009039116bin
Downloading https://dl.google.com/dl/android/maven2/androidx/compose/ui/ui-geometry-android/1.6.0/ui-geometry-android-1.6.0.module to /home/runner/.gradle/.tmp/gradle_download18233416327293950129bin
Downloading https://dl.google.com/dl/android/maven2/androidx/compose/ui/ui-unit-android/1.6.0/ui-unit-android-1.6.0.pom to /home/runner/.gradle/.tmp/gradle_download10821817467696007514bin
Downloading https://dl.google.com/dl/android/maven2/androidx/compose/ui/ui-unit-android/1.6.0/ui-unit-android-1.6.0.module to /home/runner/.gradle/.tmp/gradle_download3367550188713851623bin
Downloading https://dl.google.com/dl/android/maven2/androidx/annotation/annotation-jvm/1.7.0/annotation-jvm-1.7.0.pom to /home/runner/.gradle/.tmp/gradle_download18417560953764548185bin
Cache entries evicted. In-memory cache of /home/runner/work/echoSystem-native2/echoSystem-native2/.gradle/8.2.1/checksums/md5-checksums.bin: Size{400} MaxSize{400}, CacheStats{hitCount=19, missCount=613, loadSuccessCount=601, loadExceptionCount=0, totalLoadTime=93421793, evictionCount=201} 
Performance may suffer from in-memory cache misses. Increase max heap size of Gradle build process to reduce cache misses.
Downloading https://dl.google.com/dl/android/maven2/androidx/annotation/annotation-jvm/1.7.0/annotation-jvm-1.7.0.module to /home/runner/.gradle/.tmp/gradle_download2214856715994535491bin
Downloading https://dl.google.com/dl/android/maven2/androidx/compose/ui/ui-tooling-data-android/1.6.0/ui-tooling-data-android-1.6.0.pom to /home/runner/.gradle/.tmp/gradle_download3772387836123824854bin
Downloading https://dl.google.com/dl/android/maven2/androidx/compose/ui/ui-tooling-data-android/1.6.0/ui-tooling-data-android-1.6.0.module to /home/runner/.gradle/.tmp/gradle_download14527806982833364288bin
Downloading https://dl.google.com/dl/android/maven2/androidx/compose/material/material-android/1.6.0/material-android-1.6.0.pom to /home/runner/.gradle/.tmp/gradle_download9502121820594318269bin
Cache entries evicted. In-memory cache of /home/runner/work/echoSystem-native2/echoSystem-native2/.gradle/8.2.1/checksums/sha1-checksums.bin: Size{400} MaxSize{400}, CacheStats{hitCount=148, missCount=1102, loadSuccessCount=1081, loadExceptionCount=0, totalLoadTime=212025853, evictionCount=681} 
Performance may suffer from in-memory cache misses. Increase max heap size of Gradle build process to reduce cache misses.
Downloading https://dl.google.com/dl/android/maven2/androidx/compose/material/material-android/1.6.0/material-android-1.6.0.module to /home/runner/.gradle/.tmp/gradle_download6814350511095685988bin
Resource missing. [HTTP GET: https://dl.google.com/dl/android/maven2/io/ktor/ktor-http-cio/2.3.7/ktor-http-cio-2.3.7.pom]
Downloading https://repo.maven.apache.org/maven2/io/ktor/ktor-http-cio/2.3.7/ktor-http-cio-2.3.7.pom to /home/runner/.gradle/.tmp/gradle_download4072068489717426400bin
Downloading https://repo.maven.apache.org/maven2/io/ktor/ktor-http-cio/2.3.7/ktor-http-cio-2.3.7.module to /home/runner/.gradle/.tmp/gradle_download6171144602793459350bin
Resource missing. [HTTP GET: https://dl.google.com/dl/android/maven2/io/netty/netty-resolver/4.1.101.Final/netty-resolver-4.1.101.Final.pom]
Downloading https://repo.maven.apache.org/maven2/io/netty/netty-resolver/4.1.101.Final/netty-resolver-4.1.101.Final.pom to /home/runner/.gradle/.tmp/gradle_download12177557477929259877bin
Resource missing. [HTTP GET: https://dl.google.com/dl/android/maven2/io/ktor/ktor-io/2.3.7/ktor-io-2.3.7.pom]
Downloading https://repo.maven.apache.org/maven2/io/ktor/ktor-io/2.3.7/ktor-io-2.3.7.pom to /home/runner/.gradle/.tmp/gradle_download3876523701409273473bin
Downloading https://repo.maven.apache.org/maven2/io/ktor/ktor-io/2.3.7/ktor-io-2.3.7.module to /home/runner/.gradle/.tmp/gradle_download4067274599589017257bin
Resource missing. [HTTP GET: https://dl.google.com/dl/android/maven2/io/ktor/ktor-network/2.3.7/ktor-network-2.3.7.pom]
Downloading https://repo.maven.apache.org/maven2/io/ktor/ktor-network/2.3.7/ktor-network-2.3.7.pom to /home/runner/.gradle/.tmp/gradle_download14661850526569307415bin
Downloading https://repo.maven.apache.org/maven2/io/ktor/ktor-network/2.3.7/ktor-network-2.3.7.module to /home/runner/.gradle/.tmp/gradle_download13729238644210369810bin
Resource missing. [HTTP GET: https://dl.google.com/dl/android/maven2/org/jetbrains/kotlinx/kotlinx-coroutines-slf4j/1.7.3/kotlinx-coroutines-slf4j-1.7.3.pom]
Downloading https://repo.maven.apache.org/maven2/org/jetbrains/kotlinx/kotlinx-coroutines-slf4j/1.7.3/kotlinx-coroutines-slf4j-1.7.3.pom to /home/runner/.gradle/.tmp/gradle_download3443391346284191366bin
Downloading https://repo.maven.apache.org/maven2/org/jetbrains/kotlinx/kotlinx-coroutines-slf4j/1.7.3/kotlinx-coroutines-slf4j-1.7.3.module to /home/runner/.gradle/.tmp/gradle_download8296467872599202510bin
Downloading https://dl.google.com/dl/android/maven2/androidx/collection/collection-ktx/1.1.0/collection-ktx-1.1.0.pom to /home/runner/.gradle/.tmp/gradle_download6608584348504929559bin
Downloading https://dl.google.com/dl/android/maven2/androidx/lifecycle/lifecycle-livedata-core-ktx/2.7.0/lifecycle-livedata-core-ktx-2.7.0.pom to /home/runner/.gradle/.tmp/gradle_download7985208737057340692bin
Downloading https://dl.google.com/dl/android/maven2/androidx/lifecycle/lifecycle-livedata-core-ktx/2.7.0/lifecycle-livedata-core-ktx-2.7.0.module to /home/runner/.gradle/.tmp/gradle_download5163766003917975294bin
Downloading https://dl.google.com/dl/android/maven2/androidx/emoji2/emoji2-views-helper/1.3.0/emoji2-views-helper-1.3.0.pom to /home/runner/.gradle/.tmp/gradle_download14156078682403095853bin
Downloading https://dl.google.com/dl/android/maven2/androidx/emoji2/emoji2-views-helper/1.3.0/emoji2-views-helper-1.3.0.module to /home/runner/.gradle/.tmp/gradle_download2560226199524730517bin
Downloading https://dl.google.com/dl/android/maven2/androidx/collection/collection-ktx/1.4.0/collection-ktx-1.4.0.pom to /home/runner/.gradle/.tmp/gradle_download4230333197558513950bin
Downloading https://dl.google.com/dl/android/maven2/androidx/collection/collection-ktx/1.4.0/collection-ktx-1.4.0.module to /home/runner/.gradle/.tmp/gradle_download2655281216631471679bin
Resource missing. [HTTP GET: https://dl.google.com/dl/android/maven2/io/ktor/ktor-http-cio-jvm/2.3.7/ktor-http-cio-jvm-2.3.7.pom]
Downloading https://repo.maven.apache.org/maven2/io/ktor/ktor-http-cio-jvm/2.3.7/ktor-http-cio-jvm-2.3.7.pom to /home/runner/.gradle/.tmp/gradle_download4636181056025713594bin
Downloading https://repo.maven.apache.org/maven2/io/ktor/ktor-http-cio-jvm/2.3.7/ktor-http-cio-jvm-2.3.7.module to /home/runner/.gradle/.tmp/gradle_download12347915260104470452bin
Resource missing. [HTTP GET: https://dl.google.com/dl/android/maven2/io/ktor/ktor-io-jvm/2.3.7/ktor-io-jvm-2.3.7.pom]
Downloading https://repo.maven.apache.org/maven2/io/ktor/ktor-io-jvm/2.3.7/ktor-io-jvm-2.3.7.pom to /home/runner/.gradle/.tmp/gradle_download11973698631303671093bin
Downloading https://repo.maven.apache.org/maven2/io/ktor/ktor-io-jvm/2.3.7/ktor-io-jvm-2.3.7.module to /home/runner/.gradle/.tmp/gradle_download10231258446674788480bin
Resource missing. [HTTP GET: https://dl.google.com/dl/android/maven2/io/ktor/ktor-network-jvm/2.3.7/ktor-network-jvm-2.3.7.pom]
Downloading https://repo.maven.apache.org/maven2/io/ktor/ktor-network-jvm/2.3.7/ktor-network-jvm-2.3.7.pom to /home/runner/.gradle/.tmp/gradle_download15253182821826547350bin
Downloading https://repo.maven.apache.org/maven2/io/ktor/ktor-network-jvm/2.3.7/ktor-network-jvm-2.3.7.module to /home/runner/.gradle/.tmp/gradle_download495139035590315669bin

> Task :app:checkDebugAarMetadata FAILED
gradle/actions: Writing build results to /home/runner/work/_temp/.gradle-actions/build-results/__run_4-1779271676449.json
3 actionable tasks: 3 executed
